*** EVALUATION ***
PROGRAM "TM3.elf"

*********************************************************************************************
TARGET SECTION
---------------------------------------------------------------------------------------------
Processor   : Freescale S12Z
Memory Model: SMALL
File Format : ELF\DWARF 2.0
Linker      : SmartLinker V-5.0.55 Build 19351, Dec 18 2019

*********************************************************************************************
FILE SECTION
---------------------------------------------------------------------------------------------
lin_cfg_c.obj                           Model: SMALL,         Lang: ANSI-C,        Compiler Version: C/C++ Compiler for S12/L-ISA v-5.0.47 build 19351
Events_c.obj                            Model: SMALL,         Lang: ANSI-C,        Compiler Version: C/C++ Compiler for S12/L-ISA v-5.0.47 build 19351
main_c.obj                              Model: SMALL,         Lang: ANSI-C,        Compiler Version: C/C++ Compiler for S12/L-ISA v-5.0.47 build 19351
sensores_c.obj                          Model: SMALL,         Lang: ANSI-C,        Compiler Version: C/C++ Compiler for S12/L-ISA v-5.0.47 build 19351
starts12z_c.obj                         Model: SMALL,         Lang: ANSI-C,        Compiler Version: C/C++ Compiler for S12/L-ISA v-5.0.47 build 19351
lin_commontl_proto_c.obj                Model: SMALL,         Lang: ANSI-C,        Compiler Version: C/C++ Compiler for S12/L-ISA v-5.0.47 build 19351
lin_c.obj                               Model: SMALL,         Lang: ANSI-C,        Compiler Version: C/C++ Compiler for S12/L-ISA v-5.0.47 build 19351
lin_diagnostic_service_c.obj            Model: SMALL,         Lang: ANSI-C,        Compiler Version: C/C++ Compiler for S12/L-ISA v-5.0.47 build 19351
lin_common_api_c.obj                    Model: SMALL,         Lang: ANSI-C,        Compiler Version: C/C++ Compiler for S12/L-ISA v-5.0.47 build 19351
lin_common_proto_c.obj                  Model: SMALL,         Lang: ANSI-C,        Compiler Version: C/C++ Compiler for S12/L-ISA v-5.0.47 build 19351
lin_lin21_proto_c.obj                   Model: SMALL,         Lang: ANSI-C,        Compiler Version: C/C++ Compiler for S12/L-ISA v-5.0.47 build 19351
lin_isr_c.obj                           Model: SMALL,         Lang: ANSI-C,        Compiler Version: C/C++ Compiler for S12/L-ISA v-5.0.47 build 19351
lin_lld_sci_c.obj                       Model: SMALL,         Lang: ANSI-C,        Compiler Version: C/C++ Compiler for S12/L-ISA v-5.0.47 build 19351
lin_lld_timesrv_c.obj                   Model: SMALL,         Lang: ANSI-C,        Compiler Version: C/C++ Compiler for S12/L-ISA v-5.0.47 build 19351
ClockPin2_c.obj                         Model: SMALL,         Lang: ANSI-C,        Compiler Version: C/C++ Compiler for S12/L-ISA v-5.0.47 build 19351
Cpu_c.obj                               Model: SMALL,         Lang: ANSI-C,        Compiler Version: C/C++ Compiler for S12/L-ISA v-5.0.47 build 19351
DataPin2_c.obj                          Model: SMALL,         Lang: ANSI-C,        Compiler Version: C/C++ Compiler for S12/L-ISA v-5.0.47 build 19351
EI2C1_c.obj                             Model: SMALL,         Lang: ANSI-C,        Compiler Version: C/C++ Compiler for S12/L-ISA v-5.0.47 build 19351
EI2C2_c.obj                             Model: SMALL,         Lang: ANSI-C,        Compiler Version: C/C++ Compiler for S12/L-ISA v-5.0.47 build 19351
IO_Map_c.obj                            Model: SMALL,         Lang: ANSI-C,        Compiler Version: C/C++ Compiler for S12/L-ISA v-5.0.47 build 19351
LINPHY0_c.obj                           Model: SMALL,         Lang: ANSI-C,        Compiler Version: C/C++ Compiler for S12/L-ISA v-5.0.47 build 19351
TI1_c.obj                               Model: SMALL,         Lang: ANSI-C,        Compiler Version: C/C++ Compiler for S12/L-ISA v-5.0.47 build 19351
Vectors_c.obj                           Model: SMALL,         Lang: ANSI-C,        Compiler Version: C/C++ Compiler for S12/L-ISA v-5.0.47 build 19351

*********************************************************************************************
STARTUP SECTION
---------------------------------------------------------------------------------------------
Entry point: 0xFFC165 (_EntryPoint)
_startupData is allocated at 0xFFC1C3 and uses 20 Bytes
extern struct _tagStartup {
  unsigned nofZeroOut     1
  _Range   pZeroOut       0x1000     210
  _Copy    *toCopyDownBeg 0xFFEF07
  int      nofInitBodies  0
  _Cpp     *initBodies    0xFFC1DE
  int      nofFiniBodies  0
  _Cpp     *finiBodies    0xFFC1DE
} _startupData;

*********************************************************************************************
SECTION-ALLOCATION SECTION
Section Name                    Size  Type     From       To       Segment
---------------------------------------------------------------------------------------------
.init                            451     R   0xFFC000   0xFFC1C2   ROM
.startData                        27     R   0xFFC1C3   0xFFC1DD   ROM
.rodata                          371     R   0xFFC1DE   0xFFC350   ROM
NON_BANKED                        19     R   0xFFC351   0xFFC363   ROM
.text                          11051     R   0xFFC364   0xFFEE8E   ROM
.copy                            100     R   0xFFEF07   0xFFEF6A   ROM
.data                            107   R/W     0x1000     0x106A   RAM
.__absdata_ADC0RBP__               3   N/I      0x621      0x623   .absSeg0
.__absdata_ADC0CBP__               3   N/I      0x61D      0x61F   .absSeg1
.__absdata_ECCDPTR__               3   N/I      0x3C7      0x3C9   .absSeg2
.__absdata_DBGDA__                 3   N/I      0x145      0x147   .absSeg3
.__absdata_DBGBA__                 3   N/I      0x125      0x127   .absSeg4
.__absdata_DBGAA__                 3   N/I      0x115      0x117   .absSeg5
.__absdata_MMCPC__                 3   N/I       0x85       0x87   .absSeg6
.__absdata__ADC0CMD__              4   N/I      0x614      0x617   .absSeg7
.__absdata__PARTID__               4   N/I        0x0        0x3   .absSeg8
.__absdata__SPI0DR__               2   N/I      0x784      0x785   .absSeg9
.__absdata__SCI1BD__               2   N/I      0x710      0x711   .absSeg10
.__absdata__SCI0BD__               2   N/I      0x700      0x701   .absSeg11
.__absdata__CPMUIRCTRIM__          2   N/I      0x6D8      0x6D9   .absSeg12
.__absdata__CPMUAPIR__             2   N/I      0x6D4      0x6D5   .absSeg13
.__absdata__ADC0IMDRI__            2   N/I      0x60E      0x60F   .absSeg14
.__absdata__ADC0CONIF__            2   N/I      0x60C      0x60D   .absSeg15
.__absdata__ADC0CONIE__            2   N/I      0x60A      0x60B   .absSeg16
.__absdata__ADC0CTL__              2   N/I      0x600      0x601   .absSeg17
.__absdata__TIM0TC5__              2   N/I      0x5DA      0x5DB   .absSeg18
.__absdata__TIM0TC4__              2   N/I      0x5D8      0x5D9   .absSeg19
.__absdata__TIM0TC3__              2   N/I      0x5D6      0x5D7   .absSeg20
.__absdata__TIM0TC2__              2   N/I      0x5D4      0x5D5   .absSeg21
.__absdata__TIM0TC1__              2   N/I      0x5D2      0x5D3   .absSeg22
.__absdata__TIM0TC0__              2   N/I      0x5D0      0x5D1   .absSeg23
.__absdata__TIM0TCNT__             2   N/I      0x5C4      0x5C5   .absSeg24
.__absdata__PWMDTY67__             2   N/I      0x4A2      0x4A3   .absSeg25
.__absdata__PWMDTY45__             2   N/I      0x4A0      0x4A1   .absSeg26
.__absdata__PWMDTY23__             2   N/I      0x49E      0x49F   .absSeg27
.__absdata__PWMDTY01__             2   N/I      0x49C      0x49D   .absSeg28
.__absdata__PWMPER67__             2   N/I      0x49A      0x49B   .absSeg29
.__absdata__PWMPER45__             2   N/I      0x498      0x499   .absSeg30
.__absdata__PWMPER23__             2   N/I      0x496      0x497   .absSeg31
.__absdata__PWMPER01__             2   N/I      0x494      0x495   .absSeg32
.__absdata__PWMCNT67__             2   N/I      0x492      0x493   .absSeg33
.__absdata__PWMCNT45__             2   N/I      0x490      0x491   .absSeg34
.__absdata__PWMCNT23__             2   N/I      0x48E      0x48F   .absSeg35
.__absdata__PWMCNT01__             2   N/I      0x48C      0x48D   .absSeg36
.__absdata__TIM1TC1__              2   N/I      0x412      0x413   .absSeg37
.__absdata__TIM1TC0__              2   N/I      0x410      0x411   .absSeg38
.__absdata__TIM1TCNT__             2   N/I      0x404      0x405   .absSeg39
.__absdata__ECCDD__                2   N/I      0x3CC      0x3CD   .absSeg40
.__absdata__FCCOB5__               2   N/I      0x396      0x397   .absSeg41
.__absdata__FCCOB4__               2   N/I      0x394      0x395   .absSeg42
.__absdata__FCCOB3__               2   N/I      0x392      0x393   .absSeg43
.__absdata__FCCOB2__               2   N/I      0x390      0x391   .absSeg44
.__absdata__FCCOB1__               2   N/I      0x38E      0x38F   .absSeg45
.__absdata__FCCOB0__               2   N/I      0x38C      0x38D   .absSeg46
.__absdata__DIENAD__               2   N/I      0x298      0x299   .absSeg47
.__absdata__PIFAD__                2   N/I      0x28E      0x28F   .absSeg48
.__absdata__PIEAD__                2   N/I      0x28C      0x28D   .absSeg49
.__absdata__PPSAD__                2   N/I      0x288      0x289   .absSeg50
.__absdata__PERAD__                2   N/I      0x286      0x287   .absSeg51
.__absdata__DDRAD__                2   N/I      0x284      0x285   .absSeg52
.__absdata__PTIAD__                2   N/I      0x282      0x283   .absSeg53
.__absdata__PTAD__                 2   N/I      0x280      0x281   .absSeg54
.__absdata__MMCCCR__               2   N/I       0x82       0x83   .absSeg55
.__absdata__MMCEC__                2   N/I       0x80       0x81   .absSeg56
.__absdata__IVBR__                 2   N/I       0x10       0x11   .absSeg57
.__absdata__LP0IF__                1   N/I      0x987      0x987   .absSeg58
.__absdata__LP0IE__                1   N/I      0x986      0x986   .absSeg59
.__absdata__LP0SR__                1   N/I      0x985      0x985   .absSeg60
.__absdata__LP0SLRM__              1   N/I      0x983      0x983   .absSeg61
.__absdata__LP0CR__                1   N/I      0x981      0x981   .absSeg62
.__absdata__LP0DR__                1   N/I      0x980      0x980   .absSeg63
.__absdata__IIC0IBCR2__            1   N/I      0x7C5      0x7C5   .absSeg64
.__absdata__IIC0IBDR__             1   N/I      0x7C4      0x7C4   .absSeg65
.__absdata__IIC0IBSR__             1   N/I      0x7C3      0x7C3   .absSeg66
.__absdata__IIC0IBCR__             1   N/I      0x7C2      0x7C2   .absSeg67
.__absdata__IIC0IBFD__             1   N/I      0x7C1      0x7C1   .absSeg68
.__absdata__IIC0IBAD__             1   N/I      0x7C0      0x7C0   .absSeg69
.__absdata__SPI0SR__               1   N/I      0x783      0x783   .absSeg70
.__absdata__SPI0BR__               1   N/I      0x782      0x782   .absSeg71
.__absdata__SPI0CR2__              1   N/I      0x781      0x781   .absSeg72
.__absdata__SPI0CR1__              1   N/I      0x780      0x780   .absSeg73
.__absdata__SCI1DRL__              1   N/I      0x717      0x717   .absSeg74
.__absdata__SCI1DRH__              1   N/I      0x716      0x716   .absSeg75
.__absdata__SCI1SR2__              1   N/I      0x715      0x715   .absSeg76
.__absdata__SCI1SR1__              1   N/I      0x714      0x714   .absSeg77
.__absdata__SCI1CR2__              1   N/I      0x713      0x713   .absSeg78
.__absdata__SCI1ACR2__             1   N/I      0x712      0x712   .absSeg79
.__absdata__SCI0DRL__              1   N/I      0x707      0x707   .absSeg80
.__absdata__SCI0DRH__              1   N/I      0x706      0x706   .absSeg81
.__absdata__SCI0SR2__              1   N/I      0x705      0x705   .absSeg82
.__absdata__SCI0SR1__              1   N/I      0x704      0x704   .absSeg83
.__absdata__SCI0CR2__              1   N/I      0x703      0x703   .absSeg84
.__absdata__SCI0ACR2__             1   N/I      0x702      0x702   .absSeg85
.__absdata__BATIF__                1   N/I      0x6F3      0x6F3   .absSeg86
.__absdata__BATIE__                1   N/I      0x6F2      0x6F2   .absSeg87
.__absdata__BATSR__                1   N/I      0x6F1      0x6F1   .absSeg88
.__absdata__BATE__                 1   N/I      0x6F0      0x6F0   .absSeg89
.__absdata__CPMUOSC2__             1   N/I      0x6DE      0x6DE   .absSeg90
.__absdata__CPMUVREGCTL__          1   N/I      0x6DD      0x6DD   .absSeg91
.__absdata__CPMUPROT__             1   N/I      0x6DB      0x6DB   .absSeg92
.__absdata__CPMUOSC__              1   N/I      0x6DA      0x6DA   .absSeg93
.__absdata__CPMUHTTR__             1   N/I      0x6D7      0x6D7   .absSeg94
.__absdata__CPMUACLKTR__           1   N/I      0x6D3      0x6D3   .absSeg95
.__absdata__CPMUAPICTL__           1   N/I      0x6D2      0x6D2   .absSeg96
.__absdata__CPMULVCTL__            1   N/I      0x6D1      0x6D1   .absSeg97
.__absdata__CPMUHTCTL__            1   N/I      0x6D0      0x6D0   .absSeg98
.__absdata__CPMUARMCOP__           1   N/I      0x6CF      0x6CF   .absSeg99
.__absdata__CPMUCOP__              1   N/I      0x6CC      0x6CC   .absSeg100
.__absdata__CPMURTI__              1   N/I      0x6CB      0x6CB   .absSeg101
.__absdata__CPMUPLL__              1   N/I      0x6CA      0x6CA   .absSeg102
.__absdata__CPMUCLKS__             1   N/I      0x6C9      0x6C9   .absSeg103
.__absdata__CPMUINT__              1   N/I      0x6C8      0x6C8   .absSeg104
.__absdata__CPMUIFLG__             1   N/I      0x6C7      0x6C7   .absSeg105
.__absdata__CPMUPOSTDIV__          1   N/I      0x6C6      0x6C6   .absSeg106
.__absdata__CPMUREFDIV__           1   N/I      0x6C5      0x6C5   .absSeg107
.__absdata__CPMUSYNR__             1   N/I      0x6C4      0x6C4   .absSeg108
.__absdata__CPMURFLG__             1   N/I      0x6C3      0x6C3   .absSeg109
.__absdata__ADC0CROFF1__           1   N/I      0x625      0x625   .absSeg110
.__absdata__ADC0CROFF0__           1   N/I      0x624      0x624   .absSeg111
.__absdata__ADC0RBP_2__            1   N/I      0x623      0x623   .absSeg112
.__absdata__ADC0RBP_1__            1   N/I      0x622      0x622   .absSeg113
.__absdata__ADC0RBP_0__            1   N/I      0x621      0x621   .absSeg114
.__absdata__ADC0RIDX__             1   N/I      0x620      0x620   .absSeg115
.__absdata__ADC0CBP_2__            1   N/I      0x61F      0x61F   .absSeg116
.__absdata__ADC0CBP_1__            1   N/I      0x61E      0x61E   .absSeg117
.__absdata__ADC0CBP_0__            1   N/I      0x61D      0x61D   .absSeg118
.__absdata__ADC0CIDX__             1   N/I      0x61C      0x61C   .absSeg119
.__absdata__ADC0EOLRI__            1   N/I      0x610      0x610   .absSeg120
.__absdata__ADC0IF__               1   N/I      0x609      0x609   .absSeg121
.__absdata__ADC0EIF__              1   N/I      0x608      0x608   .absSeg122
.__absdata__ADC0IE__               1   N/I      0x607      0x607   .absSeg123
.__absdata__ADC0EIE__              1   N/I      0x606      0x606   .absSeg124
.__absdata__ADC0FLWCTL__           1   N/I      0x605      0x605   .absSeg125
.__absdata__ADC0FMT__              1   N/I      0x604      0x604   .absSeg126
.__absdata__ADC0TIM__              1   N/I      0x603      0x603   .absSeg127
.__absdata__ADC0STS__              1   N/I      0x602      0x602   .absSeg128
.__absdata__TIM0PTPSR__            1   N/I      0x5EE      0x5EE   .absSeg129
.__absdata__TIM0OCPD__             1   N/I      0x5EC      0x5EC   .absSeg130
.__absdata__TIM0TFLG2__            1   N/I      0x5CF      0x5CF   .absSeg131
.__absdata__TIM0TFLG1__            1   N/I      0x5CE      0x5CE   .absSeg132
.__absdata__TIM0TSCR2__            1   N/I      0x5CD      0x5CD   .absSeg133
.__absdata__TIM0TIE__              1   N/I      0x5CC      0x5CC   .absSeg134
.__absdata__TIM0TCTL4__            1   N/I      0x5CB      0x5CB   .absSeg135
.__absdata__TIM0TCTL3__            1   N/I      0x5CA      0x5CA   .absSeg136
.__absdata__TIM0TCTL2__            1   N/I      0x5C9      0x5C9   .absSeg137
.__absdata__TIM0TCTL1__            1   N/I      0x5C8      0x5C8   .absSeg138
.__absdata__TIM0TTOV__             1   N/I      0x5C7      0x5C7   .absSeg139
.__absdata__TIM0TSCR1__            1   N/I      0x5C6      0x5C6   .absSeg140
.__absdata__TIM0CFORC__            1   N/I      0x5C1      0x5C1   .absSeg141
.__absdata__TIM0TIOS__             1   N/I      0x5C0      0x5C0   .absSeg142
.__absdata__PWMSCLB__              1   N/I      0x489      0x489   .absSeg143
.__absdata__PWMSCLA__              1   N/I      0x488      0x488   .absSeg144
.__absdata__PWMCLKAB__             1   N/I      0x486      0x486   .absSeg145
.__absdata__PWMCTL__               1   N/I      0x485      0x485   .absSeg146
.__absdata__PWMCAE__               1   N/I      0x484      0x484   .absSeg147
.__absdata__PWMPRCLK__             1   N/I      0x483      0x483   .absSeg148
.__absdata__PWMCLK__               1   N/I      0x482      0x482   .absSeg149
.__absdata__PWMPOL__               1   N/I      0x481      0x481   .absSeg150
.__absdata__PWME__                 1   N/I      0x480      0x480   .absSeg151
.__absdata__TIM1PTPSR__            1   N/I      0x42E      0x42E   .absSeg152
.__absdata__TIM1OCPD__             1   N/I      0x42C      0x42C   .absSeg153
.__absdata__TIM1TFLG2__            1   N/I      0x40F      0x40F   .absSeg154
.__absdata__TIM1TFLG1__            1   N/I      0x40E      0x40E   .absSeg155
.__absdata__TIM1TSCR2__            1   N/I      0x40D      0x40D   .absSeg156
.__absdata__TIM1TIE__              1   N/I      0x40C      0x40C   .absSeg157
.__absdata__TIM1TCTL4__            1   N/I      0x40B      0x40B   .absSeg158
.__absdata__TIM1TCTL2__            1   N/I      0x409      0x409   .absSeg159
.__absdata__TIM1TTOV__             1   N/I      0x407      0x407   .absSeg160
.__absdata__TIM1TSCR1__            1   N/I      0x406      0x406   .absSeg161
.__absdata__TIM1CFORC__            1   N/I      0x401      0x401   .absSeg162
.__absdata__TIM1TIOS__             1   N/I      0x400      0x400   .absSeg163
.__absdata__ECCDCMD__              1   N/I      0x3CF      0x3CF   .absSeg164
.__absdata__ECCDE__                1   N/I      0x3CE      0x3CE   .absSeg165
.__absdata__ECCDPTRL__             1   N/I      0x3C9      0x3C9   .absSeg166
.__absdata__ECCDPTRM__             1   N/I      0x3C8      0x3C8   .absSeg167
.__absdata__ECCDPTRH__             1   N/I      0x3C7      0x3C7   .absSeg168
.__absdata__ECCIF__                1   N/I      0x3C2      0x3C2   .absSeg169
.__absdata__ECCIE__                1   N/I      0x3C1      0x3C1   .absSeg170
.__absdata__ECCSTAT__              1   N/I      0x3C0      0x3C0   .absSeg171
.__absdata__FOPT__                 1   N/I      0x38A      0x38A   .absSeg172
.__absdata__DFPROT__               1   N/I      0x389      0x389   .absSeg173
.__absdata__FPROT__                1   N/I      0x388      0x388   .absSeg174
.__absdata__FERSTAT__              1   N/I      0x387      0x387   .absSeg175
.__absdata__FSTAT__                1   N/I      0x386      0x386   .absSeg176
.__absdata__FERCNFG__              1   N/I      0x385      0x385   .absSeg177
.__absdata__FCNFG__                1   N/I      0x384      0x384   .absSeg178
.__absdata__FPSTAT__               1   N/I      0x383      0x383   .absSeg179
.__absdata__FCCOBIX__              1   N/I      0x382      0x382   .absSeg180
.__absdata__FSEC__                 1   N/I      0x381      0x381   .absSeg181
.__absdata__FCLKDIV__              1   N/I      0x380      0x380   .absSeg182
.__absdata__PIRL__                 1   N/I      0x33E      0x33E   .absSeg183
.__absdata__PTAL__                 1   N/I      0x33D      0x33D   .absSeg184
.__absdata__DIENL__                1   N/I      0x33C      0x33C   .absSeg185
.__absdata__PIFL__                 1   N/I      0x337      0x337   .absSeg186
.__absdata__PIEL__                 1   N/I      0x336      0x336   .absSeg187
.__absdata__PPSL__                 1   N/I      0x334      0x334   .absSeg188
.__absdata__PTIL__                 1   N/I      0x331      0x331   .absSeg189
.__absdata__WOMJ__                 1   N/I      0x31F      0x31F   .absSeg190
.__absdata__PPSJ__                 1   N/I      0x314      0x314   .absSeg191
.__absdata__PERJ__                 1   N/I      0x313      0x313   .absSeg192
.__absdata__DDRJ__                 1   N/I      0x312      0x312   .absSeg193
.__absdata__PTIJ__                 1   N/I      0x311      0x311   .absSeg194
.__absdata__PTJ__                  1   N/I      0x310      0x310   .absSeg195
.__absdata__RDRP__                 1   N/I      0x2FD      0x2FD   .absSeg196
.__absdata__OCIFP__                1   N/I      0x2FB      0x2FB   .absSeg197
.__absdata__OCIEP__                1   N/I      0x2FA      0x2FA   .absSeg198
.__absdata__OCPEP__                1   N/I      0x2F9      0x2F9   .absSeg199
.__absdata__PIFP__                 1   N/I      0x2F7      0x2F7   .absSeg200
.__absdata__PIEP__                 1   N/I      0x2F6      0x2F6   .absSeg201
.__absdata__PPSP__                 1   N/I      0x2F4      0x2F4   .absSeg202
.__absdata__PERP__                 1   N/I      0x2F3      0x2F3   .absSeg203
.__absdata__DDRP__                 1   N/I      0x2F2      0x2F2   .absSeg204
.__absdata__PTIP__                 1   N/I      0x2F1      0x2F1   .absSeg205
.__absdata__PTP__                  1   N/I      0x2F0      0x2F0   .absSeg206
.__absdata__WOMS__                 1   N/I      0x2DF      0x2DF   .absSeg207
.__absdata__PIFS__                 1   N/I      0x2D7      0x2D7   .absSeg208
.__absdata__PIES__                 1   N/I      0x2D6      0x2D6   .absSeg209
.__absdata__PPSS__                 1   N/I      0x2D4      0x2D4   .absSeg210
.__absdata__PERS__                 1   N/I      0x2D3      0x2D3   .absSeg211
.__absdata__DDRS__                 1   N/I      0x2D2      0x2D2   .absSeg212
.__absdata__PTIS__                 1   N/I      0x2D1      0x2D1   .absSeg213
.__absdata__PTS__                  1   N/I      0x2D0      0x2D0   .absSeg214
.__absdata__PPST__                 1   N/I      0x2C4      0x2C4   .absSeg215
.__absdata__PERT__                 1   N/I      0x2C3      0x2C3   .absSeg216
.__absdata__DDRT__                 1   N/I      0x2C2      0x2C2   .absSeg217
.__absdata__PTIT__                 1   N/I      0x2C1      0x2C1   .absSeg218
.__absdata__PTT__                  1   N/I      0x2C0      0x2C0   .absSeg219
.__absdata__PPSE__                 1   N/I      0x268      0x268   .absSeg220
.__absdata__PERE__                 1   N/I      0x266      0x266   .absSeg221
.__absdata__DDRE__                 1   N/I      0x264      0x264   .absSeg222
.__absdata__PTIE__                 1   N/I      0x262      0x262   .absSeg223
.__absdata__PTE__                  1   N/I      0x260      0x260   .absSeg224
.__absdata__IRQCR__                1   N/I      0x209      0x209   .absSeg225
.__absdata__ECLKCTL__              1   N/I      0x208      0x208   .absSeg226
.__absdata__MODRR4__               1   N/I      0x204      0x204   .absSeg227
.__absdata__MODRR3__               1   N/I      0x203      0x203   .absSeg228
.__absdata__MODRR2__               1   N/I      0x202      0x202   .absSeg229
.__absdata__MODRR1__               1   N/I      0x201      0x201   .absSeg230
.__absdata__MODRR0__               1   N/I      0x200      0x200   .absSeg231
.__absdata__DBGDAL__               1   N/I      0x147      0x147   .absSeg232
.__absdata__DBGDAM__               1   N/I      0x146      0x146   .absSeg233
.__absdata__DBGDAH__               1   N/I      0x145      0x145   .absSeg234
.__absdata__DBGDCTL__              1   N/I      0x140      0x140   .absSeg235
.__absdata__DBGBAL__               1   N/I      0x127      0x127   .absSeg236
.__absdata__DBGBAM__               1   N/I      0x126      0x126   .absSeg237
.__absdata__DBGBAH__               1   N/I      0x125      0x125   .absSeg238
.__absdata__DBGBCTL__              1   N/I      0x120      0x120   .absSeg239
.__absdata__DBGADM3__              1   N/I      0x11F      0x11F   .absSeg240
.__absdata__DBGADM2__              1   N/I      0x11E      0x11E   .absSeg241
.__absdata__DBGADM1__              1   N/I      0x11D      0x11D   .absSeg242
.__absdata__DBGADM0__              1   N/I      0x11C      0x11C   .absSeg243
.__absdata__DBGAD3__               1   N/I      0x11B      0x11B   .absSeg244
.__absdata__DBGAD2__               1   N/I      0x11A      0x11A   .absSeg245
.__absdata__DBGAD1__               1   N/I      0x119      0x119   .absSeg246
.__absdata__DBGAD0__               1   N/I      0x118      0x118   .absSeg247
.__absdata__DBGAAL__               1   N/I      0x117      0x117   .absSeg248
.__absdata__DBGAAM__               1   N/I      0x116      0x116   .absSeg249
.__absdata__DBGAAH__               1   N/I      0x115      0x115   .absSeg250
.__absdata__DBGACTL__              1   N/I      0x110      0x110   .absSeg251
.__absdata__DBGSR__                1   N/I      0x10B      0x10B   .absSeg252
.__absdata__DBGEFR__               1   N/I      0x10A      0x10A   .absSeg253
.__absdata__DBGSCR3__              1   N/I      0x109      0x109   .absSeg254
.__absdata__DBGSCR2__              1   N/I      0x108      0x108   .absSeg255
.__absdata__DBGSCR1__              1   N/I      0x107      0x107   .absSeg256
.__absdata__DBGC2__                1   N/I      0x101      0x101   .absSeg257
.__absdata__DBGC1__                1   N/I      0x100      0x100   .absSeg258
.__absdata__MMCPCL__               1   N/I       0x87       0x87   .absSeg259
.__absdata__MMCPCM__               1   N/I       0x86       0x86   .absSeg260
.__absdata__MMCPCH__               1   N/I       0x85       0x85   .absSeg261
.__absdata__MODE__                 1   N/I       0x70       0x70   .absSeg262
.__absdata__INT_CFDATA7__          1   N/I       0x1F       0x1F   .absSeg263
.__absdata__INT_CFDATA6__          1   N/I       0x1E       0x1E   .absSeg264
.__absdata__INT_CFDATA5__          1   N/I       0x1D       0x1D   .absSeg265
.__absdata__INT_CFDATA4__          1   N/I       0x1C       0x1C   .absSeg266
.__absdata__INT_CFDATA3__          1   N/I       0x1B       0x1B   .absSeg267
.__absdata__INT_CFDATA2__          1   N/I       0x1A       0x1A   .absSeg268
.__absdata__INT_CFDATA1__          1   N/I       0x19       0x19   .absSeg269
.__absdata__INT_CFDATA0__          1   N/I       0x18       0x18   .absSeg270
.__absdata__INT_CFADDR__           1   N/I       0x17       0x17   .absSeg271
.__absdata__InterruptVectorTable__        492     R   0xFFFE10   0xFFFFFB   .absSeg272
.__absdata__ResetVectorTable__          4     R   0xFFFFFC   0xFFFFFF   .absSeg273
.bss                               1   R/W     0x106B     0x106B   RAM
.common                          102   R/W     0x106C     0x10D1   RAM
ClockPin2_CODE                    30     R   0xFFEE8F   0xFFEEAC   ROM
DataPin2_CODE                     30     R   0xFFEEAD   0xFFEECA   ROM
LINPHY0_CODE                      60     R   0xFFEECB   0xFFEF06   ROM
.stack                           512   R/W     0x10D2     0x12D1   RAM

Summary of section sizes per section type:
READ_ONLY (R):        315B (dec:    12635)
READ_WRITE (R/W):      2D2 (dec:      722)
NO_INIT (N/I):         155 (dec:      341)

*********************************************************************************************
VECTOR-ALLOCATION SECTION
    Address     InitValue   InitFunction
---------------------------------------------------------------------------------------------

*********************************************************************************************
OBJECT-ALLOCATION SECTION
     Name               Module                 Addr   hSize   dSize     Ref    Section   RLIB
---------------------------------------------------------------------------------------------
MODULE:                 -- lin_cfg_c.obj --
- PROCEDURES:
     ld_read_by_id_callout                   FFC364       3       3       2   .text       
- VARIABLES:
     lin_virtual_ifc                           106B       1       1       6   .bss        
     lin_save_configuration_flg                106C       1       1       3   .common     
     lin_frame_flag_tbl                        106D       7       7       5   .common     
     lin_frame_updating_flag_tbl               1074       7       7       5   .common     
     lin_schedule_start_entry                  107B       7       7       1   .common     
     lin_active_schedule_id                    1082       1       1       1   .common     
     lin_previous_schedule_id                  1083       1       1       1   .common     
     lin_diag_frame_to_send                    1084       1       1       1   .common     
     tx_single_pdu_data                        1085       8       8       1   .common     
     rx_single_pdu_data                        108D       8       8       1   .common     
     LI0_lin_diag_services_flag                1095       5       5       1   .common     
     lin_diag_signal_tbl                       109A      10      16       1   .common     
     buffer_backup_data                        10AA       8       8       2   .common     
     lin_current_pid                           10B2       1       1       1   .common     
     lin_word_status                           10B3       2       2       1   .common     
     lin_next_transmit                         10B5       1       1       1   .common     
     lin_goto_sleep_flg                        10B6       1       1       1   .common     
     lin_error_in_response                     10B7       1       1       1   .common     
     lin_successful_transfer                   10B8       1       1       1   .common     
     lin_lld_response_buffer                   10B9       A      10       1   .common     
     lin_pFrameBuf                             1000       B      11       6   .data       
     lin_flag_handle_tbl                       100B       5       5       6   .data       
     LI0_lin_configuration_RAM                 1010       9       9       1   .data       
     lin_tl_desc                               1019      1C      28       1   .data       
     lin_node_descrs                           1035      34      52       7   .data       
     lin_frame_tbl                           FFC1DE      4D      77      10   .rodata     
     lin_max_frame_res_timeout_val           FFC22B      10      16       3   .rodata     
     LI0_lin_configuration_ROM               FFC23B      12      18       1   .rodata     
     LI0_lin_gotosleep_data                  FFC24D       A      10       1   .rodata     
     LI0_NormalTable_data                    FFC257      32      50       1   .rodata     
     LI0_InitTable_data                      FFC289      28      40       1   .rodata     
     LI0_DiagnosticTable_data                FFC2B1      14      20       1   .rodata     
     LI0_MasterReqTable_data                 FFC2C5       A      10       1   .rodata     
     LI0_SlaveRespTable_data                 FFC2CF       A      10       1   .rodata     
     lin_schedule_tbl                        FFC2D9      23      35       1   .rodata     
     LI0_lin_diag_services_supported         FFC2FC       5       5       1   .rodata     
     lin_ifc_configuration                   FFC301      44      68      28   .rodata     
MODULE:                 -- Events_c.obj --
- PROCEDURES:
     TI1_OnInterrupt                         FFC367      14      20       1   .text       
     EI2C2_OnRxChar                          FFC37B       1       1       1   .text       
     EI2C2_OnTxChar                          FFC37C       1       1       1   .text       
     EI2C2_OnNACK                            FFC37D       1       1       3   .text       
- VARIABLES:
MODULE:                 -- main_c.obj --
- PROCEDURES:
     main                                    FFC37E      83     131       1   .text       
- VARIABLES:
MODULE:                 -- sensores_c.obj --
- PROCEDURES:
     Lectura_Sensor_RH                       FFC401      60      96       1   .text       
     Reset_Sensor_RH                         FFC461      20      32       1   .text       
- VARIABLES:
     @41                                     FFC345       2       2       1   .rodata     
     u8return                                  10C3       1       1       1   .common     
     stimage_process                           10C4       8       8      10   .common     
MODULE:                 -- starts12z_c.obj --
- PROCEDURES:
     DoZeroOut                               FFC481      19      25       1   .text       
     DoCopyDown                              FFC49A      15      21       1   .text       
     _Startup                                FFC4AF      10      16       1   .text       
- VARIABLES:
     _startupData                            FFC1C3       A      10       3   .startData  
- LABELS:
     __SEG_END_SSTACK                          12D2       0       0       1               
MODULE:                 -- lin_commontl_proto_c.obj --
- PROCEDURES:
     lin_tl_make_mreq_pdu                    FFC4BF      58      88       1   .text       
     lin_tl_make_slaveres_pdu                FFC517     2DE     734      12   .text       
     lin_tl_get_pdu                          FFC7F5      58      88       1   .text       
     lin_tl_handler                          FFC84D      DF     223       1   .text       
     lin_tl_attach_service                   FFC92C     1BF     447       1   .text       
     lin_tl_get_response                     FFCAEB     183     387       1   .text       
     lin_tl_update_tx_flag                   FFCC6E      4D      77       1   .text       
     lin_tl_put_pdu                          FFCCBB      5F      95       1   .text       
     lin_tl_no_response                      FFCD1A      3C      60       1   .text       
- VARIABLES:
     @150                                    FFC347       5       5       1   .rodata     
MODULE:                 -- lin_c.obj --
- PROCEDURES:
     lin_lld_init                            FFCD56      34      52       1   .text       
     lin_lld_ignore_response                 FFCD8A      27      39       1   .text       
     lin_lld_set_low_power_mode              FFCDB1      27      39       2   .text       
     lin_lld_set_response                    FFCDD8      56      86       1   .text       
     lin_lld_rx_response                     FFCE2E      34      52       1   .text       
     lin_lld_set_etf_collision_flag          FFCE62      14      20       1   .text       
     lin_process_parity                      FFCE76      97     151       5   .text       
     lin_checksum                            FFCF0D      57      87       2   .text       
     lin_lld_timer_init                      FFCF64       5       5       1   .text       
- VARIABLES:
     etf_collision_flag                        10CC       1       1       1   .common     
     tl_check_timeout_type_array               10CD       1       1       4   .common     
     tl_check_timeout_array                    1069       2       2       3   .data       
MODULE:                 -- lin_diagnostic_service_c.obj --
- PROCEDURES:
     lin_diagservice_read_by_identifier      FFCF69     1AD     429       1   .text       
     lin_diagservice_assign_frame_id_range     FFD116     15E     350       1   .text       
     lin_condittional_change_nad             FFD274      EF     239       1   .text       
- VARIABLES:
     @130                                    FFC34C       5       5       1   .rodata     
MODULE:                 -- lin_common_api_c.obj --
- PROCEDURES:
     l_sys_init                              FFD363       6       6       1   .text       
     l_ifc_init                              FFD369       D      13       1   .text       
- VARIABLES:
MODULE:                 -- lin_common_proto_c.obj --
- PROCEDURES:
     lin_pid_response_callback_handler       FFD376      68     104      12   .text       
     lin_process_pid                         FFD3DE     1C5     453       1   .text       
     lin_update_rx                           FFD5A3     130     304       1   .text       
     lin_update_tx                           FFD6D3     157     343       1   .text       
     lin_handle_error                        FFD82A      AC     172       1   .text       
     lin_bus_activity_timeout                FFD8D6      39      57       1   .text       
     lin_update_tx_flags                     FFD90F     119     281       1   .text       
     lin_update_rx_diag_frame                FFDA28      7E     126       1   .text       
     lin_make_res_diag_frame                 FFDAA6       D      13       1   .text       
     lin_get_frame_index                     FFDAB3      4F      79       8   .text       
     lin_process_uncd_frame                  FFDB02     144     324       4   .text       
- VARIABLES:
     frame_signal_error                        10CE       1       1       3   .common     
MODULE:                 -- lin_lin21_proto_c.obj --
- PROCEDURES:
     lin_update_word_status_lin21            FFDC46     10A     266       4   .text       
     lin_update_err_signal                   FFDD50      AD     173       2   .text       
     lin_update_rx_evnt_frame                FFDDFD      AA     170       1   .text       
     lin_make_res_evnt_frame                 FFDEA7      40      64       1   .text       
- VARIABLES:
MODULE:                 -- lin_isr_c.obj --
- PROCEDURES:
     SCI0_INT                                FFDEE7       7       7       1   .text       
     TIMchan2_ISR                            FFDEEE      16      22       1   .text       
     LinPhy_ISR                              FFDF04       B      11       1   .text       
- VARIABLES:
MODULE:                 -- lin_lld_sci_c.obj --
- PROCEDURES:
     lin_lld_sci_init                        FFDF0F      CE     206       1   .text       
     lin_lld_sci_ignore_response             FFDFDD       D      13       1   .text       
     lin_lld_sci_set_low_power_mode          FFDFEA      24      36       1   .text       
     lin_lld_sci_rx_response                 FFE00E      3E      62       1   .text       
     lin_lld_sci_tx_response                 FFE04C      65     101       1   .text       
     lin_lld_sci_timeout                     FFE0B1     15B     347       1   .text       
     lin_goto_idle_state                     FFE20C      39      57      16   .text       
     lin_lld_sci_isr                         FFE245     591    1425       1   .text       
- VARIABLES:
MODULE:                 -- lin_lld_timesrv_c.obj --
- PROCEDURES:
     lin_lld_timer_S12_init                  FFE7D6      19      25       1   .text       
     lin_lld_timer_isr                       FFE7EF      25      37       1   .text       
- VARIABLES:
MODULE:                 -- ClockPin2_c.obj --
- PROCEDURES:
     ClockPin2_SetDir                        FFEE8F      1E      30      18   ClockPin2_CODE
- VARIABLES:
MODULE:                 -- Cpu_c.obj --
- PROCEDURES:
     Cpu_ivVReserved123                      FFC000       3       3       1   .init       
     Cpu_ivVReserved122                      FFC003       3       3       1   .init       
     Cpu_ivVReserved121                      FFC006       3       3       1   .init       
     Cpu_ivVReserved120                      FFC009       3       3       1   .init       
     Cpu_ivVReserved119                      FFC00C       3       3       1   .init       
     Cpu_ivVReserved118                      FFC00F       3       3       1   .init       
     Cpu_ivVReserved117                      FFC012       3       3       1   .init       
     Cpu_ivVReserved116                      FFC015       3       3       1   .init       
     Cpu_ivVReserved115                      FFC018       3       3       1   .init       
     Cpu_ivVReserved114                      FFC01B       3       3       1   .init       
     Cpu_ivVReserved113                      FFC01E       3       3       1   .init       
     Cpu_ivVReserved112                      FFC021       3       3       1   .init       
     Cpu_ivVReserved111                      FFC024       3       3       1   .init       
     Cpu_ivVReserved110                      FFC027       3       3       1   .init       
     Cpu_ivVReserved109                      FFC02A       3       3       1   .init       
     Cpu_ivVReserved108                      FFC02D       3       3       1   .init       
     Cpu_ivVReserved107                      FFC030       3       3       1   .init       
     Cpu_ivVReserved106                      FFC033       3       3       1   .init       
     Cpu_ivVReserved105                      FFC036       3       3       1   .init       
     Cpu_ivVReserved104                      FFC039       3       3       1   .init       
     Cpu_ivViic                              FFC03C       3       3       1   .init       
     Cpu_ivVReserved102                      FFC03F       3       3       1   .init       
     Cpu_ivVReserved101                      FFC042       3       3       1   .init       
     Cpu_ivVReserved100                      FFC045       3       3       1   .init       
     Cpu_ivVReserved99                       FFC048       3       3       1   .init       
     Cpu_ivVReserved98                       FFC04B       3       3       1   .init       
     Cpu_ivVReserved97                       FFC04E       3       3       1   .init       
     Cpu_ivVReserved96                       FFC051       3       3       1   .init       
     Cpu_ivVReserved95                       FFC054       3       3       1   .init       
     Cpu_ivVReserved94                       FFC057       3       3       1   .init       
     Cpu_ivVReserved93                       FFC05A       3       3       1   .init       
     Cpu_ivVtim1ovf                          FFC05D       3       3       1   .init       
     Cpu_ivVReserved91                       FFC060       3       3       1   .init       
     Cpu_ivVReserved90                       FFC063       3       3       1   .init       
     Cpu_ivVReserved89                       FFC066       3       3       1   .init       
     Cpu_ivVReserved88                       FFC069       3       3       1   .init       
     Cpu_ivVReserved87                       FFC06C       3       3       1   .init       
     Cpu_ivVReserved86                       FFC06F       3       3       1   .init       
     Cpu_ivVtim1ch1                          FFC072       3       3       1   .init       
     Cpu_ivVReserved83                       FFC075       3       3       1   .init       
     Cpu_ivVReserved82                       FFC078       3       3       1   .init       
     Cpu_ivVReserved81                       FFC07B       3       3       1   .init       
     Cpu_ivVReserved80                       FFC07E       3       3       1   .init       
     Cpu_ivVportl                            FFC081       3       3       1   .init       
     Cpu_ivVReserved78                       FFC084       3       3       1   .init       
     Cpu_ivVReserved77                       FFC087       3       3       1   .init       
     Cpu_ivVReserved76                       FFC08A       3       3       1   .init       
     Cpu_ivVReserved75                       FFC08D       3       3       1   .init       
     Cpu_ivVReserved74                       FFC090       3       3       1   .init       
     Cpu_ivVReserved73                       FFC093       3       3       1   .init       
     Cpu_ivVReserved72                       FFC096       3       3       1   .init       
     Cpu_ivVReserved71                       FFC099       3       3       1   .init       
     Cpu_ivVReserved70                       FFC09C       3       3       1   .init       
     Cpu_ivVReserved69                       FFC09F       3       3       1   .init       
     Cpu_ivVReserved68                       FFC0A2       3       3       1   .init       
     Cpu_ivVReserved67                       FFC0A5       3       3       1   .init       
     Cpu_ivVportad                           FFC0A8       3       3       1   .init       
     Cpu_ivVReserved65                       FFC0AB       3       3       1   .init       
     Cpu_ivVhti                              FFC0AE       3       3       1   .init       
     Cpu_ivVapi                              FFC0B1       3       3       1   .init       
     Cpu_ivVlvi                              FFC0B4       3       3       1   .init       
     Cpu_ivVevddx                            FFC0B7       3       3       1   .init       
     Cpu_ivVportp                            FFC0BA       3       3       1   .init       
     Cpu_ivVReserved59                       FFC0BD       3       3       1   .init       
     Cpu_ivVReserved58                       FFC0C0       3       3       1   .init       
     Cpu_ivVReserved57                       FFC0C3       3       3       1   .init       
     Cpu_ivVReserved56                       FFC0C6       3       3       1   .init       
     Cpu_ivVReserved55                       FFC0C9       3       3       1   .init       
     Cpu_ivVports                            FFC0CC       3       3       1   .init       
     Cpu_ivVReserved53                       FFC0CF       3       3       1   .init       
     Cpu_ivVReserved52                       FFC0D2       3       3       1   .init       
     Cpu_ivVReserved51                       FFC0D5       3       3       1   .init       
     Cpu_ivVReserved50                       FFC0D8       3       3       1   .init       
     Cpu_ivVReserved49                       FFC0DB       3       3       1   .init       
     Cpu_ivVReserved48                       FFC0DE       3       3       1   .init       
     Cpu_ivVbats                             FFC0E1       3       3       1   .init       
     Cpu_ivVReserved45                       FFC0E4       3       3       1   .init       
     Cpu_ivVReserved44                       FFC0E7       3       3       1   .init       
     Cpu_ivVReserved43                       FFC0EA       3       3       1   .init       
     Cpu_ivVReserved42                       FFC0ED       3       3       1   .init       
     Cpu_ivVReserved41                       FFC0F0       3       3       1   .init       
     Cpu_ivVReserved40                       FFC0F3       3       3       1   .init       
     Cpu_ivVflash                            FFC0F6       3       3       1   .init       
     Cpu_ivVflasherr                         FFC0F9       3       3       1   .init       
     Cpu_ivVReserved37                       FFC0FC       3       3       1   .init       
     Cpu_ivVReserved36                       FFC0FF       3       3       1   .init       
     Cpu_ivVRAM_err                          FFC102       3       3       1   .init       
     Cpu_ivVReserved34                       FFC105       3       3       1   .init       
     Cpu_ivVReserved33                       FFC108       3       3       1   .init       
     Cpu_ivVcpmuplllck                       FFC10B       3       3       1   .init       
     Cpu_ivVcpmuosc                          FFC10E       3       3       1   .init       
     Cpu_ivVadc0conv_compl                   FFC111       3       3       1   .init       
     Cpu_ivVadc0conv_seq_abrt                FFC114       3       3       1   .init       
     Cpu_ivVadc0err                          FFC117       3       3       1   .init       
     Cpu_ivVReserved27                       FFC11A       3       3       1   .init       
     Cpu_ivVReserved26                       FFC11D       3       3       1   .init       
     Cpu_ivVsci1                             FFC120       3       3       1   .init       
     Cpu_ivVspi0                             FFC123       3       3       1   .init       
     Cpu_ivVReserved22                       FFC126       3       3       1   .init       
     Cpu_ivVReserved21                       FFC129       3       3       1   .init       
     Cpu_ivVtim0ovf                          FFC12C       3       3       1   .init       
     Cpu_ivVReserved19                       FFC12F       3       3       1   .init       
     Cpu_ivVReserved18                       FFC132       3       3       1   .init       
     Cpu_ivVtim0ch5                          FFC135       3       3       1   .init       
     Cpu_ivVtim0ch4                          FFC138       3       3       1   .init       
     Cpu_ivVtim0ch3                          FFC13B       3       3       1   .init       
     Cpu_ivVtim0ch1                          FFC13E       3       3       1   .init       
     Cpu_ivVtim0ch0                          FFC141       3       3       1   .init       
     Cpu_ivVrti                              FFC144       3       3       1   .init       
     Cpu_ivVirq                              FFC147       3       3       1   .init       
     Cpu_ivVxirq                             FFC14A       3       3       1   .init       
     Cpu_ivVsi                               FFC14D       3       3       1   .init       
     Cpu_ivVReserved7                        FFC150       3       3       1   .init       
     Cpu_ivVReserved6                        FFC153       3       3       1   .init       
     Cpu_ivVme                               FFC156       3       3       1   .init       
     Cpu_ivVsys                              FFC159       3       3       1   .init       
     Cpu_ivVswi                              FFC15C       3       3       1   .init       
     Cpu_ivVtrap                             FFC15F       3       3       1   .init       
     Cpu_ivVspare                            FFC162       3       3       1   .init       
     _EntryPoint                             FFC165      5E      94       1   .init       
     PE_low_level_init                       FFE814     212     530       1   .text       
- VARIABLES:
     Shadow_P                                  10CF       1       1       2   .common     
MODULE:                 -- DataPin2_c.obj --
- PROCEDURES:
     DataPin2_SetDir                         FFEEAD      1E      30      13   DataPin2_CODE
- VARIABLES:
MODULE:                 -- EI2C1_c.obj --
- PROCEDURES:
     EI2C1_Init                              FFEA26       5       5       1   .text       
- VARIABLES:
     SlaveAddr                                 10D0       1       1       1   .common     
MODULE:                 -- EI2C2_c.obj --
- PROCEDURES:
     EI2C2_Init                              FFEA2B       5       5       1   .text       
     Write                                   FFEA30      A0     160       3   .text       
     Read                                    FFEAD0      92     146       1   .text       
     GetAck                                  FFEB62      43      67       3   .text       
     SetAck                                  FFEBA5      78     120       2   .text       
     InternalStop                            FFEC1D      28      40       5   .text       
     EI2C2_SendBlock                         FFEC45     133     307       1   .text       
     EI2C2_RecvBlock                         FFED78     109     265       1   .text       
     EI2C2_SelectSlave                       FFEE81       E      14       1   .text       
- VARIABLES:
     SlaveAddr                                 10D1       1       1       4   .common     
MODULE:                 -- IO_Map_c.obj --
- PROCEDURES:
- VARIABLES:
     ADC0RBP                                    621       3       3       0   .__absdata_ADC0RBP__
     ADC0CBP                                    61D       3       3       0   .__absdata_ADC0CBP__
     ECCDPTR                                    3C7       3       3       0   .__absdata_ECCDPTR__
     DBGDA                                      145       3       3       0   .__absdata_DBGDA__
     DBGBA                                      125       3       3       0   .__absdata_DBGBA__
     DBGAA                                      115       3       3       0   .__absdata_DBGAA__
     MMCPC                                       85       3       3       0   .__absdata_MMCPC__
     _ADC0CMD                                   614       4       4       0   .__absdata__ADC0CMD__
     _PARTID                                      0       4       4       0   .__absdata__PARTID__
     _SPI0DR                                    784       2       2       0   .__absdata__SPI0DR__
     _SCI1BD                                    710       2       2       0   .__absdata__SCI1BD__
     _SCI0BD                                    700       2       2       0   .__absdata__SCI0BD__
     _CPMUIRCTRIM                               6D8       2       2       0   .__absdata__CPMUIRCTRIM__
     _CPMUAPIR                                  6D4       2       2       0   .__absdata__CPMUAPIR__
     _ADC0IMDRI                                 60E       2       2       0   .__absdata__ADC0IMDRI__
     _ADC0CONIF                                 60C       2       2       0   .__absdata__ADC0CONIF__
     _ADC0CONIE                                 60A       2       2       0   .__absdata__ADC0CONIE__
     _ADC0CTL                                   600       2       2       0   .__absdata__ADC0CTL__
     _TIM0TC5                                   5DA       2       2       0   .__absdata__TIM0TC5__
     _TIM0TC4                                   5D8       2       2       0   .__absdata__TIM0TC4__
     _TIM0TC3                                   5D6       2       2       0   .__absdata__TIM0TC3__
     _TIM0TC2                                   5D4       2       2       0   .__absdata__TIM0TC2__
     _TIM0TC1                                   5D2       2       2       0   .__absdata__TIM0TC1__
     _TIM0TC0                                   5D0       2       2       0   .__absdata__TIM0TC0__
     _TIM0TCNT                                  5C4       2       2       0   .__absdata__TIM0TCNT__
     _PWMDTY67                                  4A2       2       2       0   .__absdata__PWMDTY67__
     _PWMDTY45                                  4A0       2       2       0   .__absdata__PWMDTY45__
     _PWMDTY23                                  49E       2       2       0   .__absdata__PWMDTY23__
     _PWMDTY01                                  49C       2       2       0   .__absdata__PWMDTY01__
     _PWMPER67                                  49A       2       2       0   .__absdata__PWMPER67__
     _PWMPER45                                  498       2       2       0   .__absdata__PWMPER45__
     _PWMPER23                                  496       2       2       0   .__absdata__PWMPER23__
     _PWMPER01                                  494       2       2       0   .__absdata__PWMPER01__
     _PWMCNT67                                  492       2       2       0   .__absdata__PWMCNT67__
     _PWMCNT45                                  490       2       2       0   .__absdata__PWMCNT45__
     _PWMCNT23                                  48E       2       2       0   .__absdata__PWMCNT23__
     _PWMCNT01                                  48C       2       2       0   .__absdata__PWMCNT01__
     _TIM1TC1                                   412       2       2       0   .__absdata__TIM1TC1__
     _TIM1TC0                                   410       2       2       0   .__absdata__TIM1TC0__
     _TIM1TCNT                                  404       2       2       0   .__absdata__TIM1TCNT__
     _ECCDD                                     3CC       2       2       0   .__absdata__ECCDD__
     _FCCOB5                                    396       2       2       0   .__absdata__FCCOB5__
     _FCCOB4                                    394       2       2       0   .__absdata__FCCOB4__
     _FCCOB3                                    392       2       2       0   .__absdata__FCCOB3__
     _FCCOB2                                    390       2       2       0   .__absdata__FCCOB2__
     _FCCOB1                                    38E       2       2       0   .__absdata__FCCOB1__
     _FCCOB0                                    38C       2       2       0   .__absdata__FCCOB0__
     _DIENAD                                    298       2       2       0   .__absdata__DIENAD__
     _PIFAD                                     28E       2       2       0   .__absdata__PIFAD__
     _PIEAD                                     28C       2       2       0   .__absdata__PIEAD__
     _PPSAD                                     288       2       2       0   .__absdata__PPSAD__
     _PERAD                                     286       2       2       0   .__absdata__PERAD__
     _DDRAD                                     284       2       2       0   .__absdata__DDRAD__
     _PTIAD                                     282       2       2       0   .__absdata__PTIAD__
     _PTAD                                      280       2       2       0   .__absdata__PTAD__
     _MMCCCR                                     82       2       2       0   .__absdata__MMCCCR__
     _MMCEC                                      80       2       2       0   .__absdata__MMCEC__
     _IVBR                                       10       2       2       0   .__absdata__IVBR__
     _LP0IF                                     987       1       1       0   .__absdata__LP0IF__
     _LP0IE                                     986       1       1       0   .__absdata__LP0IE__
     _LP0SR                                     985       1       1       0   .__absdata__LP0SR__
     _LP0SLRM                                   983       1       1       0   .__absdata__LP0SLRM__
     _LP0CR                                     981       1       1       0   .__absdata__LP0CR__
     _LP0DR                                     980       1       1       0   .__absdata__LP0DR__
     _IIC0IBCR2                                 7C5       1       1       0   .__absdata__IIC0IBCR2__
     _IIC0IBDR                                  7C4       1       1       0   .__absdata__IIC0IBDR__
     _IIC0IBSR                                  7C3       1       1       0   .__absdata__IIC0IBSR__
     _IIC0IBCR                                  7C2       1       1       0   .__absdata__IIC0IBCR__
     _IIC0IBFD                                  7C1       1       1       0   .__absdata__IIC0IBFD__
     _IIC0IBAD                                  7C0       1       1       0   .__absdata__IIC0IBAD__
     _SPI0SR                                    783       1       1       0   .__absdata__SPI0SR__
     _SPI0BR                                    782       1       1       0   .__absdata__SPI0BR__
     _SPI0CR2                                   781       1       1       0   .__absdata__SPI0CR2__
     _SPI0CR1                                   780       1       1       0   .__absdata__SPI0CR1__
     _SCI1DRL                                   717       1       1       0   .__absdata__SCI1DRL__
     _SCI1DRH                                   716       1       1       0   .__absdata__SCI1DRH__
     _SCI1SR2                                   715       1       1       0   .__absdata__SCI1SR2__
     _SCI1SR1                                   714       1       1       0   .__absdata__SCI1SR1__
     _SCI1CR2                                   713       1       1       0   .__absdata__SCI1CR2__
     _SCI1ACR2                                  712       1       1       0   .__absdata__SCI1ACR2__
     _SCI0DRL                                   707       1       1       0   .__absdata__SCI0DRL__
     _SCI0DRH                                   706       1       1       0   .__absdata__SCI0DRH__
     _SCI0SR2                                   705       1       1       0   .__absdata__SCI0SR2__
     _SCI0SR1                                   704       1       1       0   .__absdata__SCI0SR1__
     _SCI0CR2                                   703       1       1       0   .__absdata__SCI0CR2__
     _SCI0ACR2                                  702       1       1       0   .__absdata__SCI0ACR2__
     _BATIF                                     6F3       1       1       0   .__absdata__BATIF__
     _BATIE                                     6F2       1       1       0   .__absdata__BATIE__
     _BATSR                                     6F1       1       1       0   .__absdata__BATSR__
     _BATE                                      6F0       1       1       0   .__absdata__BATE__
     _CPMUOSC2                                  6DE       1       1       0   .__absdata__CPMUOSC2__
     _CPMUVREGCTL                               6DD       1       1       0   .__absdata__CPMUVREGCTL__
     _CPMUPROT                                  6DB       1       1       0   .__absdata__CPMUPROT__
     _CPMUOSC                                   6DA       1       1       0   .__absdata__CPMUOSC__
     _CPMUHTTR                                  6D7       1       1       0   .__absdata__CPMUHTTR__
     _CPMUACLKTR                                6D3       1       1       0   .__absdata__CPMUACLKTR__
     _CPMUAPICTL                                6D2       1       1       0   .__absdata__CPMUAPICTL__
     _CPMULVCTL                                 6D1       1       1       0   .__absdata__CPMULVCTL__
     _CPMUHTCTL                                 6D0       1       1       0   .__absdata__CPMUHTCTL__
     _CPMUARMCOP                                6CF       1       1       0   .__absdata__CPMUARMCOP__
     _CPMUCOP                                   6CC       1       1       0   .__absdata__CPMUCOP__
     _CPMURTI                                   6CB       1       1       0   .__absdata__CPMURTI__
     _CPMUPLL                                   6CA       1       1       0   .__absdata__CPMUPLL__
     _CPMUCLKS                                  6C9       1       1       0   .__absdata__CPMUCLKS__
     _CPMUINT                                   6C8       1       1       0   .__absdata__CPMUINT__
     _CPMUIFLG                                  6C7       1       1       0   .__absdata__CPMUIFLG__
     _CPMUPOSTDIV                               6C6       1       1       0   .__absdata__CPMUPOSTDIV__
     _CPMUREFDIV                                6C5       1       1       0   .__absdata__CPMUREFDIV__
     _CPMUSYNR                                  6C4       1       1       0   .__absdata__CPMUSYNR__
     _CPMURFLG                                  6C3       1       1       0   .__absdata__CPMURFLG__
     _ADC0CROFF1                                625       1       1       0   .__absdata__ADC0CROFF1__
     _ADC0CROFF0                                624       1       1       0   .__absdata__ADC0CROFF0__
     _ADC0RBP_2                                 623       1       1       0   .__absdata__ADC0RBP_2__
     _ADC0RBP_1                                 622       1       1       0   .__absdata__ADC0RBP_1__
     _ADC0RBP_0                                 621       1       1       0   .__absdata__ADC0RBP_0__
     _ADC0RIDX                                  620       1       1       0   .__absdata__ADC0RIDX__
     _ADC0CBP_2                                 61F       1       1       0   .__absdata__ADC0CBP_2__
     _ADC0CBP_1                                 61E       1       1       0   .__absdata__ADC0CBP_1__
     _ADC0CBP_0                                 61D       1       1       0   .__absdata__ADC0CBP_0__
     _ADC0CIDX                                  61C       1       1       0   .__absdata__ADC0CIDX__
     _ADC0EOLRI                                 610       1       1       0   .__absdata__ADC0EOLRI__
     _ADC0IF                                    609       1       1       0   .__absdata__ADC0IF__
     _ADC0EIF                                   608       1       1       0   .__absdata__ADC0EIF__
     _ADC0IE                                    607       1       1       0   .__absdata__ADC0IE__
     _ADC0EIE                                   606       1       1       0   .__absdata__ADC0EIE__
     _ADC0FLWCTL                                605       1       1       0   .__absdata__ADC0FLWCTL__
     _ADC0FMT                                   604       1       1       0   .__absdata__ADC0FMT__
     _ADC0TIM                                   603       1       1       0   .__absdata__ADC0TIM__
     _ADC0STS                                   602       1       1       0   .__absdata__ADC0STS__
     _TIM0PTPSR                                 5EE       1       1       0   .__absdata__TIM0PTPSR__
     _TIM0OCPD                                  5EC       1       1       0   .__absdata__TIM0OCPD__
     _TIM0TFLG2                                 5CF       1       1       0   .__absdata__TIM0TFLG2__
     _TIM0TFLG1                                 5CE       1       1       0   .__absdata__TIM0TFLG1__
     _TIM0TSCR2                                 5CD       1       1       0   .__absdata__TIM0TSCR2__
     _TIM0TIE                                   5CC       1       1       0   .__absdata__TIM0TIE__
     _TIM0TCTL4                                 5CB       1       1       0   .__absdata__TIM0TCTL4__
     _TIM0TCTL3                                 5CA       1       1       0   .__absdata__TIM0TCTL3__
     _TIM0TCTL2                                 5C9       1       1       0   .__absdata__TIM0TCTL2__
     _TIM0TCTL1                                 5C8       1       1       0   .__absdata__TIM0TCTL1__
     _TIM0TTOV                                  5C7       1       1       0   .__absdata__TIM0TTOV__
     _TIM0TSCR1                                 5C6       1       1       0   .__absdata__TIM0TSCR1__
     _TIM0CFORC                                 5C1       1       1       0   .__absdata__TIM0CFORC__
     _TIM0TIOS                                  5C0       1       1       0   .__absdata__TIM0TIOS__
     _PWMSCLB                                   489       1       1       0   .__absdata__PWMSCLB__
     _PWMSCLA                                   488       1       1       0   .__absdata__PWMSCLA__
     _PWMCLKAB                                  486       1       1       0   .__absdata__PWMCLKAB__
     _PWMCTL                                    485       1       1       0   .__absdata__PWMCTL__
     _PWMCAE                                    484       1       1       0   .__absdata__PWMCAE__
     _PWMPRCLK                                  483       1       1       0   .__absdata__PWMPRCLK__
     _PWMCLK                                    482       1       1       0   .__absdata__PWMCLK__
     _PWMPOL                                    481       1       1       0   .__absdata__PWMPOL__
     _PWME                                      480       1       1       0   .__absdata__PWME__
     _TIM1PTPSR                                 42E       1       1       0   .__absdata__TIM1PTPSR__
     _TIM1OCPD                                  42C       1       1       0   .__absdata__TIM1OCPD__
     _TIM1TFLG2                                 40F       1       1       0   .__absdata__TIM1TFLG2__
     _TIM1TFLG1                                 40E       1       1       0   .__absdata__TIM1TFLG1__
     _TIM1TSCR2                                 40D       1       1       0   .__absdata__TIM1TSCR2__
     _TIM1TIE                                   40C       1       1       0   .__absdata__TIM1TIE__
     _TIM1TCTL4                                 40B       1       1       0   .__absdata__TIM1TCTL4__
     _TIM1TCTL2                                 409       1       1       0   .__absdata__TIM1TCTL2__
     _TIM1TTOV                                  407       1       1       0   .__absdata__TIM1TTOV__
     _TIM1TSCR1                                 406       1       1       0   .__absdata__TIM1TSCR1__
     _TIM1CFORC                                 401       1       1       0   .__absdata__TIM1CFORC__
     _TIM1TIOS                                  400       1       1       0   .__absdata__TIM1TIOS__
     _ECCDCMD                                   3CF       1       1       0   .__absdata__ECCDCMD__
     _ECCDE                                     3CE       1       1       0   .__absdata__ECCDE__
     _ECCDPTRL                                  3C9       1       1       0   .__absdata__ECCDPTRL__
     _ECCDPTRM                                  3C8       1       1       0   .__absdata__ECCDPTRM__
     _ECCDPTRH                                  3C7       1       1       0   .__absdata__ECCDPTRH__
     _ECCIF                                     3C2       1       1       0   .__absdata__ECCIF__
     _ECCIE                                     3C1       1       1       0   .__absdata__ECCIE__
     _ECCSTAT                                   3C0       1       1       0   .__absdata__ECCSTAT__
     _FOPT                                      38A       1       1       0   .__absdata__FOPT__
     _DFPROT                                    389       1       1       0   .__absdata__DFPROT__
     _FPROT                                     388       1       1       0   .__absdata__FPROT__
     _FERSTAT                                   387       1       1       0   .__absdata__FERSTAT__
     _FSTAT                                     386       1       1       0   .__absdata__FSTAT__
     _FERCNFG                                   385       1       1       0   .__absdata__FERCNFG__
     _FCNFG                                     384       1       1       0   .__absdata__FCNFG__
     _FPSTAT                                    383       1       1       0   .__absdata__FPSTAT__
     _FCCOBIX                                   382       1       1       0   .__absdata__FCCOBIX__
     _FSEC                                      381       1       1       0   .__absdata__FSEC__
     _FCLKDIV                                   380       1       1       0   .__absdata__FCLKDIV__
     _PIRL                                      33E       1       1       0   .__absdata__PIRL__
     _PTAL                                      33D       1       1       0   .__absdata__PTAL__
     _DIENL                                     33C       1       1       0   .__absdata__DIENL__
     _PIFL                                      337       1       1       0   .__absdata__PIFL__
     _PIEL                                      336       1       1       0   .__absdata__PIEL__
     _PPSL                                      334       1       1       0   .__absdata__PPSL__
     _PTIL                                      331       1       1       0   .__absdata__PTIL__
     _WOMJ                                      31F       1       1       0   .__absdata__WOMJ__
     _PPSJ                                      314       1       1       0   .__absdata__PPSJ__
     _PERJ                                      313       1       1       0   .__absdata__PERJ__
     _DDRJ                                      312       1       1       0   .__absdata__DDRJ__
     _PTIJ                                      311       1       1       0   .__absdata__PTIJ__
     _PTJ                                       310       1       1       0   .__absdata__PTJ__
     _RDRP                                      2FD       1       1       0   .__absdata__RDRP__
     _OCIFP                                     2FB       1       1       0   .__absdata__OCIFP__
     _OCIEP                                     2FA       1       1       0   .__absdata__OCIEP__
     _OCPEP                                     2F9       1       1       0   .__absdata__OCPEP__
     _PIFP                                      2F7       1       1       0   .__absdata__PIFP__
     _PIEP                                      2F6       1       1       0   .__absdata__PIEP__
     _PPSP                                      2F4       1       1       0   .__absdata__PPSP__
     _PERP                                      2F3       1       1       0   .__absdata__PERP__
     _DDRP                                      2F2       1       1       0   .__absdata__DDRP__
     _PTIP                                      2F1       1       1       0   .__absdata__PTIP__
     _PTP                                       2F0       1       1       0   .__absdata__PTP__
     _WOMS                                      2DF       1       1       0   .__absdata__WOMS__
     _PIFS                                      2D7       1       1       0   .__absdata__PIFS__
     _PIES                                      2D6       1       1       0   .__absdata__PIES__
     _PPSS                                      2D4       1       1       0   .__absdata__PPSS__
     _PERS                                      2D3       1       1       0   .__absdata__PERS__
     _DDRS                                      2D2       1       1       0   .__absdata__DDRS__
     _PTIS                                      2D1       1       1       0   .__absdata__PTIS__
     _PTS                                       2D0       1       1       0   .__absdata__PTS__
     _PPST                                      2C4       1       1       0   .__absdata__PPST__
     _PERT                                      2C3       1       1       0   .__absdata__PERT__
     _DDRT                                      2C2       1       1       0   .__absdata__DDRT__
     _PTIT                                      2C1       1       1       0   .__absdata__PTIT__
     _PTT                                       2C0       1       1       0   .__absdata__PTT__
     _PPSE                                      268       1       1       0   .__absdata__PPSE__
     _PERE                                      266       1       1       0   .__absdata__PERE__
     _DDRE                                      264       1       1       0   .__absdata__DDRE__
     _PTIE                                      262       1       1       0   .__absdata__PTIE__
     _PTE                                       260       1       1       0   .__absdata__PTE__
     _IRQCR                                     209       1       1       0   .__absdata__IRQCR__
     _ECLKCTL                                   208       1       1       0   .__absdata__ECLKCTL__
     _MODRR4                                    204       1       1       0   .__absdata__MODRR4__
     _MODRR3                                    203       1       1       0   .__absdata__MODRR3__
     _MODRR2                                    202       1       1       0   .__absdata__MODRR2__
     _MODRR1                                    201       1       1       0   .__absdata__MODRR1__
     _MODRR0                                    200       1       1       0   .__absdata__MODRR0__
     _DBGDAL                                    147       1       1       0   .__absdata__DBGDAL__
     _DBGDAM                                    146       1       1       0   .__absdata__DBGDAM__
     _DBGDAH                                    145       1       1       0   .__absdata__DBGDAH__
     _DBGDCTL                                   140       1       1       0   .__absdata__DBGDCTL__
     _DBGBAL                                    127       1       1       0   .__absdata__DBGBAL__
     _DBGBAM                                    126       1       1       0   .__absdata__DBGBAM__
     _DBGBAH                                    125       1       1       0   .__absdata__DBGBAH__
     _DBGBCTL                                   120       1       1       0   .__absdata__DBGBCTL__
     _DBGADM3                                   11F       1       1       0   .__absdata__DBGADM3__
     _DBGADM2                                   11E       1       1       0   .__absdata__DBGADM2__
     _DBGADM1                                   11D       1       1       0   .__absdata__DBGADM1__
     _DBGADM0                                   11C       1       1       0   .__absdata__DBGADM0__
     _DBGAD3                                    11B       1       1       0   .__absdata__DBGAD3__
     _DBGAD2                                    11A       1       1       0   .__absdata__DBGAD2__
     _DBGAD1                                    119       1       1       0   .__absdata__DBGAD1__
     _DBGAD0                                    118       1       1       0   .__absdata__DBGAD0__
     _DBGAAL                                    117       1       1       0   .__absdata__DBGAAL__
     _DBGAAM                                    116       1       1       0   .__absdata__DBGAAM__
     _DBGAAH                                    115       1       1       0   .__absdata__DBGAAH__
     _DBGACTL                                   110       1       1       0   .__absdata__DBGACTL__
     _DBGSR                                     10B       1       1       0   .__absdata__DBGSR__
     _DBGEFR                                    10A       1       1       0   .__absdata__DBGEFR__
     _DBGSCR3                                   109       1       1       0   .__absdata__DBGSCR3__
     _DBGSCR2                                   108       1       1       0   .__absdata__DBGSCR2__
     _DBGSCR1                                   107       1       1       0   .__absdata__DBGSCR1__
     _DBGC2                                     101       1       1       0   .__absdata__DBGC2__
     _DBGC1                                     100       1       1       0   .__absdata__DBGC1__
     _MMCPCL                                     87       1       1       0   .__absdata__MMCPCL__
     _MMCPCM                                     86       1       1       0   .__absdata__MMCPCM__
     _MMCPCH                                     85       1       1       0   .__absdata__MMCPCH__
     _MODE                                       70       1       1       0   .__absdata__MODE__
     _INT_CFDATA7                                1F       1       1       0   .__absdata__INT_CFDATA7__
     _INT_CFDATA6                                1E       1       1       0   .__absdata__INT_CFDATA6__
     _INT_CFDATA5                                1D       1       1       0   .__absdata__INT_CFDATA5__
     _INT_CFDATA4                                1C       1       1       0   .__absdata__INT_CFDATA4__
     _INT_CFDATA3                                1B       1       1       0   .__absdata__INT_CFDATA3__
     _INT_CFDATA2                                1A       1       1       0   .__absdata__INT_CFDATA2__
     _INT_CFDATA1                                19       1       1       0   .__absdata__INT_CFDATA1__
     _INT_CFDATA0                                18       1       1       0   .__absdata__INT_CFDATA0__
     _INT_CFADDR                                 17       1       1       0   .__absdata__INT_CFADDR__
MODULE:                 -- LINPHY0_c.obj --
- PROCEDURES:
     LINPHY0_Init                            FFEECB      3C      60       1   LINPHY0_CODE
- VARIABLES:
MODULE:                 -- TI1_c.obj --
- PROCEDURES:
     TI1_Interrupt                           FFC351      13      19       1   NON_BANKED  
- VARIABLES:
MODULE:                 -- Vectors_c.obj --
- PROCEDURES:
- VARIABLES:
     _InterruptVectorTable                   FFFE10     1EC     492       0   .__absdata__InterruptVectorTable__
     _ResetVectorTable                       FFFFFC       4       4       0   .__absdata__ResetVectorTable__

*********************************************************************************************
MODULE STATISTIC
  Name                                      Data   Code  Const
---------------------------------------------------------------------------------------------
  lin_cfg_c.obj                              193      3    359
  Events_c.obj                                 0     23      0
  main_c.obj                                   0    131      0
  sensores_c.obj                               9    128      2
[...]
lin_diagservice_assign_frame_id_range USES lin_ifc_configuration 
                                lin_tl_make_slaveres_pdu lin_process_parity 
lin_condittional_change_nad USES lin_ifc_configuration 
                                lin_tl_make_slaveres_pdu 
l_sys_init                USES lin_lld_timer_init 
l_ifc_init                USES lin_lld_init 
lin_pid_response_callback_handler USES lin_process_pid lin_update_tx 
                                lin_update_rx lin_bus_activity_timeout lin_handle_error 
lin_process_pid           USES lin_ifc_configuration lin_get_frame_index 
                                lin_tl_make_mreq_pdu lin_make_res_diag_frame lin_flag_handle_tbl 
                                lin_make_res_evnt_frame lin_process_uncd_frame lin_lld_set_response 
                                lin_lld_rx_response lin_lld_ignore_response 
lin_update_rx             USES lin_ifc_configuration lin_get_frame_index 
                                lin_update_rx_diag_frame lin_update_rx_evnt_frame lin_process_parity 
                                lin_process_uncd_frame lin_frame_flag_tbl lin_frame_tbl 
                                lin_flag_handle_tbl lin_update_word_status_lin21 
lin_update_tx             USES lin_ifc_configuration frame_signal_error 
                                lin_get_frame_index lin_update_tx_flags lin_frame_flag_tbl 
                                tl_check_timeout_type_array tl_check_timeout_array lin_update_err_signal 
                                lin_update_word_status_lin21 
lin_handle_error          USES lin_ifc_configuration lin_get_frame_index 
                                lin_lld_set_etf_collision_flag lin_tl_no_response lin_update_err_signal 
                                lin_update_word_status_lin21 
lin_bus_activity_timeout  USES lin_ifc_configuration 
                                lin_update_word_status_lin21 lin_lld_set_low_power_mode 
lin_update_tx_flags       USES lin_ifc_configuration lin_frame_tbl 
                                lin_flag_handle_tbl lin_tl_update_tx_flag 
lin_update_rx_diag_frame  USES lin_ifc_configuration 
                                lin_lld_set_low_power_mode lin_tl_put_pdu lin_tl_handler 
lin_make_res_diag_frame   USES lin_tl_get_pdu 
lin_get_frame_index       USES lin_ifc_configuration 
lin_process_uncd_frame    USES lin_ifc_configuration lin_get_frame_index 
                                lin_frame_tbl frame_signal_error lin_frame_updating_flag_tbl 
                                buffer_backup_data lin_pFrameBuf 
lin_update_word_status_lin21 USES lin_ifc_configuration 
                                lin_save_configuration_flg lin_get_frame_index 
lin_update_err_signal     USES lin_ifc_configuration lin_pFrameBuf 
lin_update_rx_evnt_frame  USES lin_ifc_configuration lin_get_frame_index 
                                lin_process_parity lin_process_uncd_frame 
lin_make_res_evnt_frame   USES lin_process_uncd_frame lin_process_parity 
                                lin_ifc_configuration 
SCI0_INT                  USES lin_lld_sci_isr 
TIMchan2_ISR              USES lin_lld_timer_isr 
lin_lld_sci_init          USES lin_node_descrs lin_ifc_configuration 
                                lin_goto_idle_state 
lin_lld_sci_ignore_response USES lin_goto_idle_state 
lin_lld_sci_set_low_power_mode USES lin_node_descrs 
lin_lld_sci_rx_response   USES lin_node_descrs 
lin_lld_sci_tx_response   USES lin_node_descrs lin_checksum 
lin_lld_sci_timeout       USES lin_node_descrs lin_ifc_configuration 
                                tl_check_timeout_type_array tl_check_timeout_array 
                                lin_pid_response_callback_handler lin_goto_idle_state 
lin_goto_idle_state       USES lin_node_descrs 
lin_lld_sci_isr           USES lin_node_descrs lin_goto_idle_state 
                                lin_max_frame_res_timeout_val lin_pid_response_callback_handler lin_checksum 
                                lin_process_parity 
lin_lld_timer_isr         USES lin_virtual_ifc lin_lld_sci_timeout 
PE_low_level_init         USES EI2C1_Init EI2C2_Init Shadow_P LINPHY0_Init 
EI2C1_Init                USES SlaveAddr 
EI2C2_Init                USES SlaveAddr 
Write                     USES DataPin2_SetDir ClockPin2_SetDir 
Read                      USES DataPin2_SetDir ClockPin2_SetDir 
GetAck                    USES DataPin2_SetDir ClockPin2_SetDir 
SetAck                    USES DataPin2_SetDir ClockPin2_SetDir 
InternalStop              USES DataPin2_SetDir ClockPin2_SetDir 
EI2C2_SendBlock           USES DataPin2_SetDir ClockPin2_SetDir SlaveAddr 
                                Write GetAck EI2C2_OnNACK InternalStop 
                                EI2C2_OnTxChar 
EI2C2_RecvBlock           USES DataPin2_SetDir ClockPin2_SetDir SlaveAddr 
                                Write GetAck EI2C2_OnNACK InternalStop Read 
                                EI2C2_OnRxChar SetAck 
EI2C2_SelectSlave         USES SlaveAddr 
_InterruptVectorTable     USES Cpu_ivVReserved123 Cpu_ivVReserved122 
                                Cpu_ivVReserved121 Cpu_ivVReserved120 Cpu_ivVReserved119 
                                Cpu_ivVReserved118 Cpu_ivVReserved117 Cpu_ivVReserved116 
                                Cpu_ivVReserved115 Cpu_ivVReserved114 Cpu_ivVReserved113 
                                Cpu_ivVReserved112 Cpu_ivVReserved111 Cpu_ivVReserved110 
                                Cpu_ivVReserved109 Cpu_ivVReserved108 Cpu_ivVReserved107 
                                Cpu_ivVReserved106 Cpu_ivVReserved105 Cpu_ivVReserved104 
                                Cpu_ivViic Cpu_ivVReserved102 Cpu_ivVReserved101 
                                Cpu_ivVReserved100 Cpu_ivVReserved99 Cpu_ivVReserved98 
                                Cpu_ivVReserved97 Cpu_ivVReserved96 Cpu_ivVReserved95 
                                Cpu_ivVReserved94 Cpu_ivVReserved93 Cpu_ivVtim1ovf 
                                Cpu_ivVReserved91 Cpu_ivVReserved90 Cpu_ivVReserved89 
                                Cpu_ivVReserved88 Cpu_ivVReserved87 Cpu_ivVReserved86 
                                Cpu_ivVtim1ch1 TI1_Interrupt Cpu_ivVReserved83 
                                Cpu_ivVReserved82 Cpu_ivVReserved81 Cpu_ivVReserved80 
                                Cpu_ivVportl Cpu_ivVReserved78 Cpu_ivVReserved77 
                                Cpu_ivVReserved76 Cpu_ivVReserved75 Cpu_ivVReserved74 
                                Cpu_ivVReserved73 Cpu_ivVReserved72 Cpu_ivVReserved71 
                                Cpu_ivVReserved70 Cpu_ivVReserved69 Cpu_ivVReserved68 
                                Cpu_ivVReserved67 Cpu_ivVportad Cpu_ivVReserved65 Cpu_ivVhti 
                                Cpu_ivVapi Cpu_ivVlvi Cpu_ivVevddx Cpu_ivVportp 
                                Cpu_ivVReserved59 Cpu_ivVReserved58 Cpu_ivVReserved57 
                                Cpu_ivVReserved56 Cpu_ivVReserved55 Cpu_ivVports 
                                Cpu_ivVReserved53 Cpu_ivVReserved52 Cpu_ivVReserved51 
                                Cpu_ivVReserved50 Cpu_ivVReserved49 Cpu_ivVReserved48 
                                Cpu_ivVbats LinPhy_ISR Cpu_ivVReserved45 Cpu_ivVReserved44 
                                Cpu_ivVReserved43 Cpu_ivVReserved42 Cpu_ivVReserved41 
                                Cpu_ivVReserved40 Cpu_ivVflash Cpu_ivVflasherr Cpu_ivVReserved37 
                                Cpu_ivVReserved36 Cpu_ivVRAM_err Cpu_ivVReserved34 
                                Cpu_ivVReserved33 Cpu_ivVcpmuplllck Cpu_ivVcpmuosc 
                                Cpu_ivVadc0conv_compl Cpu_ivVadc0conv_seq_abrt Cpu_ivVadc0err 
                                Cpu_ivVReserved27 Cpu_ivVReserved26 Cpu_ivVsci1 SCI0_INT 
                                Cpu_ivVspi0 Cpu_ivVReserved22 Cpu_ivVReserved21 
                                Cpu_ivVtim0ovf Cpu_ivVReserved19 Cpu_ivVReserved18 
                                Cpu_ivVtim0ch5 Cpu_ivVtim0ch4 Cpu_ivVtim0ch3 TIMchan2_ISR 
                                Cpu_ivVtim0ch1 Cpu_ivVtim0ch0 Cpu_ivVrti Cpu_ivVirq 
                                Cpu_ivVxirq Cpu_ivVsi Cpu_ivVReserved7 Cpu_ivVReserved6 
                                Cpu_ivVme Cpu_ivVsys Cpu_ivVswi Cpu_ivVtrap Cpu_ivVspare 
_ResetVectorTable         USES _EntryPoint 

*********************************************************************************************
DEPENDENCY TREE
*********************************************************************************************
 main and _Startup Group
 | 
 +- main                
 |  | 
 |  +- PE_low_level_init   
 |  |  | 
 |  |  +- EI2C1_Init          
 |  |  |    
 |  |  +- EI2C2_Init          
 |  |  |    
 |  |  +- LINPHY0_Init        
 |  |       
 |  +- Reset_Sensor_RH     
 |  |    
 |  +- l_sys_init          
 |  |  | 
 |  |  +- lin_lld_timer_init  
 |  |     | 
 |  |     +- lin_lld_timer_S12_init
 |  |          
 |  +- l_ifc_init          
 |  |  | 
 |  |  +- lin_lld_init        
 |  |     | 
 |  |     +- lin_lld_sci_init    
 |  |        | 
 |  |        +- lin_goto_idle_state 
 |  |             
 |  +- Lectura_Sensor_RH   
 |     | 
 |     +- EI2C2_SelectSlave   
 |     |    
 |     +- EI2C2_SendBlock     
 |     |  | 
 |     |  +- DataPin2_SetDir     
 |     |  |    
 |     |  +- ClockPin2_SetDir    
 |     |  |    
 |     |  +- Write               
 |     |  |  | 
 |     |  |  +- DataPin2_SetDir      (see above)
 |     |  |  |  
 |     |  |  +- ClockPin2_SetDir     (see above)
 |     |  |     
 |     |  +- GetAck              
 |     |  |  | 
 |     |  |  +- DataPin2_SetDir      (see above)
 |     |  |  |  
 |     |  |  +- ClockPin2_SetDir     (see above)
 |     |  |     
 |     |  +- EI2C2_OnNACK        
 |     |  |    
 |     |  +- InternalStop        
 |     |  |  | 
 |     |  |  +- DataPin2_SetDir      (see above)
 |     |  |  |  
 |     |  |  +- ClockPin2_SetDir     (see above)
 |     |  |     
 |     |  +- EI2C2_OnTxChar      
 |     |       
 |     +- EI2C2_RecvBlock     
 |        | 
 |        +- DataPin2_SetDir      (see above)
 |        |  
 |        +- ClockPin2_SetDir     (see above)
 |        |  
 |        +- Write                (see above)
 |        |  
 |        +- GetAck               (see above)
 |        |  
 |        +- EI2C2_OnNACK         (see above)
 |        |  
 |        +- InternalStop         (see above)
 |        |  
 |        +- Read                
 |        |  | 
 |        |  +- DataPin2_SetDir      (see above)
 |        |  |  
 |        |  +- ClockPin2_SetDir     (see above)
 |        |     
 |        +- EI2C2_OnRxChar      
 |        |    
 |        +- SetAck              
 |           | 
 |           +- DataPin2_SetDir      (see above)
 |           |  
 |           +- ClockPin2_SetDir     (see above)
 |              
 +- _EntryPoint         
    | 
    +- _Startup            
       | 
       +- DoZeroOut           
       |    
       +- DoCopyDown          
       |    
       +- main                 (see above)
          
 _InterruptVectorTable
 | 
 +- Cpu_ivVReserved123  
 |    
 +- Cpu_ivVReserved122  
 |    
 +- Cpu_ivVReserved121  
 |    
 +- Cpu_ivVReserved120  
 |    
 +- Cpu_ivVReserved119  
 |    
 +- Cpu_ivVReserved118  
 |    
 +- Cpu_ivVReserved117  
 |    
 +- Cpu_ivVReserved116  
 |    
 +- Cpu_ivVReserved115  
 |    
 +- Cpu_ivVReserved114  
 |    
 +- Cpu_ivVReserved113  
 |    
 +- Cpu_ivVReserved112  
 |    
 +- Cpu_ivVReserved111  
 |    
 +- Cpu_ivVReserved110  
 |    
 +- Cpu_ivVReserved109  
 |    
 +- Cpu_ivVReserved108  
 |    
 +- Cpu_ivVReserved107  
 |    
 +- Cpu_ivVReserved106  
 |    
 +- Cpu_ivVReserved105  
 |    
 +- Cpu_ivVReserved104  
 |    
 +- Cpu_ivViic          
 |    
 +- Cpu_ivVReserved102  
 |    
 +- Cpu_ivVReserved101  
 |    
 +- Cpu_ivVReserved100  
 |    
 +- Cpu_ivVReserved99   
 |    
 +- Cpu_ivVReserved98   
 |    
 +- Cpu_ivVReserved97   
 |    
 +- Cpu_ivVReserved96   
 |    
 +- Cpu_ivVReserved95   
 |    
 +- Cpu_ivVReserved94   
 |    
 +- Cpu_ivVReserved93   
 |    
 +- Cpu_ivVtim1ovf      
 |    
 +- Cpu_ivVReserved91   
 |    
 +- Cpu_ivVReserved90   
 |    
 +- Cpu_ivVReserved89   
 |    
 +- Cpu_ivVReserved88   
 |    
 +- Cpu_ivVReserved87   
 |    
 +- Cpu_ivVReserved86   
 |    
 +- Cpu_ivVtim1ch1      
 |    
 +- TI1_Interrupt       
 |  | 
 |  +- TI1_OnInterrupt     
 |       
 +- Cpu_ivVReserved83   
 |    
 +- Cpu_ivVReserved82   
 |    
 +- Cpu_ivVReserved81   
 |    
 +- Cpu_ivVReserved80   
 |    
 +- Cpu_ivVportl        
 |    
 +- Cpu_ivVReserved78   
 |    
 +- Cpu_ivVReserved77   
 |    
 +- Cpu_ivVReserved76   
 |    
 +- Cpu_ivVReserved75   
 |    
 +- Cpu_ivVReserved74   
 |    
 +- Cpu_ivVReserved73   
 |    
 +- Cpu_ivVReserved72   
 |    
 +- Cpu_ivVReserved71   
 |    
 +- Cpu_ivVReserved70   
 |    
 +- Cpu_ivVReserved69   
 |    
 +- Cpu_ivVReserved68   
 |    
 +- Cpu_ivVReserved67   
 |    
 +- Cpu_ivVportad       
 |    
 +- Cpu_ivVReserved65   
 |    
 +- Cpu_ivVhti          
 |    
 +- Cpu_ivVapi          
 |    
 +- Cpu_ivVlvi          
 |    
 +- Cpu_ivVevddx        
 |    
 +- Cpu_ivVportp        
 |    
 +- Cpu_ivVReserved59   
 |    
 +- Cpu_ivVReserved58   
 |    
 +- Cpu_ivVReserved57   
 |    
 +- Cpu_ivVReserved56   
 |    
 +- Cpu_ivVReserved55   
 |    
 +- Cpu_ivVports        
 |    
 +- Cpu_ivVReserved53   
 |    
 +- Cpu_ivVReserved52   
 |    
 +- Cpu_ivVReserved51   
 |    
 +- Cpu_ivVReserved50   
 |    
 +- Cpu_ivVReserved49   
 |    
 +- Cpu_ivVReserved48   
 |    
 +- Cpu_ivVbats         
 |    
 +- LinPhy_ISR          
 |    
 +- Cpu_ivVReserved45   
 |    
 +- Cpu_ivVReserved44   
 |    
 +- Cpu_ivVReserved43   
 |    
 +- Cpu_ivVReserved42   
 |    
 +- Cpu_ivVReserved41   
 |    
 +- Cpu_ivVReserved40   
 |    
 +- Cpu_ivVflash        
 |    
 +- Cpu_ivVflasherr     
 |    
 +- Cpu_ivVReserved37   
 |    
 +- Cpu_ivVReserved36   
 |    
 +- Cpu_ivVRAM_err      
 |    
 +- Cpu_ivVReserved34   
 |    
 +- Cpu_ivVReserved33   
 |    
 +- Cpu_ivVcpmuplllck   
 |    
 +- Cpu_ivVcpmuosc      
 |    
 +- Cpu_ivVadc0conv_compl
 |    
 +- Cpu_ivVadc0conv_seq_abrt
 |    
 +- Cpu_ivVadc0err      
 |    
 +- Cpu_ivVReserved27   
 |    
 +- Cpu_ivVReserved26   
 |    
 +- Cpu_ivVsci1         
 |    
 +- SCI0_INT            
 |  | 
 |  +- lin_lld_sci_isr     
 |     | 
 |     +- lin_goto_idle_state  (see above)
 |     |  
 |     +- lin_pid_response_callback_handler
 |     |  | 
 |     |  +- lin_process_pid     
 |     |  |  | 
 |     |  |  +- lin_get_frame_index 
 |     |  |  |    
 |     |  |  +- lin_tl_make_mreq_pdu
 |     |  |  |    
 |     |  |  +- lin_make_res_diag_frame
 |     |  |  |  | 
 |     |  |  |  +- lin_tl_get_pdu      
 |     |  |  |       
 |     |  |  +- lin_make_res_evnt_frame
 |     |  |  |  | 
 |     |  |  |  +- lin_process_uncd_frame
 |     |  |  |  |  | 
 |     |  |  |  |  +- lin_get_frame_index  (see above)
 |     |  |  |  |     
 |     |  |  |  +- lin_process_parity  
 |     |  |  |       
 |     |  |  +- lin_process_uncd_frame (see above)
 |     |  |  |  
 |     |  |  +- lin_lld_set_response
 |     |  |  |  | 
 |     |  |  |  +- lin_lld_sci_tx_response
 |     |  |  |     | 
 |     |  |  |     +- lin_checksum        
 |     |  |  |          
 |     |  |  +- lin_lld_rx_response 
 |     |  |  |  | 
 |     |  |  |  +- lin_lld_sci_rx_response
 |     |  |  |       
 |     |  |  +- lin_lld_ignore_response
 |     |  |     | 
 |     |  |     +- lin_lld_sci_ignore_response
 |     |  |        | 
 |     |  |        +- lin_goto_idle_state  (see above)
 |     |  |           
 |     |  +- lin_update_tx       
 |     |  |  | 
 |     |  |  +- lin_get_frame_index  (see above)
 |     |  |  |  
 |     |  |  +- lin_update_tx_flags 
 |     |  |  |  | 
 |     |  |  |  +- lin_tl_update_tx_flag
 |     |  |  |       
 |     |  |  +- lin_update_err_signal
 |     |  |  |    
 |     |  |  +- lin_update_word_status_lin21
 |     |  |     | 
 |     |  |     +- lin_get_frame_index  (see above)
 |     |  |        
 |     |  +- lin_update_rx       
 |     |  |  | 
 |     |  |  +- lin_get_frame_index  (see above)
 |     |  |  |  
 |     |  |  +- lin_update_rx_diag_frame
 |     |  |  |  | 
 |     |  |  |  +- lin_lld_set_low_power_mode
 |     |  |  |  |  | 
 |     |  |  |  |  +- lin_lld_sci_set_low_power_mode
 |     |  |  |  |       
 |     |  |  |  +- lin_tl_put_pdu      
 |     |  |  |  |    
 |     |  |  |  +- lin_tl_handler      
 |     |  |  |     | 
 |     |  |  |     +- lin_tl_attach_service
 |     |  |  |     |  | 
 |     |  |  |     |  +- lin_condittional_change_nad
 |     |  |  |     |  |  | 
 |     |  |  |     |  |  +- lin_tl_make_slaveres_pdu
 |     |  |  |     |  |     | 
 |     |  |  |     |  |     +- ld_read_by_id_callout
 |     |  |  |     |  |          
 |     |  |  |     |  +- lin_tl_make_slaveres_pdu (see above)
 |     |  |  |     |  |  
 |     |  |  |     |  +- lin_diagservice_assign_frame_id_range
 |     |  |  |     |  |  | 
 |     |  |  |     |  |  +- lin_tl_make_slaveres_pdu (see above)
 |     |  |  |     |  |  |  
 |     |  |  |     |  |  +- lin_process_parity   (see above)
 |     |  |  |     |  |     
 |     |  |  |     |  +- lin_diagservice_read_by_identifier
 |     |  |  |     |     | 
 |     |  |  |     |     +- lin_tl_make_slaveres_pdu (see above)
 |     |  |  |     |     |  
 |     |  |  |     |     +- ld_read_by_id_callout (see above)
 |     |  |  |     |        
 |     |  |  |     +- lin_tl_get_response 
 |     |  |  |          
 |     |  |  +- lin_update_rx_evnt_frame
 |     |  |  |  | 
 |     |  |  |  +- lin_get_frame_index  (see above)
 |     |  |  |  |  
 |     |  |  |  +- lin_process_parity   (see above)
 |     |  |  |  |  
 |     |  |  |  +- lin_process_uncd_frame (see above)
 |     |  |  |     
 |     |  |  +- lin_process_parity   (see above)
 |     |  |  |  
 |     |  |  +- lin_process_uncd_frame (see above)
 |     |  |  |  
 |     |  |  +- lin_update_word_status_lin21 (see above)
 |     |  |     
 |     |  +- lin_bus_activity_timeout
 |     |  |  | 
 |     |  |  +- lin_update_word_status_lin21 (see above)
 |     |  |  |  
 |     |  |  +- lin_lld_set_low_power_mode (see above)
 |     |  |     
 |     |  +- lin_handle_error    
 |     |     | 
 |     |     +- lin_get_frame_index  (see above)
 |     |     |  
 |     |     +- lin_lld_set_etf_collision_flag
 |     |     |    
 |     |     +- lin_tl_no_response  
 |     |     |    
 |     |     +- lin_update_err_signal (see above)
 |     |     |  
 |     |     +- lin_update_word_status_lin21 (see above)
 |     |        
 |     +- lin_checksum         (see above)
 |     |  
 |     +- lin_process_parity   (see above)
 |        
 +- Cpu_ivVspi0         
 |    
 +- Cpu_ivVReserved22   
 |    
 +- Cpu_ivVReserved21   
 |    
 +- Cpu_ivVtim0ovf      
 |    
 +- Cpu_ivVReserved19   
 |    
 +- Cpu_ivVReserved18   
 |    
 +- Cpu_ivVtim0ch5      
 |    
 +- Cpu_ivVtim0ch4      
 |    
 +- Cpu_ivVtim0ch3      
 |    
 +- TIMchan2_ISR        
 |  | 
 |  +- lin_lld_timer_isr   
 |     | 
 |     +- lin_lld_sci_timeout 
 |        | 
 |        +- lin_pid_response_callback_handler (see above)
 |        |  
 |        +- lin_goto_idle_state  (see above)
 |           
 +- Cpu_ivVtim0ch1      
 |    
 +- Cpu_ivVtim0ch0      
 |    
 +- Cpu_ivVrti          
 |    
 +- Cpu_ivVirq          
 |    
 +- Cpu_ivVxirq         
 |    
 +- Cpu_ivVsi           
 |    
 +- Cpu_ivVReserved7    
 |    
 +- Cpu_ivVReserved6    
 |    
 +- Cpu_ivVme           
 |    
 +- Cpu_ivVsys          
 |    
 +- Cpu_ivVswi          
 |    
 +- Cpu_ivVtrap         
 |    
 +- Cpu_ivVspare        
      
 _ResetVectorTable   
 | 
 +- _EntryPoint          (see above)
    
*********************************************************************************************
STATISTIC SECTION
---------------------------------------------------------------------------------------------

ExeFile:
--------
Number of blocks to be downloaded: 9
Total size of all blocks to be downloaded: 12635

