*** EVALUATION ***
PROGRAM "TM3.elf"

*********************************************************************************************
TARGET SECTION
---------------------------------------------------------------------------------------------
Processor   : Freescale S12Z
Memory Model: SMALL
File Format : ELF\DWARF 2.0
Linker      : SmartLinker V-5.0.55 Build 19351, Dec 18 2019

*********************************************************************************************
FILE SECTION
---------------------------------------------------------------------------------------------
lin_cfg_c.obj                           Model: SMALL,         Lang: ANSI-C,        Compiler Version: C/C++ Compiler for S12/L-ISA v-5.0.47 build 19351
main_c.obj                              Model: SMALL,         Lang: ANSI-C,        Compiler Version: C/C++ Compiler for S12/L-ISA v-5.0.47 build 19351
starts12z_c.obj                         Model: SMALL,         Lang: ANSI-C,        Compiler Version: C/C++ Compiler for S12/L-ISA v-5.0.47 build 19351
lin_commontl_proto_c.obj                Model: SMALL,         Lang: ANSI-C,        Compiler Version: C/C++ Compiler for S12/L-ISA v-5.0.47 build 19351
lin_c.obj                               Model: SMALL,         Lang: ANSI-C,        Compiler Version: C/C++ Compiler for S12/L-ISA v-5.0.47 build 19351
lin_diagnostic_service_c.obj            Model: SMALL,         Lang: ANSI-C,        Compiler Version: C/C++ Compiler for S12/L-ISA v-5.0.47 build 19351
lin_common_proto_c.obj                  Model: SMALL,         Lang: ANSI-C,        Compiler Version: C/C++ Compiler for S12/L-ISA v-5.0.47 build 19351
lin_lin21_proto_c.obj                   Model: SMALL,         Lang: ANSI-C,        Compiler Version: C/C++ Compiler for S12/L-ISA v-5.0.47 build 19351
lin_isr_c.obj                           Model: SMALL,         Lang: ANSI-C,        Compiler Version: C/C++ Compiler for S12/L-ISA v-5.0.47 build 19351
lin_lld_sci_c.obj                       Model: SMALL,         Lang: ANSI-C,        Compiler Version: C/C++ Compiler for S12/L-ISA v-5.0.47 build 19351
lin_lld_timesrv_c.obj                   Model: SMALL,         Lang: ANSI-C,        Compiler Version: C/C++ Compiler for S12/L-ISA v-5.0.47 build 19351
CI2C1_c.obj                             Model: SMALL,         Lang: ANSI-C,        Compiler Version: C/C++ Compiler for S12/L-ISA v-5.0.47 build 19351
Cpu_c.obj                               Model: SMALL,         Lang: ANSI-C,        Compiler Version: C/C++ Compiler for S12/L-ISA v-5.0.47 build 19351
EI2C1_c.obj                             Model: SMALL,         Lang: ANSI-C,        Compiler Version: C/C++ Compiler for S12/L-ISA v-5.0.47 build 19351
IO_Map_c.obj                            Model: SMALL,         Lang: ANSI-C,        Compiler Version: C/C++ Compiler for S12/L-ISA v-5.0.47 build 19351
LINPHY0_c.obj                           Model: SMALL,         Lang: ANSI-C,        Compiler Version: C/C++ Compiler for S12/L-ISA v-5.0.47 build 19351
Vectors_c.obj                           Model: SMALL,         Lang: ANSI-C,        Compiler Version: C/C++ Compiler for S12/L-ISA v-5.0.47 build 19351

*********************************************************************************************
STARTUP SECTION
---------------------------------------------------------------------------------------------
Entry point: 0xFFC003 (_EntryPoint)
_startupData is allocated at 0xFFC061 and uses 20 Bytes
extern struct _tagStartup {
  unsigned nofZeroOut     1
  _Range   pZeroOut       0x1000     125
  _Copy    *toCopyDownBeg 0xFFD6ED
  int      nofInitBodies  0
  _Cpp     *initBodies    0xFFC07C
  int      nofFiniBodies  0
  _Cpp     *finiBodies    0xFFC07C
} _startupData;

*********************************************************************************************
SECTION-ALLOCATION SECTION
Section Name                    Size  Type     From       To       Segment
---------------------------------------------------------------------------------------------
.init                             97     R   0xFFC000   0xFFC060   ROM
.startData                        27     R   0xFFC061   0xFFC07B   ROM
.rodata                          120     R   0xFFC07C   0xFFC0F3   ROM
.text                           5545     R   0xFFC0F4   0xFFD69C   ROM
.copy                             37     R   0xFFD6ED   0xFFD711   ROM
.data                             34   R/W     0x1000     0x1021   RAM
.__absdata_ADC0RBP__               3   N/I      0x621      0x623   .absSeg0
.__absdata_ADC0CBP__               3   N/I      0x61D      0x61F   .absSeg1
.__absdata_ECCDPTR__               3   N/I      0x3C7      0x3C9   .absSeg2
.__absdata_DBGDA__                 3   N/I      0x145      0x147   .absSeg3
.__absdata_DBGBA__                 3   N/I      0x125      0x127   .absSeg4
.__absdata_DBGAA__                 3   N/I      0x115      0x117   .absSeg5
.__absdata_MMCPC__                 3   N/I       0x85       0x87   .absSeg6
.__absdata__ADC0CMD__              4   N/I      0x614      0x617   .absSeg7
.__absdata__PARTID__               4   N/I        0x0        0x3   .absSeg8
.__absdata__SPI0DR__               2   N/I      0x784      0x785   .absSeg9
.__absdata__SCI1BD__               2   N/I      0x710      0x711   .absSeg10
.__absdata__SCI0BD__               2   N/I      0x700      0x701   .absSeg11
.__absdata__CPMUIRCTRIM__          2   N/I      0x6D8      0x6D9   .absSeg12
.__absdata__CPMUAPIR__             2   N/I      0x6D4      0x6D5   .absSeg13
.__absdata__ADC0IMDRI__            2   N/I      0x60E      0x60F   .absSeg14
.__absdata__ADC0CONIF__            2   N/I      0x60C      0x60D   .absSeg15
.__absdata__ADC0CONIE__            2   N/I      0x60A      0x60B   .absSeg16
.__absdata__ADC0CTL__              2   N/I      0x600      0x601   .absSeg17
.__absdata__TIM0TC5__              2   N/I      0x5DA      0x5DB   .absSeg18
.__absdata__TIM0TC4__              2   N/I      0x5D8      0x5D9   .absSeg19
.__absdata__TIM0TC3__              2   N/I      0x5D6      0x5D7   .absSeg20
.__absdata__TIM0TC2__              2   N/I      0x5D4      0x5D5   .absSeg21
.__absdata__TIM0TC1__              2   N/I      0x5D2      0x5D3   .absSeg22
.__absdata__TIM0TC0__              2   N/I      0x5D0      0x5D1   .absSeg23
.__absdata__TIM0TCNT__             2   N/I      0x5C4      0x5C5   .absSeg24
.__absdata__PWMDTY67__             2   N/I      0x4A2      0x4A3   .absSeg25
.__absdata__PWMDTY45__             2   N/I      0x4A0      0x4A1   .absSeg26
.__absdata__PWMDTY23__             2   N/I      0x49E      0x49F   .absSeg27
.__absdata__PWMDTY01__             2   N/I      0x49C      0x49D   .absSeg28
.__absdata__PWMPER67__             2   N/I      0x49A      0x49B   .absSeg29
.__absdata__PWMPER45__             2   N/I      0x498      0x499   .absSeg30
.__absdata__PWMPER23__             2   N/I      0x496      0x497   .absSeg31
.__absdata__PWMPER01__             2   N/I      0x494      0x495   .absSeg32
.__absdata__PWMCNT67__             2   N/I      0x492      0x493   .absSeg33
.__absdata__PWMCNT45__             2   N/I      0x490      0x491   .absSeg34
.__absdata__PWMCNT23__             2   N/I      0x48E      0x48F   .absSeg35
.__absdata__PWMCNT01__             2   N/I      0x48C      0x48D   .absSeg36
.__absdata__TIM1TC1__              2   N/I      0x412      0x413   .absSeg37
.__absdata__TIM1TC0__              2   N/I      0x410      0x411   .absSeg38
.__absdata__TIM1TCNT__             2   N/I      0x404      0x405   .absSeg39
.__absdata__ECCDD__                2   N/I      0x3CC      0x3CD   .absSeg40
.__absdata__FCCOB5__               2   N/I      0x396      0x397   .absSeg41
.__absdata__FCCOB4__               2   N/I      0x394      0x395   .absSeg42
.__absdata__FCCOB3__               2   N/I      0x392      0x393   .absSeg43
.__absdata__FCCOB2__               2   N/I      0x390      0x391   .absSeg44
.__absdata__FCCOB1__               2   N/I      0x38E      0x38F   .absSeg45
.__absdata__FCCOB0__               2   N/I      0x38C      0x38D   .absSeg46
.__absdata__DIENAD__               2   N/I      0x298      0x299   .absSeg47
.__absdata__PIFAD__                2   N/I      0x28E      0x28F   .absSeg48
.__absdata__PIEAD__                2   N/I      0x28C      0x28D   .absSeg49
.__absdata__PPSAD__                2   N/I      0x288      0x289   .absSeg50
.__absdata__PERAD__                2   N/I      0x286      0x287   .absSeg51
.__absdata__DDRAD__                2   N/I      0x284      0x285   .absSeg52
.__absdata__PTIAD__                2   N/I      0x282      0x283   .absSeg53
.__absdata__PTAD__                 2   N/I      0x280      0x281   .absSeg54
.__absdata__MMCCCR__               2   N/I       0x82       0x83   .absSeg55
.__absdata__MMCEC__                2   N/I       0x80       0x81   .absSeg56
.__absdata__IVBR__                 2   N/I       0x10       0x11   .absSeg57
.__absdata__LP0IF__                1   N/I      0x987      0x987   .absSeg58
.__absdata__LP0IE__                1   N/I      0x986      0x986   .absSeg59
.__absdata__LP0SR__                1   N/I      0x985      0x985   .absSeg60
.__absdata__LP0SLRM__              1   N/I      0x983      0x983   .absSeg61
.__absdata__LP0CR__                1   N/I      0x981      0x981   .absSeg62
.__absdata__LP0DR__                1   N/I      0x980      0x980   .absSeg63
.__absdata__IIC0IBCR2__            1   N/I      0x7C5      0x7C5   .absSeg64
.__absdata__IIC0IBDR__             1   N/I      0x7C4      0x7C4   .absSeg65
.__absdata__IIC0IBSR__             1   N/I      0x7C3      0x7C3   .absSeg66
.__absdata__IIC0IBCR__             1   N/I      0x7C2      0x7C2   .absSeg67
.__absdata__IIC0IBFD__             1   N/I      0x7C1      0x7C1   .absSeg68
.__absdata__IIC0IBAD__             1   N/I      0x7C0      0x7C0   .absSeg69
.__absdata__SPI0SR__               1   N/I      0x783      0x783   .absSeg70
.__absdata__SPI0BR__               1   N/I      0x782      0x782   .absSeg71
.__absdata__SPI0CR2__              1   N/I      0x781      0x781   .absSeg72
.__absdata__SPI0CR1__              1   N/I      0x780      0x780   .absSeg73
.__absdata__SCI1DRL__              1   N/I      0x717      0x717   .absSeg74
.__absdata__SCI1DRH__              1   N/I      0x716      0x716   .absSeg75
.__absdata__SCI1SR2__              1   N/I      0x715      0x715   .absSeg76
.__absdata__SCI1SR1__              1   N/I      0x714      0x714   .absSeg77
.__absdata__SCI1CR2__              1   N/I      0x713      0x713   .absSeg78
.__absdata__SCI1ACR2__             1   N/I      0x712      0x712   .absSeg79
.__absdata__SCI0DRL__              1   N/I      0x707      0x707   .absSeg80
.__absdata__SCI0DRH__              1   N/I      0x706      0x706   .absSeg81
.__absdata__SCI0SR2__              1   N/I      0x705      0x705   .absSeg82
.__absdata__SCI0SR1__              1   N/I      0x704      0x704   .absSeg83
.__absdata__SCI0CR2__              1   N/I      0x703      0x703   .absSeg84
.__absdata__SCI0ACR2__             1   N/I      0x702      0x702   .absSeg85
.__absdata__BATIF__                1   N/I      0x6F3      0x6F3   .absSeg86
.__absdata__BATIE__                1   N/I      0x6F2      0x6F2   .absSeg87
.__absdata__BATSR__                1   N/I      0x6F1      0x6F1   .absSeg88
.__absdata__BATE__                 1   N/I      0x6F0      0x6F0   .absSeg89
.__absdata__CPMUOSC2__             1   N/I      0x6DE      0x6DE   .absSeg90
.__absdata__CPMUVREGCTL__          1   N/I      0x6DD      0x6DD   .absSeg91
.__absdata__CPMUPROT__             1   N/I      0x6DB      0x6DB   .absSeg92
.__absdata__CPMUOSC__              1   N/I      0x6DA      0x6DA   .absSeg93
.__absdata__CPMUHTTR__             1   N/I      0x6D7      0x6D7   .absSeg94
.__absdata__CPMUACLKTR__           1   N/I      0x6D3      0x6D3   .absSeg95
.__absdata__CPMUAPICTL__           1   N/I      0x6D2      0x6D2   .absSeg96
.__absdata__CPMULVCTL__            1   N/I      0x6D1      0x6D1   .absSeg97
.__absdata__CPMUHTCTL__            1   N/I      0x6D0      0x6D0   .absSeg98
.__absdata__CPMUARMCOP__           1   N/I      0x6CF      0x6CF   .absSeg99
.__absdata__CPMUCOP__              1   N/I      0x6CC      0x6CC   .absSeg100
.__absdata__CPMURTI__              1   N/I      0x6CB      0x6CB   .absSeg101
.__absdata__CPMUPLL__              1   N/I      0x6CA      0x6CA   .absSeg102
.__absdata__CPMUCLKS__             1   N/I      0x6C9      0x6C9   .absSeg103
.__absdata__CPMUINT__              1   N/I      0x6C8      0x6C8   .absSeg104
.__absdata__CPMUIFLG__             1   N/I      0x6C7      0x6C7   .absSeg105
.__absdata__CPMUPOSTDIV__          1   N/I      0x6C6      0x6C6   .absSeg106
.__absdata__CPMUREFDIV__           1   N/I      0x6C5      0x6C5   .absSeg107
.__absdata__CPMUSYNR__             1   N/I      0x6C4      0x6C4   .absSeg108
.__absdata__CPMURFLG__             1   N/I      0x6C3      0x6C3   .absSeg109
.__absdata__ADC0CROFF1__           1   N/I      0x625      0x625   .absSeg110
.__absdata__ADC0CROFF0__           1   N/I      0x624      0x624   .absSeg111
.__absdata__ADC0RBP_2__            1   N/I      0x623      0x623   .absSeg112
.__absdata__ADC0RBP_1__            1   N/I      0x622      0x622   .absSeg113
.__absdata__ADC0RBP_0__            1   N/I      0x621      0x621   .absSeg114
.__absdata__ADC0RIDX__             1   N/I      0x620      0x620   .absSeg115
.__absdata__ADC0CBP_2__            1   N/I      0x61F      0x61F   .absSeg116
.__absdata__ADC0CBP_1__            1   N/I      0x61E      0x61E   .absSeg117
.__absdata__ADC0CBP_0__            1   N/I      0x61D      0x61D   .absSeg118
.__absdata__ADC0CIDX__             1   N/I      0x61C      0x61C   .absSeg119
.__absdata__ADC0EOLRI__            1   N/I      0x610      0x610   .absSeg120
.__absdata__ADC0IF__               1   N/I      0x609      0x609   .absSeg121
.__absdata__ADC0EIF__              1   N/I      0x608      0x608   .absSeg122
.__absdata__ADC0IE__               1   N/I      0x607      0x607   .absSeg123
.__absdata__ADC0EIE__              1   N/I      0x606      0x606   .absSeg124
.__absdata__ADC0FLWCTL__           1   N/I      0x605      0x605   .absSeg125
.__absdata__ADC0FMT__              1   N/I      0x604      0x604   .absSeg126
.__absdata__ADC0TIM__              1   N/I      0x603      0x603   .absSeg127
.__absdata__ADC0STS__              1   N/I      0x602      0x602   .absSeg128
.__absdata__TIM0PTPSR__            1   N/I      0x5EE      0x5EE   .absSeg129
.__absdata__TIM0OCPD__             1   N/I      0x5EC      0x5EC   .absSeg130
.__absdata__TIM0TFLG2__            1   N/I      0x5CF      0x5CF   .absSeg131
.__absdata__TIM0TFLG1__            1   N/I      0x5CE      0x5CE   .absSeg132
.__absdata__TIM0TSCR2__            1   N/I      0x5CD      0x5CD   .absSeg133
.__absdata__TIM0TIE__              1   N/I      0x5CC      0x5CC   .absSeg134
.__absdata__TIM0TCTL4__            1   N/I      0x5CB      0x5CB   .absSeg135
.__absdata__TIM0TCTL3__            1   N/I      0x5CA      0x5CA   .absSeg136
.__absdata__TIM0TCTL2__            1   N/I      0x5C9      0x5C9   .absSeg137
.__absdata__TIM0TCTL1__            1   N/I      0x5C8      0x5C8   .absSeg138
.__absdata__TIM0TTOV__             1   N/I      0x5C7      0x5C7   .absSeg139
.__absdata__TIM0TSCR1__            1   N/I      0x5C6      0x5C6   .absSeg140
.__absdata__TIM0CFORC__            1   N/I      0x5C1      0x5C1   .absSeg141
.__absdata__TIM0TIOS__             1   N/I      0x5C0      0x5C0   .absSeg142
.__absdata__PWMSCLB__              1   N/I      0x489      0x489   .absSeg143
.__absdata__PWMSCLA__              1   N/I      0x488      0x488   .absSeg144
.__absdata__PWMCLKAB__             1   N/I      0x486      0x486   .absSeg145
.__absdata__PWMCTL__               1   N/I      0x485      0x485   .absSeg146
.__absdata__PWMCAE__               1   N/I      0x484      0x484   .absSeg147
.__absdata__PWMPRCLK__             1   N/I      0x483      0x483   .absSeg148
.__absdata__PWMCLK__               1   N/I      0x482      0x482   .absSeg149
.__absdata__PWMPOL__               1   N/I      0x481      0x481   .absSeg150
.__absdata__PWME__                 1   N/I      0x480      0x480   .absSeg151
.__absdata__TIM1PTPSR__            1   N/I      0x42E      0x42E   .absSeg152
.__absdata__TIM1OCPD__             1   N/I      0x42C      0x42C   .absSeg153
.__absdata__TIM1TFLG2__            1   N/I      0x40F      0x40F   .absSeg154
.__absdata__TIM1TFLG1__            1   N/I      0x40E      0x40E   .absSeg155
.__absdata__TIM1TSCR2__            1   N/I      0x40D      0x40D   .absSeg156
.__absdata__TIM1TIE__              1   N/I      0x40C      0x40C   .absSeg157
.__absdata__TIM1TCTL4__            1   N/I      0x40B      0x40B   .absSeg158
.__absdata__TIM1TCTL2__            1   N/I      0x409      0x409   .absSeg159
.__absdata__TIM1TTOV__             1   N/I      0x407      0x407   .absSeg160
.__absdata__TIM1TSCR1__            1   N/I      0x406      0x406   .absSeg161
.__absdata__TIM1CFORC__            1   N/I      0x401      0x401   .absSeg162
.__absdata__TIM1TIOS__             1   N/I      0x400      0x400   .absSeg163
.__absdata__ECCDCMD__              1   N/I      0x3CF      0x3CF   .absSeg164
.__absdata__ECCDE__                1   N/I      0x3CE      0x3CE   .absSeg165
.__absdata__ECCDPTRL__             1   N/I      0x3C9      0x3C9   .absSeg166
.__absdata__ECCDPTRM__             1   N/I      0x3C8      0x3C8   .absSeg167
.__absdata__ECCDPTRH__             1   N/I      0x3C7      0x3C7   .absSeg168
.__absdata__ECCIF__                1   N/I      0x3C2      0x3C2   .absSeg169
.__absdata__ECCIE__                1   N/I      0x3C1      0x3C1   .absSeg170
.__absdata__ECCSTAT__              1   N/I      0x3C0      0x3C0   .absSeg171
.__absdata__FOPT__                 1   N/I      0x38A      0x38A   .absSeg172
.__absdata__DFPROT__               1   N/I      0x389      0x389   .absSeg173
.__absdata__FPROT__                1   N/I      0x388      0x388   .absSeg174
.__absdata__FERSTAT__              1   N/I      0x387      0x387   .absSeg175
.__absdata__FSTAT__                1   N/I      0x386      0x386   .absSeg176
.__absdata__FERCNFG__              1   N/I      0x385      0x385   .absSeg177
.__absdata__FCNFG__                1   N/I      0x384      0x384   .absSeg178
.__absdata__FPSTAT__               1   N/I      0x383      0x383   .absSeg179
.__absdata__FCCOBIX__              1   N/I      0x382      0x382   .absSeg180
.__absdata__FSEC__                 1   N/I      0x381      0x381   .absSeg181
.__absdata__FCLKDIV__              1   N/I      0x380      0x380   .absSeg182
.__absdata__PIRL__                 1   N/I      0x33E      0x33E   .absSeg183
.__absdata__PTAL__                 1   N/I      0x33D      0x33D   .absSeg184
.__absdata__DIENL__                1   N/I      0x33C      0x33C   .absSeg185
.__absdata__PIFL__                 1   N/I      0x337      0x337   .absSeg186
.__absdata__PIEL__                 1   N/I      0x336      0x336   .absSeg187
.__absdata__PPSL__                 1   N/I      0x334      0x334   .absSeg188
.__absdata__PTIL__                 1   N/I      0x331      0x331   .absSeg189
.__absdata__WOMJ__                 1   N/I      0x31F      0x31F   .absSeg190
.__absdata__PPSJ__                 1   N/I      0x314      0x314   .absSeg191
.__absdata__PERJ__                 1   N/I      0x313      0x313   .absSeg192
.__absdata__DDRJ__                 1   N/I      0x312      0x312   .absSeg193
.__absdata__PTIJ__                 1   N/I      0x311      0x311   .absSeg194
.__absdata__PTJ__                  1   N/I      0x310      0x310   .absSeg195
.__absdata__RDRP__                 1   N/I      0x2FD      0x2FD   .absSeg196
.__absdata__OCIFP__                1   N/I      0x2FB      0x2FB   .absSeg197
.__absdata__OCIEP__                1   N/I      0x2FA      0x2FA   .absSeg198
.__absdata__OCPEP__                1   N/I      0x2F9      0x2F9   .absSeg199
.__absdata__PIFP__                 1   N/I      0x2F7      0x2F7   .absSeg200
.__absdata__PIEP__                 1   N/I      0x2F6      0x2F6   .absSeg201
.__absdata__PPSP__                 1   N/I      0x2F4      0x2F4   .absSeg202
.__absdata__PERP__                 1   N/I      0x2F3      0x2F3   .absSeg203
.__absdata__DDRP__                 1   N/I      0x2F2      0x2F2   .absSeg204
.__absdata__PTIP__                 1   N/I      0x2F1      0x2F1   .absSeg205
.__absdata__PTP__                  1   N/I      0x2F0      0x2F0   .absSeg206
.__absdata__WOMS__                 1   N/I      0x2DF      0x2DF   .absSeg207
.__absdata__PIFS__                 1   N/I      0x2D7      0x2D7   .absSeg208
.__absdata__PIES__                 1   N/I      0x2D6      0x2D6   .absSeg209
.__absdata__PPSS__                 1   N/I      0x2D4      0x2D4   .absSeg210
.__absdata__PERS__                 1   N/I      0x2D3      0x2D3   .absSeg211
.__absdata__DDRS__                 1   N/I      0x2D2      0x2D2   .absSeg212
.__absdata__PTIS__                 1   N/I      0x2D1      0x2D1   .absSeg213
.__absdata__PTS__                  1   N/I      0x2D0      0x2D0   .absSeg214
.__absdata__PPST__                 1   N/I      0x2C4      0x2C4   .absSeg215
.__absdata__PERT__                 1   N/I      0x2C3      0x2C3   .absSeg216
.__absdata__DDRT__                 1   N/I      0x2C2      0x2C2   .absSeg217
.__absdata__PTIT__                 1   N/I      0x2C1      0x2C1   .absSeg218
.__absdata__PTT__                  1   N/I      0x2C0      0x2C0   .absSeg219
.__absdata__PPSE__                 1   N/I      0x268      0x268   .absSeg220
.__absdata__PERE__                 1   N/I      0x266      0x266   .absSeg221
.__absdata__DDRE__                 1   N/I      0x264      0x264   .absSeg222
.__absdata__PTIE__                 1   N/I      0x262      0x262   .absSeg223
.__absdata__PTE__                  1   N/I      0x260      0x260   .absSeg224
.__absdata__IRQCR__                1   N/I      0x209      0x209   .absSeg225
.__absdata__ECLKCTL__              1   N/I      0x208      0x208   .absSeg226
.__absdata__MODRR4__               1   N/I      0x204      0x204   .absSeg227
.__absdata__MODRR3__               1   N/I      0x203      0x203   .absSeg228
.__absdata__MODRR2__               1   N/I      0x202      0x202   .absSeg229
.__absdata__MODRR1__               1   N/I      0x201      0x201   .absSeg230
.__absdata__MODRR0__               1   N/I      0x200      0x200   .absSeg231
.__absdata__DBGDAL__               1   N/I      0x147      0x147   .absSeg232
.__absdata__DBGDAM__               1   N/I      0x146      0x146   .absSeg233
.__absdata__DBGDAH__               1   N/I      0x145      0x145   .absSeg234
.__absdata__DBGDCTL__              1   N/I      0x140      0x140   .absSeg235
.__absdata__DBGBAL__               1   N/I      0x127      0x127   .absSeg236
.__absdata__DBGBAM__               1   N/I      0x126      0x126   .absSeg237
.__absdata__DBGBAH__               1   N/I      0x125      0x125   .absSeg238
.__absdata__DBGBCTL__              1   N/I      0x120      0x120   .absSeg239
.__absdata__DBGADM3__              1   N/I      0x11F      0x11F   .absSeg240
.__absdata__DBGADM2__              1   N/I      0x11E      0x11E   .absSeg241
.__absdata__DBGADM1__              1   N/I      0x11D      0x11D   .absSeg242
.__absdata__DBGADM0__              1   N/I      0x11C      0x11C   .absSeg243
.__absdata__DBGAD3__               1   N/I      0x11B      0x11B   .absSeg244
.__absdata__DBGAD2__               1   N/I      0x11A      0x11A   .absSeg245
.__absdata__DBGAD1__               1   N/I      0x119      0x119   .absSeg246
.__absdata__DBGAD0__               1   N/I      0x118      0x118   .absSeg247
.__absdata__DBGAAL__               1   N/I      0x117      0x117   .absSeg248
.__absdata__DBGAAM__               1   N/I      0x116      0x116   .absSeg249
.__absdata__DBGAAH__               1   N/I      0x115      0x115   .absSeg250
.__absdata__DBGACTL__              1   N/I      0x110      0x110   .absSeg251
.__absdata__DBGSR__                1   N/I      0x10B      0x10B   .absSeg252
.__absdata__DBGEFR__               1   N/I      0x10A      0x10A   .absSeg253
.__absdata__DBGSCR3__              1   N/I      0x109      0x109   .absSeg254
.__absdata__DBGSCR2__              1   N/I      0x108      0x108   .absSeg255
.__absdata__DBGSCR1__              1   N/I      0x107      0x107   .absSeg256
.__absdata__DBGC2__                1   N/I      0x101      0x101   .absSeg257
.__absdata__DBGC1__                1   N/I      0x100      0x100   .absSeg258
.__absdata__MMCPCL__               1   N/I       0x87       0x87   .absSeg259
.__absdata__MMCPCM__               1   N/I       0x86       0x86   .absSeg260
.__absdata__MMCPCH__               1   N/I       0x85       0x85   .absSeg261
.__absdata__MODE__                 1   N/I       0x70       0x70   .absSeg262
.__absdata__INT_CFDATA7__          1   N/I       0x1F       0x1F   .absSeg263
.__absdata__INT_CFDATA6__          1   N/I       0x1E       0x1E   .absSeg264
.__absdata__INT_CFDATA5__          1   N/I       0x1D       0x1D   .absSeg265
.__absdata__INT_CFDATA4__          1   N/I       0x1C       0x1C   .absSeg266
.__absdata__INT_CFDATA3__          1   N/I       0x1B       0x1B   .absSeg267
.__absdata__INT_CFDATA2__          1   N/I       0x1A       0x1A   .absSeg268
.__absdata__INT_CFDATA1__          1   N/I       0x19       0x19   .absSeg269
.__absdata__INT_CFDATA0__          1   N/I       0x18       0x18   .absSeg270
.__absdata__INT_CFADDR__           1   N/I       0x17       0x17   .absSeg271
.__absdata__InterruptVectorTable__        492     R   0xFFFE10   0xFFFFFB   .absSeg272
.__absdata__ResetVectorTable__          4     R   0xFFFFFC   0xFFFFFF   .absSeg273
.bss                               1   R/W     0x1022     0x1022   RAM
.common                           88   R/W     0x1023     0x107A   RAM
CI2C1_CODE                        20     R   0xFFD69D   0xFFD6B0   ROM
CI2C1_DATA                         2   R/W     0x107B     0x107C   RAM
LINPHY0_CODE                      60     R   0xFFD6B1   0xFFD6EC   ROM
.stack                           256   R/W     0x107D     0x117C   RAM

Summary of section sizes per section type:
READ_ONLY (R):        1902 (dec:     6402)
READ_WRITE (R/W):      17D (dec:      381)
NO_INIT (N/I):         155 (dec:      341)

*********************************************************************************************
VECTOR-ALLOCATION SECTION
    Address     InitValue   InitFunction
---------------------------------------------------------------------------------------------

*********************************************************************************************
OBJECT-ALLOCATION SECTION
     Name               Module                 Addr   hSize   dSize     Ref    Section   RLIB
---------------------------------------------------------------------------------------------
MODULE:                 -- lin_cfg_c.obj --
- PROCEDURES:
     ld_read_by_id_callout                   FFC0F4      46      70       2   .text       
- VARIABLES:
     lin_virtual_ifc                         FFC07C       1       1       4   .rodata     
     LI0_response_error_signal               FFC07D       1       1       1   .rodata     
     lin_frame_tbl                           FFC07E      4D      77      19   .rodata     
     lin_max_frame_res_timeout_val           FFC0CB      10      16       2   .rodata     
     lin_initial_NAD                         FFC0DB       1       1       3   .rodata     
     product_id                              FFC0DC       5       5      12   .rodata     
     response_error                          FFC0E1       1       1       1   .rodata     
     num_frame_have_esignal                  FFC0E2       1       1       1   .rodata     
     lin_response_error_byte_offset          FFC0E3       2       2       1   .rodata     
     lin_diag_services_supported             FFC0E5       5       5       1   .rodata     
     lin_save_configuration_flg                1023       1       1       2   .common     
     lin_frame_flag_tbl                        1024       7       7       2   .common     
     lin_frame_updating_flag_tbl               102B       7       7       1   .common     
     tx_single_pdu_data                        1032       8       8       2   .common     
     rx_single_pdu_data                        103A       8       8       1   .common     
     lin_diag_services_flag                    1042       5       5       1   .common     
     tl_slaveresp_cnt                          1047       1       1       9   .common     
     tl_current_rx_pdu_ptr                     1048       3       3      20   .common     
     tl_current_tx_pdu_ptr                     104B       3       3       2   .common     
     buffer_backup_data                        104E       8       8       1   .common     
     lin_word_status                           1056       2       2       7   .common     
     lin_goto_sleep_flg                        1058       1       1       2   .common     
     lin_error_in_response                     1059       1       1       5   .common     
     lin_successful_transfer                   105A       1       1       5   .common     
     lin_lld_response_buffer                   105B       A      10      11   .common     
     lin_pFrameBuf                             1000       B      11       4   .data       
     lin_flag_handle_tbl                       100B       5       5       4   .data       
     lin_configuration_RAM                     1010       9       9       4   .data       
     lin_configured_NAD                        1019       1       1       4   .data       
     lin_response_error_bit_offset             1022       1       1       1   .bss        
MODULE:                 -- main_c.obj --
- PROCEDURES:
     main                                    FFC13A       6       6       1   .text       
- VARIABLES:
MODULE:                 -- starts12z_c.obj --
- PROCEDURES:
     DoZeroOut                               FFC140      19      25       1   .text       
     DoCopyDown                              FFC159      15      21       1   .text       
     _Startup                                FFC16E      10      16       1   .text       
- VARIABLES:
     _startupData                            FFC061       A      10       3   .startData  
- LABELS:
     __SEG_END_SSTACK                          117D       0       0       1               
MODULE:                 -- lin_commontl_proto_c.obj --
- PROCEDURES:
     lin_tl_make_slaveres_pdu                FFC17E     21E     542      12   .text       
     lin_tl_get_pdu                          FFC39C      2E      46       1   .text       
     lin_tl_put_pdu                          FFC3CA      33      51       1   .text       
     lin_tl_handler                          FFC3FD      79     121       1   .text       
     lin_tl_attach_service                   FFC476     138     312       1   .text       
- VARIABLES:
     @57                                     FFC0EA       5       5       1   .rodata     
MODULE:                 -- lin_c.obj --
- PROCEDURES:
     lin_lld_ignore_response                 FFC5AE       D      13       1   .text       
     lin_lld_set_low_power_mode              FFC5BB       D      13       2   .text       
     lin_lld_set_response                    FFC5C8      28      40       1   .text       
     lin_lld_rx_response                     FFC5F0      16      22       1   .text       
     lin_process_parity                      FFC606      97     151       3   .text       
     lin_checksum                            FFC69D      57      87       2   .text       
- VARIABLES:
     tl_check_timeout_type                     1065       1       1       4   .common     
     tl_check_timeout                          101A       2       2       4   .data       
     tl_service_status                         101C       1       1       3   .data       
MODULE:                 -- lin_diagnostic_service_c.obj --
- PROCEDURES:
     lin_diagservice_read_by_identifier      FFC6F4     13B     315       1   .text       
     lin_diagservice_assign_frame_id_range     FFC82F      D6     214       1   .text       
     lin_condittional_change_nad             FFC905      AF     175       1   .text       
- VARIABLES:
     @58                                     FFC0EF       5       5       1   .rodata     
MODULE:                 -- lin_common_proto_c.obj --
- PROCEDURES:
     lin_pid_response_callback_handler       FFC9B4      4B      75      11   .text       
     lin_process_pid                         FFC9FF     134     308       1   .text       
     lin_update_rx                           FFCB33      AE     174       1   .text       
     lin_update_tx                           FFCBE1      57      87       1   .text       
     lin_handle_error                        FFCC38      5C      92       1   .text       
     lin_bus_activity_timeout                FFCC94      11      17       1   .text       
     lin_update_tx_flags                     FFCCA5      ED     237       1   .text       
     lin_update_rx_diag_frame                FFCD92      18      24       1   .text       
     lin_make_res_diag_frame                 FFCDAA       5       5       1   .text       
     lin_get_frame_index                     FFCDAF      2F      47       4   .text       
     lin_process_uncd_frame                  FFCDDE     10E     270       3   .text       
- VARIABLES:
     frame_index                               1066       1       1      21   .common     
     frame_signal_error                        1067       1       1       3   .common     
MODULE:                 -- lin_lin21_proto_c.obj --
- PROCEDURES:
     lin_update_word_status_lin21            FFCEEC      77     119       4   .text       
     lin_update_err_signal                   FFCF63      7E     126       2   .text       
     lin_make_res_evnt_frame                 FFCFE1      29      41       1   .text       
- VARIABLES:
MODULE:                 -- lin_isr_c.obj --
- PROCEDURES:
     SCI0_INT                                FFD00A       5       5       1   .text       
     TIMchan2_ISR                            FFD00F      15      21       1   .text       
     LinPhy_ISR                              FFD024       A      10       1   .text       
- VARIABLES:
MODULE:                 -- lin_lld_sci_c.obj --
- PROCEDURES:
     lin_lld_sci_ignore_response             FFD02E       5       5       1   .text       
     lin_lld_sci_set_low_power_mode          FFD033       5       5       1   .text       
     lin_lld_sci_rx_response                 FFD038      1A      26       1   .text       
     lin_lld_sci_tx_response                 FFD052      3A      58       1   .text       
     lin_lld_sci_timeout                     FFD08C      BB     187       1   .text       
     lin_goto_idle_state                     FFD147      11      17       3   .text       
     lin_lld_sci_isr                         FFD158     3B6     950       1   .text       
- VARIABLES:
     cnt_byte                                  1068       1       1      11   .common     
     ptr                                       1069       3       3       4   .common     
     current_id                                106C       1       1      11   .common     
     response_buffer                           106D       3       3      12   .common     
     frame_timeout_cnt                         1070       2       2       4   .common     
     res_frame_timeout_cnt                     1072       2       2       4   .common     
     idle_timeout_cnt                          1074       2       2      18   .common     
     l_status                                  1076       3       3      41   .common     
     pSCI                                      101D       3       3      16   .data       
     state                                     1020       1       1      33   .data       
     pid                                       1021       1       1       3   .data       
MODULE:                 -- lin_lld_timesrv_c.obj --
- PROCEDURES:
     lin_lld_timer_isr                       FFD50E       5       5       1   .text       
- VARIABLES:
MODULE:                 -- CI2C1_c.obj --
- PROCEDURES:
     CI2C1_Init                              FFD69D      14      20       1   CI2C1_CODE  
- VARIABLES:
     CI2C1_SerFlag                             107B       1       1       1   CI2C1_DATA  
     CI2C1_SlaveAddr                           107C       1       1       1   CI2C1_DATA  
MODULE:                 -- Cpu_c.obj --
- PROCEDURES:
     Cpu_Interrupt                           FFC000       3       3     120   .init       
     _EntryPoint                             FFC003      5E      94       1   .init       
     PE_low_level_init                       FFD513     185     389       1   .text       
- VARIABLES:
     Shadow_P                                  1079       1       1       2   .common     
MODULE:                 -- EI2C1_c.obj --
- PROCEDURES:
     EI2C1_Init                              FFD698       5       5       1   .text       
- VARIABLES:
     SlaveAddr                                 107A       1       1       1   .common     
MODULE:                 -- IO_Map_c.obj --
- PROCEDURES:
- VARIABLES:
     ADC0RBP                                    621       3       3       0   .__absdata_ADC0RBP__
     ADC0CBP                                    61D       3       3       0   .__absdata_ADC0CBP__
     ECCDPTR                                    3C7       3       3       0   .__absdata_ECCDPTR__
     DBGDA                                      145       3       3       0   .__absdata_DBGDA__
     DBGBA                                      125       3       3       0   .__absdata_DBGBA__
     DBGAA                                      115       3       3       0   .__absdata_DBGAA__
     MMCPC                                       85       3       3       0   .__absdata_MMCPC__
     _ADC0CMD                                   614       4       4       0   .__absdata__ADC0CMD__
     _PARTID                                      0       4       4       0   .__absdata__PARTID__
     _SPI0DR                                    784       2       2       0   .__absdata__SPI0DR__
     _SCI1BD                                    710       2       2       0   .__absdata__SCI1BD__
     _SCI0BD                                    700       2       2       0   .__absdata__SCI0BD__
     _CPMUIRCTRIM                               6D8       2       2       0   .__absdata__CPMUIRCTRIM__
     _CPMUAPIR                                  6D4       2       2       0   .__absdata__CPMUAPIR__
     _ADC0IMDRI                                 60E       2       2       0   .__absdata__ADC0IMDRI__
     _ADC0CONIF                                 60C       2       2       0   .__absdata__ADC0CONIF__
     _ADC0CONIE                                 60A       2       2       0   .__absdata__ADC0CONIE__
     _ADC0CTL                                   600       2       2       0   .__absdata__ADC0CTL__
     _TIM0TC5                                   5DA       2       2       0   .__absdata__TIM0TC5__
     _TIM0TC4                                   5D8       2       2       0   .__absdata__TIM0TC4__
     _TIM0TC3                                   5D6       2       2       0   .__absdata__TIM0TC3__
     _TIM0TC2                                   5D4       2       2       0   .__absdata__TIM0TC2__
     _TIM0TC1                                   5D2       2       2       0   .__absdata__TIM0TC1__
     _TIM0TC0                                   5D0       2       2       0   .__absdata__TIM0TC0__
     _TIM0TCNT                                  5C4       2       2       0   .__absdata__TIM0TCNT__
     _PWMDTY67                                  4A2       2       2       0   .__absdata__PWMDTY67__
     _PWMDTY45                                  4A0       2       2       0   .__absdata__PWMDTY45__
     _PWMDTY23                                  49E       2       2       0   .__absdata__PWMDTY23__
     _PWMDTY01                                  49C       2       2       0   .__absdata__PWMDTY01__
     _PWMPER67                                  49A       2       2       0   .__absdata__PWMPER67__
     _PWMPER45                                  498       2       2       0   .__absdata__PWMPER45__
     _PWMPER23                                  496       2       2       0   .__absdata__PWMPER23__
     _PWMPER01                                  494       2       2       0   .__absdata__PWMPER01__
     _PWMCNT67                                  492       2       2       0   .__absdata__PWMCNT67__
     _PWMCNT45                                  490       2       2       0   .__absdata__PWMCNT45__
     _PWMCNT23                                  48E       2       2       0   .__absdata__PWMCNT23__
     _PWMCNT01                                  48C       2       2       0   .__absdata__PWMCNT01__
     _TIM1TC1                                   412       2       2       0   .__absdata__TIM1TC1__
     _TIM1TC0                                   410       2       2       0   .__absdata__TIM1TC0__
     _TIM1TCNT                                  404       2       2       0   .__absdata__TIM1TCNT__
     _ECCDD                                     3CC       2       2       0   .__absdata__ECCDD__
     _FCCOB5                                    396       2       2       0   .__absdata__FCCOB5__
     _FCCOB4                                    394       2       2       0   .__absdata__FCCOB4__
     _FCCOB3                                    392       2       2       0   .__absdata__FCCOB3__
     _FCCOB2                                    390       2       2       0   .__absdata__FCCOB2__
     _FCCOB1                                    38E       2       2       0   .__absdata__FCCOB1__
     _FCCOB0                                    38C       2       2       0   .__absdata__FCCOB0__
     _DIENAD                                    298       2       2       0   .__absdata__DIENAD__
     _PIFAD                                     28E       2       2       0   .__absdata__PIFAD__
     _PIEAD                                     28C       2       2       0   .__absdata__PIEAD__
     _PPSAD                                     288       2       2       0   .__absdata__PPSAD__
     _PERAD                                     286       2       2       0   .__absdata__PERAD__
     _DDRAD                                     284       2       2       0   .__absdata__DDRAD__
     _PTIAD                                     282       2       2       0   .__absdata__PTIAD__
     _PTAD                                      280       2       2       0   .__absdata__PTAD__
     _MMCCCR                                     82       2       2       0   .__absdata__MMCCCR__
     _MMCEC                                      80       2       2       0   .__absdata__MMCEC__
     _IVBR                                       10       2       2       0   .__absdata__IVBR__
     _LP0IF                                     987       1       1       0   .__absdata__LP0IF__
     _LP0IE                                     986       1       1       0   .__absdata__LP0IE__
     _LP0SR                                     985       1       1       0   .__absdata__LP0SR__
     _LP0SLRM                                   983       1       1       0   .__absdata__LP0SLRM__
     _LP0CR                                     981       1       1       0   .__absdata__LP0CR__
     _LP0DR                                     980       1       1       0   .__absdata__LP0DR__
     _IIC0IBCR2                                 7C5       1       1       0   .__absdata__IIC0IBCR2__
     _IIC0IBDR                                  7C4       1       1       0   .__absdata__IIC0IBDR__
     _IIC0IBSR                                  7C3       1       1       0   .__absdata__IIC0IBSR__
     _IIC0IBCR                                  7C2       1       1       0   .__absdata__IIC0IBCR__
     _IIC0IBFD                                  7C1       1       1       0   .__absdata__IIC0IBFD__
     _IIC0IBAD                                  7C0       1       1       0   .__absdata__IIC0IBAD__
     _SPI0SR                                    783       1       1       0   .__absdata__SPI0SR__
     _SPI0BR                                    782       1       1       0   .__absdata__SPI0BR__
     _SPI0CR2                                   781       1       1       0   .__absdata__SPI0CR2__
     _SPI0CR1                                   780       1       1       0   .__absdata__SPI0CR1__
     _SCI1DRL                                   717       1       1       0   .__absdata__SCI1DRL__
     _SCI1DRH                                   716       1       1       0   .__absdata__SCI1DRH__
     _SCI1SR2                                   715       1       1       0   .__absdata__SCI1SR2__
     _SCI1SR1                                   714       1       1       0   .__absdata__SCI1SR1__
     _SCI1CR2                                   713       1       1       0   .__absdata__SCI1CR2__
     _SCI1ACR2                                  712       1       1       0   .__absdata__SCI1ACR2__
     _SCI0DRL                                   707       1       1       0   .__absdata__SCI0DRL__
     _SCI0DRH                                   706       1       1       0   .__absdata__SCI0DRH__
     _SCI0SR2                                   705       1       1       0   .__absdata__SCI0SR2__
     _SCI0SR1                                   704       1       1       0   .__absdata__SCI0SR1__
     _SCI0CR2                                   703       1       1       0   .__absdata__SCI0CR2__
     _SCI0ACR2                                  702       1       1       0   .__absdata__SCI0ACR2__
     _BATIF                                     6F3       1       1       0   .__absdata__BATIF__
     _BATIE                                     6F2       1       1       0   .__absdata__BATIE__
     _BATSR                                     6F1       1       1       0   .__absdata__BATSR__
     _BATE                                      6F0       1       1       0   .__absdata__BATE__
     _CPMUOSC2                                  6DE       1       1       0   .__absdata__CPMUOSC2__
     _CPMUVREGCTL                               6DD       1       1       0   .__absdata__CPMUVREGCTL__
     _CPMUPROT                                  6DB       1       1       0   .__absdata__CPMUPROT__
     _CPMUOSC                                   6DA       1       1       0   .__absdata__CPMUOSC__
     _CPMUHTTR                                  6D7       1       1       0   .__absdata__CPMUHTTR__
     _CPMUACLKTR                                6D3       1       1       0   .__absdata__CPMUACLKTR__
     _CPMUAPICTL                                6D2       1       1       0   .__absdata__CPMUAPICTL__
     _CPMULVCTL                                 6D1       1       1       0   .__absdata__CPMULVCTL__
     _CPMUHTCTL                                 6D0       1       1       0   .__absdata__CPMUHTCTL__
     _CPMUARMCOP                                6CF       1       1       0   .__absdata__CPMUARMCOP__
     _CPMUCOP                                   6CC       1       1       0   .__absdata__CPMUCOP__
     _CPMURTI                                   6CB       1       1       0   .__absdata__CPMURTI__
     _CPMUPLL                                   6CA       1       1       0   .__absdata__CPMUPLL__
     _CPMUCLKS                                  6C9       1       1       0   .__absdata__CPMUCLKS__
     _CPMUINT                                   6C8       1       1       0   .__absdata__CPMUINT__
     _CPMUIFLG                                  6C7       1       1       0   .__absdata__CPMUIFLG__
     _CPMUPOSTDIV                               6C6       1       1       0   .__absdata__CPMUPOSTDIV__
     _CPMUREFDIV                                6C5       1       1       0   .__absdata__CPMUREFDIV__
     _CPMUSYNR                                  6C4       1       1       0   .__absdata__CPMUSYNR__
     _CPMURFLG                                  6C3       1       1       0   .__absdata__CPMURFLG__
     _ADC0CROFF1                                625       1       1       0   .__absdata__ADC0CROFF1__
     _ADC0CROFF0                                624       1       1       0   .__absdata__ADC0CROFF0__
     _ADC0RBP_2                                 623       1       1       0   .__absdata__ADC0RBP_2__
     _ADC0RBP_1                                 622       1       1       0   .__absdata__ADC0RBP_1__
     _ADC0RBP_0                                 621       1       1       0   .__absdata__ADC0RBP_0__
     _ADC0RIDX                                  620       1       1       0   .__absdata__ADC0RIDX__
     _ADC0CBP_2                                 61F       1       1       0   .__absdata__ADC0CBP_2__
     _ADC0CBP_1                                 61E       1       1       0   .__absdata__ADC0CBP_1__
     _ADC0CBP_0                                 61D       1       1       0   .__absdata__ADC0CBP_0__
     _ADC0CIDX                                  61C       1       1       0   .__absdata__ADC0CIDX__
     _ADC0EOLRI                                 610       1       1       0   .__absdata__ADC0EOLRI__
     _ADC0IF                                    609       1       1       0   .__absdata__ADC0IF__
     _ADC0EIF                                   608       1       1       0   .__absdata__ADC0EIF__
     _ADC0IE                                    607       1       1       0   .__absdata__ADC0IE__
     _ADC0EIE                                   606       1       1       0   .__absdata__ADC0EIE__
     _ADC0FLWCTL                                605       1       1       0   .__absdata__ADC0FLWCTL__
     _ADC0FMT                                   604       1       1       0   .__absdata__ADC0FMT__
     _ADC0TIM                                   603       1       1       0   .__absdata__ADC0TIM__
     _ADC0STS                                   602       1       1       0   .__absdata__ADC0STS__
     _TIM0PTPSR                                 5EE       1       1       0   .__absdata__TIM0PTPSR__
     _TIM0OCPD                                  5EC       1       1       0   .__absdata__TIM0OCPD__
     _TIM0TFLG2                                 5CF       1       1       0   .__absdata__TIM0TFLG2__
     _TIM0TFLG1                                 5CE       1       1       0   .__absdata__TIM0TFLG1__
     _TIM0TSCR2                                 5CD       1       1       0   .__absdata__TIM0TSCR2__
     _TIM0TIE                                   5CC       1       1       0   .__absdata__TIM0TIE__
     _TIM0TCTL4                                 5CB       1       1       0   .__absdata__TIM0TCTL4__
     _TIM0TCTL3                                 5CA       1       1       0   .__absdata__TIM0TCTL3__
     _TIM0TCTL2                                 5C9       1       1       0   .__absdata__TIM0TCTL2__
     _TIM0TCTL1                                 5C8       1       1       0   .__absdata__TIM0TCTL1__
     _TIM0TTOV                                  5C7       1       1       0   .__absdata__TIM0TTOV__
     _TIM0TSCR1                                 5C6       1       1       0   .__absdata__TIM0TSCR1__
     _TIM0CFORC                                 5C1       1       1       0   .__absdata__TIM0CFORC__
     _TIM0TIOS                                  5C0       1       1       0   .__absdata__TIM0TIOS__
     _PWMSCLB                                   489       1       1       0   .__absdata__PWMSCLB__
     _PWMSCLA                                   488       1       1       0   .__absdata__PWMSCLA__
     _PWMCLKAB                                  486       1       1       0   .__absdata__PWMCLKAB__
     _PWMCTL                                    485       1       1       0   .__absdata__PWMCTL__
     _PWMCAE                                    484       1       1       0   .__absdata__PWMCAE__
     _PWMPRCLK                                  483       1       1       0   .__absdata__PWMPRCLK__
     _PWMCLK                                    482       1       1       0   .__absdata__PWMCLK__
     _PWMPOL                                    481       1       1       0   .__absdata__PWMPOL__
     _PWME                                      480       1       1       0   .__absdata__PWME__
     _TIM1PTPSR                                 42E       1       1       0   .__absdata__TIM1PTPSR__
     _TIM1OCPD                                  42C       1       1       0   .__absdata__TIM1OCPD__
     _TIM1TFLG2                                 40F       1       1       0   .__absdata__TIM1TFLG2__
     _TIM1TFLG1                                 40E       1       1       0   .__absdata__TIM1TFLG1__
     _TIM1TSCR2                                 40D       1       1       0   .__absdata__TIM1TSCR2__
     _TIM1TIE                                   40C       1       1       0   .__absdata__TIM1TIE__
     _TIM1TCTL4                                 40B       1       1       0   .__absdata__TIM1TCTL4__
     _TIM1TCTL2                                 409       1       1       0   .__absdata__TIM1TCTL2__
     _TIM1TTOV                                  407       1       1       0   .__absdata__TIM1TTOV__
     _TIM1TSCR1                                 406       1       1       0   .__absdata__TIM1TSCR1__
     _TIM1CFORC                                 401       1       1       0   .__absdata__TIM1CFORC__
     _TIM1TIOS                                  400       1       1       0   .__absdata__TIM1TIOS__
     _ECCDCMD                                   3CF       1       1       0   .__absdata__ECCDCMD__
     _ECCDE                                     3CE       1       1       0   .__absdata__ECCDE__
     _ECCDPTRL                                  3C9       1       1       0   .__absdata__ECCDPTRL__
     _ECCDPTRM                                  3C8       1       1       0   .__absdata__ECCDPTRM__
     _ECCDPTRH                                  3C7       1       1       0   .__absdata__ECCDPTRH__
     _ECCIF                                     3C2       1       1       0   .__absdata__ECCIF__
     _ECCIE                                     3C1       1       1       0   .__absdata__ECCIE__
     _ECCSTAT                                   3C0       1       1       0   .__absdata__ECCSTAT__
     _FOPT                                      38A       1       1       0   .__absdata__FOPT__
     _DFPROT                                    389       1       1       0   .__absdata__DFPROT__
     _FPROT                                     388       1       1       0   .__absdata__FPROT__
     _FERSTAT                                   387       1       1       0   .__absdata__FERSTAT__
     _FSTAT                                     386       1       1       0   .__absdata__FSTAT__
     _FERCNFG                                   385       1       1       0   .__absdata__FERCNFG__
     _FCNFG                                     384       1       1       0   .__absdata__FCNFG__
     _FPSTAT                                    383       1       1       0   .__absdata__FPSTAT__
     _FCCOBIX                                   382       1       1       0   .__absdata__FCCOBIX__
     _FSEC                                      381       1       1       0   .__absdata__FSEC__
     _FCLKDIV                                   380       1       1       0   .__absdata__FCLKDIV__
     _PIRL                                      33E       1       1       0   .__absdata__PIRL__
     _PTAL                                      33D       1       1       0   .__absdata__PTAL__
     _DIENL                                     33C       1       1       0   .__absdata__DIENL__
     _PIFL                                      337       1       1       0   .__absdata__PIFL__
     _PIEL                                      336       1       1       0   .__absdata__PIEL__
     _PPSL                                      334       1       1       0   .__absdata__PPSL__
     _PTIL                                      331       1       1       0   .__absdata__PTIL__
     _WOMJ                                      31F       1       1       0   .__absdata__WOMJ__
     _PPSJ                                      314       1       1       0   .__absdata__PPSJ__
     _PERJ                                      313       1       1       0   .__absdata__PERJ__
     _DDRJ                                      312       1       1       0   .__absdata__DDRJ__
     _PTIJ                                      311       1       1       0   .__absdata__PTIJ__
     _PTJ                                       310       1       1       0   .__absdata__PTJ__
     _RDRP                                      2FD       1       1       0   .__absdata__RDRP__
     _OCIFP                                     2FB       1       1       0   .__absdata__OCIFP__
     _OCIEP                                     2FA       1       1       0   .__absdata__OCIEP__
     _OCPEP                                     2F9       1       1       0   .__absdata__OCPEP__
     _PIFP                                      2F7       1       1       0   .__absdata__PIFP__
     _PIEP                                      2F6       1       1       0   .__absdata__PIEP__
     _PPSP                                      2F4       1       1       0   .__absdata__PPSP__
     _PERP                                      2F3       1       1       0   .__absdata__PERP__
     _DDRP                                      2F2       1       1       0   .__absdata__DDRP__
     _PTIP                                      2F1       1       1       0   .__absdata__PTIP__
     _PTP                                       2F0       1       1       0   .__absdata__PTP__
     _WOMS                                      2DF       1       1       0   .__absdata__WOMS__
     _PIFS                                      2D7       1       1       0   .__absdata__PIFS__
     _PIES                                      2D6       1       1       0   .__absdata__PIES__
     _PPSS                                      2D4       1       1       0   .__absdata__PPSS__
     _PERS                                      2D3       1       1       0   .__absdata__PERS__
     _DDRS                                      2D2       1       1       0   .__absdata__DDRS__
     _PTIS                                      2D1       1       1       0   .__absdata__PTIS__
     _PTS                                       2D0       1       1       0   .__absdata__PTS__
     _PPST                                      2C4       1       1       0   .__absdata__PPST__
     _PERT                                      2C3       1       1       0   .__absdata__PERT__
     _DDRT                                      2C2       1       1       0   .__absdata__DDRT__
     _PTIT                                      2C1       1       1       0   .__absdata__PTIT__
     _PTT                                       2C0       1       1       0   .__absdata__PTT__
     _PPSE                                      268       1       1       0   .__absdata__PPSE__
     _PERE                                      266       1       1       0   .__absdata__PERE__
     _DDRE                                      264       1       1       0   .__absdata__DDRE__
     _PTIE                                      262       1       1       0   .__absdata__PTIE__
     _PTE                                       260       1       1       0   .__absdata__PTE__
     _IRQCR                                     209       1       1       0   .__absdata__IRQCR__
     _ECLKCTL                                   208       1       1       0   .__absdata__ECLKCTL__
     _MODRR4                                    204       1       1       0   .__absdata__MODRR4__
     _MODRR3                                    203       1       1       0   .__absdata__MODRR3__
     _MODRR2                                    202       1       1       0   .__absdata__MODRR2__
     _MODRR1                                    201       1       1       0   .__absdata__MODRR1__
     _MODRR0                                    200       1       1       0   .__absdata__MODRR0__
     _DBGDAL                                    147       1       1       0   .__absdata__DBGDAL__
     _DBGDAM                                    146       1       1       0   .__absdata__DBGDAM__
     _DBGDAH                                    145       1       1       0   .__absdata__DBGDAH__
     _DBGDCTL                                   140       1       1       0   .__absdata__DBGDCTL__
     _DBGBAL                                    127       1       1       0   .__absdata__DBGBAL__
     _DBGBAM                                    126       1       1       0   .__absdata__DBGBAM__
     _DBGBAH                                    125       1       1       0   .__absdata__DBGBAH__
     _DBGBCTL                                   120       1       1       0   .__absdata__DBGBCTL__
     _DBGADM3                                   11F       1       1       0   .__absdata__DBGADM3__
     _DBGADM2                                   11E       1       1       0   .__absdata__DBGADM2__
     _DBGADM1                                   11D       1       1       0   .__absdata__DBGADM1__
     _DBGADM0                                   11C       1       1       0   .__absdata__DBGADM0__
     _DBGAD3                                    11B       1       1       0   .__absdata__DBGAD3__
     _DBGAD2                                    11A       1       1       0   .__absdata__DBGAD2__
     _DBGAD1                                    119       1       1       0   .__absdata__DBGAD1__
     _DBGAD0                                    118       1       1       0   .__absdata__DBGAD0__
     _DBGAAL                                    117       1       1       0   .__absdata__DBGAAL__
     _DBGAAM                                    116       1       1       0   .__absdata__DBGAAM__
     _DBGAAH                                    115       1       1       0   .__absdata__DBGAAH__
     _DBGACTL                                   110       1       1       0   .__absdata__DBGACTL__
     _DBGSR                                     10B       1       1       0   .__absdata__DBGSR__
     _DBGEFR                                    10A       1       1       0   .__absdata__DBGEFR__
     _DBGSCR3                                   109       1       1       0   .__absdata__DBGSCR3__
     _DBGSCR2                                   108       1       1       0   .__absdata__DBGSCR2__
     _DBGSCR1                                   107       1       1       0   .__absdata__DBGSCR1__
     _DBGC2                                     101       1       1       0   .__absdata__DBGC2__
     _DBGC1                                     100       1       1       0   .__absdata__DBGC1__
     _MMCPCL                                     87       1       1       0   .__absdata__MMCPCL__
     _MMCPCM                                     86       1       1       0   .__absdata__MMCPCM__
     _MMCPCH                                     85       1       1       0   .__absdata__MMCPCH__
     _MODE                                       70       1       1       0   .__absdata__MODE__
     _INT_CFDATA7                                1F       1       1       0   .__absdata__INT_CFDATA7__
     _INT_CFDATA6                                1E       1       1       0   .__absdata__INT_CFDATA6__
     _INT_CFDATA5                                1D       1       1       0   .__absdata__INT_CFDATA5__
     _INT_CFDATA4                                1C       1       1       0   .__absdata__INT_CFDATA4__
     _INT_CFDATA3                                1B       1       1       0   .__absdata__INT_CFDATA3__
     _INT_CFDATA2                                1A       1       1       0   .__absdata__INT_CFDATA2__
     _INT_CFDATA1                                19       1       1       0   .__absdata__INT_CFDATA1__
     _INT_CFDATA0                                18       1       1       0   .__absdata__INT_CFDATA0__
     _INT_CFADDR                                 17       1       1       0   .__absdata__INT_CFADDR__
MODULE:                 -- LINPHY0_c.obj --
- PROCEDURES:
     LINPHY0_Init                            FFD6B1      3C      60       1   LINPHY0_CODE
- VARIABLES:
MODULE:                 -- Vectors_c.obj --
- PROCEDURES:
- VARIABLES:
     _InterruptVectorTable                   FFFE10     1EC     492       0   .__absdata__InterruptVectorTable__
     _ResetVectorTable                       FFFFFC       4       4       0   .__absdata__ResetVectorTable__

*********************************************************************************************
MODULE STATISTIC
  Name                                      Data   Code  Const
---------------------------------------------------------------------------------------------
  lin_cfg_c.obj                               93     70    110
  main_c.obj                                   0      6      0
  starts12z_c.obj                              0     62      0
  lin_commontl_proto_c.obj                     0   1072      5
  lin_c.obj                                    4    326      0
  lin_diagnostic_service_c.obj                 0    704      5
  lin_common_proto_c.obj                       2   1336      0
  lin_lin21_proto_c.obj                        0    286      0
  lin_isr_c.obj                                0     36      0
  lin_lld_sci_c.obj                           22   1248      0
  lin_lld_timesrv_c.obj                        0      5      0
  CI2C1_c.obj                                  2     20      0
  Cpu_c.obj                                    1    486      0
  EI2C1_c.obj                                  1      5      0
  IO_Map_c.obj                               341      0      0
  LINPHY0_c.obj                                0     60      0
  Vectors_c.obj                                0      0    496
  other                                      256     27     37

*********************************************************************************************
SECTION USE IN OBJECT-ALLOCATION SECTION
---------------------------------------------------------------------------------------------
SECTION: ".text"
  ld_read_by_id_callout main DoZeroOut DoCopyDown _Startup 
  lin_tl_make_slaveres_pdu lin_tl_get_pdu lin_tl_put_pdu lin_tl_handler 
  lin_tl_attach_service lin_lld_ignore_response lin_lld_set_low_power_mode 
  lin_lld_set_response lin_lld_rx_response lin_process_parity lin_checksum 
  lin_diagservice_read_by_identifier lin_diagservice_assign_frame_id_range 
  lin_condittional_change_nad lin_pid_response_callback_handler lin_process_pid 
  lin_update_rx lin_update_tx lin_handle_error lin_bus_activity_timeout 
  lin_update_tx_flags lin_update_rx_diag_frame lin_make_res_diag_frame 
  lin_get_frame_index lin_process_uncd_frame lin_update_word_status_lin21 
  lin_update_err_signal lin_make_res_evnt_frame SCI0_INT TIMchan2_ISR 
  LinPhy_ISR lin_lld_sci_ignore_response lin_lld_sci_set_low_power_mode 
  lin_lld_sci_rx_response lin_lld_sci_tx_response lin_lld_sci_timeout 
  lin_goto_idle_state lin_lld_sci_isr lin_lld_timer_isr PE_low_level_init 
  EI2C1_Init 
SECTION: ".data"
  lin_pFrameBuf lin_flag_handle_tbl lin_configuration_RAM lin_configured_NAD 
  tl_check_timeout tl_service_status pSCI state pid 
SECTION: ".bss"
  lin_response_error_bit_offset 
SECTION: ".init"
  Cpu_Interrupt _EntryPoint 
SECTION: ".rodata"
  lin_virtual_ifc LI0_response_error_signal lin_frame_tbl 
  lin_max_frame_res_timeout_val lin_initial_NAD product_id response_error 
  num_frame_have_esignal lin_response_error_byte_offset 
  lin_diag_services_supported @57 @58 
SECTION: ".common"
  lin_save_configuration_flg lin_frame_flag_tbl lin_frame_updating_flag_tbl 
  tx_single_pdu_data rx_single_pdu_data lin_diag_services_flag tl_slaveresp_cnt 
  tl_current_rx_pdu_ptr tl_current_tx_pdu_ptr buffer_backup_data 
  lin_word_status lin_goto_sleep_flg lin_error_in_response 
  lin_successful_transfer lin_lld_response_buffer tl_check_timeout_type 
  frame_index frame_signal_error cnt_byte ptr current_id response_buffer 
  frame_timeout_cnt res_frame_timeout_cnt idle_timeout_cnt l_status Shadow_P 
  SlaveAddr 
SECTION: "CI2C1_CODE"
  CI2C1_Init 
SECTION: "CI2C1_DATA"
  CI2C1_SerFlag CI2C1_SlaveAddr 
SECTION: ".__absdata_ADC0RBP__"
  ADC0RBP 
SECTION: ".__absdata_ADC0CBP__"
  ADC0CBP 
SECTION: ".__absdata_ECCDPTR__"
  ECCDPTR 
SECTION: ".__absdata_DBGDA__"
  DBGDA 
SECTION: ".__absdata_DBGBA__"
  DBGBA 
SECTION: ".__absdata_DBGAA__"
  DBGAA 
SECTION: ".__absdata_MMCPC__"
  MMCPC 
SECTION: ".__absdata__ADC0CMD__"
  _ADC0CMD 
SECTION: ".__absdata__PARTID__"
  _PARTID 
SECTION: ".__absdata__SPI0DR__"
  _SPI0DR 
SECTION: ".__absdata__SCI1BD__"
  _SCI1BD 
SECTION: ".__absdata__SCI0BD__"
  _SCI0BD 
SECTION: ".__absdata__CPMUIRCTRIM__"
  _CPMUIRCTRIM 
SECTION: ".__absdata__CPMUAPIR__"
  _CPMUAPIR 
SECTION: ".__absdata__ADC0IMDRI__"
  _ADC0IMDRI 
SECTION: ".__absdata__ADC0CONIF__"
  _ADC0CONIF 
SECTION: ".__absdata__ADC0CONIE__"
  _ADC0CONIE 
SECTION: ".__absdata__ADC0CTL__"
  _ADC0CTL 
SECTION: ".__absdata__TIM0TC5__"
  _TIM0TC5 
SECTION: ".__absdata__TIM0TC4__"
  _TIM0TC4 
SECTION: ".__absdata__TIM0TC3__"
  _TIM0TC3 
SECTION: ".__absdata__TIM0TC2__"
  _TIM0TC2 
SECTION: ".__absdata__TIM0TC1__"
  _TIM0TC1 
SECTION: ".__absdata__TIM0TC0__"
  _TIM0TC0 
SECTION: ".__absdata__TIM0TCNT__"
  _TIM0TCNT 
SECTION: ".__absdata__PWMDTY67__"
  _PWMDTY67 
SECTION: ".__absdata__PWMDTY45__"
  _PWMDTY45 
SECTION: ".__absdata__PWMDTY23__"
  _PWMDTY23 
SECTION: ".__absdata__PWMDTY01__"
  _PWMDTY01 
SECTION: ".__absdata__PWMPER67__"
  _PWMPER67 
SECTION: ".__absdata__PWMPER45__"
  _PWMPER45 
SECTION: ".__absdata__PWMPER23__"
  _PWMPER23 
SECTION: ".__absdata__PWMPER01__"
  _PWMPER01 
SECTION: ".__absdata__PWMCNT67__"
  _PWMCNT67 
SECTION: ".__absdata__PWMCNT45__"
  _PWMCNT45 
SECTION: ".__absdata__PWMCNT23__"
  _PWMCNT23 
SECTION: ".__absdata__PWMCNT01__"
  _PWMCNT01 
SECTION: ".__absdata__TIM1TC1__"
  _TIM1TC1 
SECTION: ".__absdata__TIM1TC0__"
  _TIM1TC0 
SECTION: ".__absdata__TIM1TCNT__"
  _TIM1TCNT 
SECTION: ".__absdata__ECCDD__"
  _ECCDD 
SECTION: ".__absdata__FCCOB5__"
  _FCCOB5 
SECTION: ".__absdata__FCCOB4__"
  _FCCOB4 
SECTION: ".__absdata__FCCOB3__"
  _FCCOB3 
SECTION: ".__absdata__FCCOB2__"
  _FCCOB2 
SECTION: ".__absdata__FCCOB1__"
  _FCCOB1 
SECTION: ".__absdata__FCCOB0__"
  _FCCOB0 
SECTION: ".__absdata__DIENAD__"
  _DIENAD 
SECTION: ".__absdata__PIFAD__"
  _PIFAD 
SECTION: ".__absdata__PIEAD__"
  _PIEAD 
SECTION: ".__absdata__PPSAD__"
  _PPSAD 
SECTION: ".__absdata__PERAD__"
  _PERAD 
SECTION: ".__absdata__DDRAD__"
  _DDRAD 
SECTION: ".__absdata__PTIAD__"
  _PTIAD 
SECTION: ".__absdata__PTAD__"
  _PTAD 
SECTION: ".__absdata__MMCCCR__"
  _MMCCCR 
SECTION: ".__absdata__MMCEC__"
  _MMCEC 
SECTION: ".__absdata__IVBR__"
  _IVBR 
SECTION: ".__absdata__LP0IF__"
  _LP0IF 
SECTION: ".__absdata__LP0IE__"
  _LP0IE 
SECTION: ".__absdata__LP0SR__"
  _LP0SR 
SECTION: ".__absdata__LP0SLRM__"
  _LP0SLRM 
SECTION: ".__absdata__LP0CR__"
  _LP0CR 
SECTION: ".__absdata__LP0DR__"
  _LP0DR 
SECTION: ".__absdata__IIC0IBCR2__"
  _IIC0IBCR2 
SECTION: ".__absdata__IIC0IBDR__"
  _IIC0IBDR 
SECTION: ".__absdata__IIC0IBSR__"
  _IIC0IBSR 
SECTION: ".__absdata__IIC0IBCR__"
  _IIC0IBCR 
SECTION: ".__absdata__IIC0IBFD__"
  _IIC0IBFD 
SECTION: ".__absdata__IIC0IBAD__"
  _IIC0IBAD 
SECTION: ".__absdata__SPI0SR__"
  _SPI0SR 
SECTION: ".__absdata__SPI0BR__"
  _SPI0BR 
SECTION: ".__absdata__SPI0CR2__"
  _SPI0CR2 
SECTION: ".__absdata__SPI0CR1__"
  _SPI0CR1 
SECTION: ".__absdata__SCI1DRL__"
  _SCI1DRL 
SECTION: ".__absdata__SCI1DRH__"
  _SCI1DRH 
SECTION: ".__absdata__SCI1SR2__"
  _SCI1SR2 
SECTION: ".__absdata__SCI1SR1__"
  _SCI1SR1 
SECTION: ".__absdata__SCI1CR2__"
  _SCI1CR2 
SECTION: ".__absdata__SCI1ACR2__"
  _SCI1ACR2 
SECTION: ".__absdata__SCI0DRL__"
  _SCI0DRL 
SECTION: ".__absdata__SCI0DRH__"
  _SCI0DRH 
SECTION: ".__absdata__SCI0SR2__"
  _SCI0SR2 
SECTION: ".__absdata__SCI0SR1__"
  _SCI0SR1 
SECTION: ".__absdata__SCI0CR2__"
  _SCI0CR2 
SECTION: ".__absdata__SCI0ACR2__"
  _SCI0ACR2 
SECTION: ".__absdata__BATIF__"
  _BATIF 
SECTION: ".__absdata__BATIE__"
  _BATIE 
SECTION: ".__absdata__BATSR__"
  _BATSR 
SECTION: ".__absdata__BATE__"
  _BATE 
SECTION: ".__absdata__CPMUOSC2__"
  _CPMUOSC2 
SECTION: ".__absdata__CPMUVREGCTL__"
  _CPMUVREGCTL 
SECTION: ".__absdata__CPMUPROT__"
  _CPMUPROT 
SECTION: ".__absdata__CPMUOSC__"
  _CPMUOSC 
SECTION: ".__absdata__CPMUHTTR__"
  _CPMUHTTR 
SECTION: ".__absdata__CPMUACLKTR__"
  _CPMUACLKTR 
SECTION: ".__absdata__CPMUAPICTL__"
  _CPMUAPICTL 
SECTION: ".__absdata__CPMULVCTL__"
  _CPMULVCTL 
SECTION: ".__absdata__CPMUHTCTL__"
  _CPMUHTCTL 
SECTION: ".__absdata__CPMUARMCOP__"
  _CPMUARMCOP 
SECTION: ".__absdata__CPMUCOP__"
  _CPMUCOP 
SECTION: ".__absdata__CPMURTI__"
  _CPMURTI 
SECTION: ".__absdata__CPMUPLL__"
  _CPMUPLL 
SECTION: ".__absdata__CPMUCLKS__"
  _CPMUCLKS 
SECTION: ".__absdata__CPMUINT__"
  _CPMUINT 
SECTION: ".__absdata__CPMUIFLG__"
  _CPMUIFLG 
SECTION: ".__absdata__CPMUPOSTDIV__"
  _CPMUPOSTDIV 
SECTION: ".__absdata__CPMUREFDIV__"
  _CPMUREFDIV 
SECTION: ".__absdata__CPMUSYNR__"
  _CPMUSYNR 
SECTION: ".__absdata__CPMURFLG__"
  _CPMURFLG 
SECTION: ".__absdata__ADC0CROFF1__"
  _ADC0CROFF1 
SECTION: ".__absdata__ADC0CROFF0__"
  _ADC0CROFF0 
SECTION: ".__absdata__ADC0RBP_2__"
  _ADC0RBP_2 
SECTION: ".__absdata__ADC0RBP_1__"
  _ADC0RBP_1 
SECTION: ".__absdata__ADC0RBP_0__"
  _ADC0RBP_0 
SECTION: ".__absdata__ADC0RIDX__"
  _ADC0RIDX 
SECTION: ".__absdata__ADC0CBP_2__"
  _ADC0CBP_2 
SECTION: ".__absdata__ADC0CBP_1__"
  _ADC0CBP_1 
SECTION: ".__absdata__ADC0CBP_0__"
  _ADC0CBP_0 
SECTION: ".__absdata__ADC0CIDX__"
  _ADC0CIDX 
SECTION: ".__absdata__ADC0EOLRI__"
  _ADC0EOLRI 
SECTION: ".__absdata__ADC0IF__"
  _ADC0IF 
SECTION: ".__absdata__ADC0EIF__"
  _ADC0EIF 
SECTION: ".__absdata__ADC0IE__"
  _ADC0IE 
SECTION: ".__absdata__ADC0EIE__"
  _ADC0EIE 
SECTION: ".__absdata__ADC0FLWCTL__"
  _ADC0FLWCTL 
SECTION: ".__absdata__ADC0FMT__"
  _ADC0FMT 
SECTION: ".__absdata__ADC0TIM__"
  _ADC0TIM 
SECTION: ".__absdata__ADC0STS__"
  _ADC0STS 
SECTION: ".__absdata__TIM0PTPSR__"
  _TIM0PTPSR 
SECTION: ".__absdata__TIM0OCPD__"
  _TIM0OCPD 
SECTION: ".__absdata__TIM0TFLG2__"
  _TIM0TFLG2 
SECTION: ".__absdata__TIM0TFLG1__"
  _TIM0TFLG1 
SECTION: ".__absdata__TIM0TSCR2__"
  _TIM0TSCR2 
SECTION: ".__absdata__TIM0TIE__"
  _TIM0TIE 
SECTION: ".__absdata__TIM0TCTL4__"
  _TIM0TCTL4 
SECTION: ".__absdata__TIM0TCTL3__"
  _TIM0TCTL3 
SECTION: ".__absdata__TIM0TCTL2__"
  _TIM0TCTL2 
SECTION: ".__absdata__TIM0TCTL1__"
  _TIM0TCTL1 
SECTION: ".__absdata__TIM0TTOV__"
  _TIM0TTOV 
SECTION: ".__absdata__TIM0TSCR1__"
  _TIM0TSCR1 
SECTION: ".__absdata__TIM0CFORC__"
  _TIM0CFORC 
SECTION: ".__absdata__TIM0TIOS__"
  _TIM0TIOS 
SECTION: ".__absdata__PWMSCLB__"
  _PWMSCLB 
SECTION: ".__absdata__PWMSCLA__"
  _PWMSCLA 
SECTION: ".__absdata__PWMCLKAB__"
  _PWMCLKAB 
SECTION: ".__absdata__PWMCTL__"
  _PWMCTL 
SECTION: ".__absdata__PWMCAE__"
  _PWMCAE 
SECTION: ".__absdata__PWMPRCLK__"
  _PWMPRCLK 
SECTION: ".__absdata__PWMCLK__"
  _PWMCLK 
SECTION: ".__absdata__PWMPOL__"
  _PWMPOL 
SECTION: ".__absdata__PWME__"
  _PWME 
SECTION: ".__absdata__TIM1PTPSR__"
  _TIM1PTPSR 
SECTION: ".__absdata__TIM1OCPD__"
  _TIM1OCPD 
SECTION: ".__absdata__TIM1TFLG2__"
  _TIM1TFLG2 
SECTION: ".__absdata__TIM1TFLG1__"
  _TIM1TFLG1 
SECTION: ".__absdata__TIM1TSCR2__"
  _TIM1TSCR2 
SECTION: ".__absdata__TIM1TIE__"
  _TIM1TIE 
SECTION: ".__absdata__TIM1TCTL4__"
  _TIM1TCTL4 
SECTION: ".__absdata__TIM1TCTL2__"
  _TIM1TCTL2 
SECTION: ".__absdata__TIM1TTOV__"
  _TIM1TTOV 
SECTION: ".__absdata__TIM1TSCR1__"
  _TIM1TSCR1 
SECTION: ".__absdata__TIM1CFORC__"
  _TIM1CFORC 
SECTION: ".__absdata__TIM1TIOS__"
  _TIM1TIOS 
SECTION: ".__absdata__ECCDCMD__"
  _ECCDCMD 
SECTION: ".__absdata__ECCDE__"
  _ECCDE 
SECTION: ".__absdata__ECCDPTRL__"
  _ECCDPTRL 
SECTION: ".__absdata__ECCDPTRM__"
  _ECCDPTRM 
SECTION: ".__absdata__ECCDPTRH__"
  _ECCDPTRH 
SECTION: ".__absdata__ECCIF__"
  _ECCIF 
SECTION: ".__absdata__ECCIE__"
  _ECCIE 
SECTION: ".__absdata__ECCSTAT__"
  _ECCSTAT 
SECTION: ".__absdata__FOPT__"
  _FOPT 
SECTION: ".__absdata__DFPROT__"
  _DFPROT 
SECTION: ".__absdata__FPROT__"
  _FPROT 
SECTION: ".__absdata__FERSTAT__"
  _FERSTAT 
SECTION: ".__absdata__FSTAT__"
  _FSTAT 
SECTION: ".__absdata__FERCNFG__"
  _FERCNFG 
SECTION: ".__absdata__FCNFG__"
  _FCNFG 
SECTION: ".__absdata__FPSTAT__"
  _FPSTAT 
SECTION: ".__absdata__FCCOBIX__"
  _FCCOBIX 
SECTION: ".__absdata__FSEC__"
  _FSEC 
SECTION: ".__absdata__FCLKDIV__"
  _FCLKDIV 
SECTION: ".__absdata__PIRL__"
  _PIRL 
SECTION: ".__absdata__PTAL__"
  _PTAL 
SECTION: ".__absdata__DIENL__"
  _DIENL 
SECTION: ".__absdata__PIFL__"
  _PIFL 
SECTION: ".__absdata__PIEL__"
  _PIEL 
SECTION: ".__absdata__PPSL__"
  _PPSL 
SECTION: ".__absdata__PTIL__"
  _PTIL 
SECTION: ".__absdata__WOMJ__"
  _WOMJ 
SECTION: ".__absdata__PPSJ__"
  _PPSJ 
SECTION: ".__absdata__PERJ__"
  _PERJ 
SECTION: ".__absdata__DDRJ__"
  _DDRJ 
SECTION: ".__absdata__PTIJ__"
  _PTIJ 
SECTION: ".__absdata__PTJ__"
  _PTJ 
SECTION: ".__absdata__RDRP__"
  _RDRP 
SECTION: ".__absdata__OCIFP__"
  _OCIFP 
SECTION: ".__absdata__OCIEP__"
  _OCIEP 
SECTION: ".__absdata__OCPEP__"
  _OCPEP 
SECTION: ".__absdata__PIFP__"
  _PIFP 
SECTION: ".__absdata__PIEP__"
  _PIEP 
SECTION: ".__absdata__PPSP__"
  _PPSP 
SECTION: ".__absdata__PERP__"
  _PERP 
SECTION: ".__absdata__DDRP__"
  _DDRP 
SECTION: ".__absdata__PTIP__"
  _PTIP 
SECTION: ".__absdata__PTP__"
  _PTP 
SECTION: ".__absdata__WOMS__"
  _WOMS 
SECTION: ".__absdata__PIFS__"
  _PIFS 
SECTION: ".__absdata__PIES__"
  _PIES 
SECTION: ".__absdata__PPSS__"
  _PPSS 
SECTION: ".__absdata__PERS__"
  _PERS 
SECTION: ".__absdata__DDRS__"
  _DDRS 
SECTION: ".__absdata__PTIS__"
  _PTIS 
SECTION: ".__absdata__PTS__"
  _PTS 
SECTION: ".__absdata__PPST__"
  _PPST 
SECTION: ".__absdata__PERT__"
  _PERT 
SECTION: ".__absdata__DDRT__"
  _DDRT 
SECTION: ".__absdata__PTIT__"
  _PTIT 
SECTION: ".__absdata__PTT__"
  _PTT 
SECTION: ".__absdata__PPSE__"
  _PPSE 
SECTION: ".__absdata__PERE__"
  _PERE 
SECTION: ".__absdata__DDRE__"
  _DDRE 
SECTION: ".__absdata__PTIE__"
  _PTIE 
SECTION: ".__absdata__PTE__"
  _PTE 
SECTION: ".__absdata__IRQCR__"
  _IRQCR 
SECTION: ".__absdata__ECLKCTL__"
  _ECLKCTL 
SECTION: ".__absdata__MODRR4__"
  _MODRR4 
SECTION: ".__absdata__MODRR3__"
  _MODRR3 
SECTION: ".__absdata__MODRR2__"
  _MODRR2 
SECTION: ".__absdata__MODRR1__"
  _MODRR1 
SECTION: ".__absdata__MODRR0__"
  _MODRR0 
SECTION: ".__absdata__DBGDAL__"
  _DBGDAL 
SECTION: ".__absdata__DBGDAM__"
  _DBGDAM 
SECTION: ".__absdata__DBGDAH__"
  _DBGDAH 
SECTION: ".__absdata__DBGDCTL__"
  _DBGDCTL 
SECTION: ".__absdata__DBGBAL__"
  _DBGBAL 
SECTION: ".__absdata__DBGBAM__"
  _DBGBAM 
SECTION: ".__absdata__DBGBAH__"
  _DBGBAH 
SECTION: ".__absdata__DBGBCTL__"
  _DBGBCTL 
SECTION: ".__absdata__DBGADM3__"
  _DBGADM3 
SECTION: ".__absdata__DBGADM2__"
  _DBGADM2 
SECTION: ".__absdata__DBGADM1__"
  _DBGADM1 
SECTION: ".__absdata__DBGADM0__"
  _DBGADM0 
SECTION: ".__absdata__DBGAD3__"
  _DBGAD3 
SECTION: ".__absdata__DBGAD2__"
  _DBGAD2 
SECTION: ".__absdata__DBGAD1__"
  _DBGAD1 
SECTION: ".__absdata__DBGAD0__"
  _DBGAD0 
SECTION: ".__absdata__DBGAAL__"
  _DBGAAL 
SECTION: ".__absdata__DBGAAM__"
  _DBGAAM 
SECTION: ".__absdata__DBGAAH__"
  _DBGAAH 
SECTION: ".__absdata__DBGACTL__"
  _DBGACTL 
SECTION: ".__absdata__DBGSR__"
  _DBGSR 
SECTION: ".__absdata__DBGEFR__"
  _DBGEFR 
SECTION: ".__absdata__DBGSCR3__"
  _DBGSCR3 
SECTION: ".__absdata__DBGSCR2__"
  _DBGSCR2 
[...]
  .dwarf_aranges._PWMPER01 .dwarf_aranges._PWMCNT67 .dwarf_aranges._PWMCNT45 
  .dwarf_aranges._PWMCNT23 .dwarf_aranges._PWMCNT01 .dwarf_aranges._TIM1TC1 
  .dwarf_aranges._TIM1TC0 .dwarf_aranges._TIM1TCNT .dwarf_aranges._ECCDD 
  .dwarf_aranges._FCCOB5 .dwarf_aranges._FCCOB4 .dwarf_aranges._FCCOB3 
  .dwarf_aranges._FCCOB2 .dwarf_aranges._FCCOB1 .dwarf_aranges._FCCOB0 
  .dwarf_aranges._DIENAD .dwarf_aranges._PIFAD .dwarf_aranges._PIEAD 
  .dwarf_aranges._PPSAD .dwarf_aranges._PERAD .dwarf_aranges._DDRAD 
  .dwarf_aranges._PTIAD .dwarf_aranges._PTAD .dwarf_aranges._MMCCCR 
  .dwarf_aranges._MMCEC .dwarf_aranges._IVBR .dwarf_aranges._LP0IF 
  .dwarf_aranges._LP0IE .dwarf_aranges._LP0SR .dwarf_aranges._LP0SLRM 
  .dwarf_aranges._LP0CR .dwarf_aranges._LP0DR .dwarf_aranges._IIC0IBCR2 
  .dwarf_aranges._IIC0IBDR .dwarf_aranges._IIC0IBSR .dwarf_aranges._IIC0IBCR 
  .dwarf_aranges._IIC0IBFD .dwarf_aranges._IIC0IBAD .dwarf_aranges._SPI0SR 
  .dwarf_aranges._SPI0BR .dwarf_aranges._SPI0CR2 .dwarf_aranges._SPI0CR1 
  .dwarf_aranges._SCI1DRL .dwarf_aranges._SCI1DRH .dwarf_aranges._SCI1SR2 
  .dwarf_aranges._SCI1SR1 .dwarf_aranges._SCI1CR2 .dwarf_aranges._SCI1ACR2 
  .dwarf_aranges._SCI0DRL .dwarf_aranges._SCI0DRH .dwarf_aranges._SCI0SR2 
  .dwarf_aranges._SCI0SR1 .dwarf_aranges._SCI0CR2 .dwarf_aranges._SCI0ACR2 
  .dwarf_aranges._BATIF .dwarf_aranges._BATIE .dwarf_aranges._BATSR 
  .dwarf_aranges._BATE .dwarf_aranges._CPMUOSC2 .dwarf_aranges._CPMUVREGCTL 
  .dwarf_aranges._CPMUPROT .dwarf_aranges._CPMUOSC .dwarf_aranges._CPMUHTTR 
  .dwarf_aranges._CPMUACLKTR .dwarf_aranges._CPMUAPICTL 
  .dwarf_aranges._CPMULVCTL .dwarf_aranges._CPMUHTCTL 
  .dwarf_aranges._CPMUARMCOP .dwarf_aranges._CPMUCOP .dwarf_aranges._CPMURTI 
  .dwarf_aranges._CPMUPLL .dwarf_aranges._CPMUCLKS .dwarf_aranges._CPMUINT 
  .dwarf_aranges._CPMUIFLG .dwarf_aranges._CPMUPOSTDIV 
  .dwarf_aranges._CPMUREFDIV .dwarf_aranges._CPMUSYNR .dwarf_aranges._CPMURFLG 
  .dwarf_aranges._ADC0CROFF1 .dwarf_aranges._ADC0CROFF0 
  .dwarf_aranges._ADC0RBP_2 .dwarf_aranges._ADC0RBP_1 .dwarf_aranges._ADC0RBP_0 
  .dwarf_aranges._ADC0RIDX .dwarf_aranges._ADC0CBP_2 .dwarf_aranges._ADC0CBP_1 
  .dwarf_aranges._ADC0CBP_0 .dwarf_aranges._ADC0CIDX .dwarf_aranges._ADC0EOLRI 
  .dwarf_aranges._ADC0IF .dwarf_aranges._ADC0EIF .dwarf_aranges._ADC0IE 
  .dwarf_aranges._ADC0EIE .dwarf_aranges._ADC0FLWCTL .dwarf_aranges._ADC0FMT 
  .dwarf_aranges._ADC0TIM .dwarf_aranges._ADC0STS .dwarf_aranges._TIM0PTPSR 
  .dwarf_aranges._TIM0OCPD .dwarf_aranges._TIM0TFLG2 .dwarf_aranges._TIM0TFLG1 
  .dwarf_aranges._TIM0TSCR2 .dwarf_aranges._TIM0TIE .dwarf_aranges._TIM0TCTL4 
  .dwarf_aranges._TIM0TCTL3 .dwarf_aranges._TIM0TCTL2 .dwarf_aranges._TIM0TCTL1 
  .dwarf_aranges._TIM0TTOV .dwarf_aranges._TIM0TSCR1 .dwarf_aranges._TIM0CFORC 
  .dwarf_aranges._TIM0TIOS .dwarf_aranges._PWMSCLB .dwarf_aranges._PWMSCLA 
  .dwarf_aranges._PWMCLKAB .dwarf_aranges._PWMCTL .dwarf_aranges._PWMCAE 
  .dwarf_aranges._PWMPRCLK .dwarf_aranges._PWMCLK .dwarf_aranges._PWMPOL 
  .dwarf_aranges._PWME .dwarf_aranges._TIM1PTPSR .dwarf_aranges._TIM1OCPD 
  .dwarf_aranges._TIM1TFLG2 .dwarf_aranges._TIM1TFLG1 .dwarf_aranges._TIM1TSCR2 
  .dwarf_aranges._TIM1TIE .dwarf_aranges._TIM1TCTL4 .dwarf_aranges._TIM1TCTL2 
  .dwarf_aranges._TIM1TTOV .dwarf_aranges._TIM1TSCR1 .dwarf_aranges._TIM1CFORC 
  .dwarf_aranges._TIM1TIOS .dwarf_aranges._ECCDCMD .dwarf_aranges._ECCDE 
  .dwarf_aranges._ECCDPTRL .dwarf_aranges._ECCDPTRM .dwarf_aranges._ECCDPTRH 
  .dwarf_aranges._ECCIF .dwarf_aranges._ECCIE .dwarf_aranges._ECCSTAT 
  .dwarf_aranges._FOPT .dwarf_aranges._DFPROT .dwarf_aranges._FPROT 
  .dwarf_aranges._FERSTAT .dwarf_aranges._FSTAT .dwarf_aranges._FERCNFG 
  .dwarf_aranges._FCNFG .dwarf_aranges._FPSTAT .dwarf_aranges._FCCOBIX 
  .dwarf_aranges._FSEC .dwarf_aranges._FCLKDIV .dwarf_aranges._PIRL 
  .dwarf_aranges._PTAL .dwarf_aranges._DIENL .dwarf_aranges._PIFL 
  .dwarf_aranges._PIEL .dwarf_aranges._PPSL .dwarf_aranges._PTIL 
  .dwarf_aranges._WOMJ .dwarf_aranges._PPSJ .dwarf_aranges._PERJ 
  .dwarf_aranges._DDRJ .dwarf_aranges._PTIJ .dwarf_aranges._PTJ 
  .dwarf_aranges._RDRP .dwarf_aranges._OCIFP .dwarf_aranges._OCIEP 
  .dwarf_aranges._OCPEP .dwarf_aranges._PIFP .dwarf_aranges._PIEP 
  .dwarf_aranges._PPSP .dwarf_aranges._PERP .dwarf_aranges._DDRP 
  .dwarf_aranges._PTIP .dwarf_aranges._PTP .dwarf_aranges._WOMS 
  .dwarf_aranges._PIFS .dwarf_aranges._PIES .dwarf_aranges._PPSS 
  .dwarf_aranges._PERS .dwarf_aranges._DDRS .dwarf_aranges._PTIS 
  .dwarf_aranges._PTS .dwarf_aranges._PPST .dwarf_aranges._PERT 
  .dwarf_aranges._DDRT .dwarf_aranges._PTIT .dwarf_aranges._PTT 
  .dwarf_aranges._PPSE .dwarf_aranges._PERE .dwarf_aranges._DDRE 
  .dwarf_aranges._PTIE .dwarf_aranges._PTE .dwarf_aranges._IRQCR 
  .dwarf_aranges._ECLKCTL .dwarf_aranges._MODRR4 .dwarf_aranges._MODRR3 
  .dwarf_aranges._MODRR2 .dwarf_aranges._MODRR1 .dwarf_aranges._MODRR0 
  .dwarf_aranges._DBGDAL .dwarf_aranges._DBGDAM .dwarf_aranges._DBGDAH 
  .dwarf_aranges._DBGDCTL .dwarf_aranges._DBGBAL .dwarf_aranges._DBGBAM 
  .dwarf_aranges._DBGBAH .dwarf_aranges._DBGBCTL .dwarf_aranges._DBGADM3 
  .dwarf_aranges._DBGADM2 .dwarf_aranges._DBGADM1 .dwarf_aranges._DBGADM0 
  .dwarf_aranges._DBGAD3 .dwarf_aranges._DBGAD2 .dwarf_aranges._DBGAD1 
  .dwarf_aranges._DBGAD0 .dwarf_aranges._DBGAAL .dwarf_aranges._DBGAAM 
  .dwarf_aranges._DBGAAH .dwarf_aranges._DBGACTL .dwarf_aranges._DBGSR 
  .dwarf_aranges._DBGEFR .dwarf_aranges._DBGSCR3 .dwarf_aranges._DBGSCR2 
  .dwarf_aranges._DBGSCR1 .dwarf_aranges._DBGC2 .dwarf_aranges._DBGC1 
  .dwarf_aranges._MMCPCL .dwarf_aranges._MMCPCM .dwarf_aranges._MMCPCH 
  .dwarf_aranges._MODE .dwarf_aranges._INT_CFDATA7 .dwarf_aranges._INT_CFDATA6 
  .dwarf_aranges._INT_CFDATA5 .dwarf_aranges._INT_CFDATA4 
  .dwarf_aranges._INT_CFDATA3 .dwarf_aranges._INT_CFDATA2 
  .dwarf_aranges._INT_CFDATA1 .dwarf_aranges._INT_CFDATA0 
  .dwarf_aranges._INT_CFADDR 
LINPHY0_c.obj:
  .dwarf_type.void .dwarf.LINPHY0_Init .dwarf_line.LINPHY0_Init 
  .dwarf_frame.LINPHY0_Init .dwarf_pubnames.LINPHY0_Init 
  .dwarf_aranges.LINPHY0_Init 
Vectors_c.obj:
  .dwarf._InterruptVectorTable .dwarf._ResetVectorTable .dwarf_type.25 
  .dwarf_type.26 .dwarf_typedef.InterruptTableEntry .dwarf_type.unsigned char 
  .dwarf_type.27 .dwarf_type.28 .dwarf_type.void .dwarf_type.29 
  .dwarf_pubnames._InterruptVectorTable .dwarf_pubnames._ResetVectorTable 
  .dwarf_aranges._InterruptVectorTable .dwarf_aranges._ResetVectorTable 

*********************************************************************************************
COPYDOWN SECTION
---------------------------------------------------------------------------------------------
------- ROM-ADDRESS: 0xFFD6ED ---- SIZE       7 ---
Filling bytes inserted
 0000001A00 1008
------- ROM-ADDRESS: 0xFFD6F4 ---- RAM-ADDRESS: 0x1008 ---- SIZE       1 ---
Name of initialized Object : lin_pFrameBuf:8
 FE
------- ROM-ADDRESS: 0xFFD6F5 ---- SIZE       2 ---
Filling bytes inserted
 0000
------- ROM-ADDRESS: 0xFFD6F7 ---- RAM-ADDRESS: 0x100B ---- SIZE       5 ---
Name of initialized Object : lin_flag_handle_tbl
 FFFFFFFFFF
------- ROM-ADDRESS: 0xFFD6FC ---- SIZE       1 ---
Filling bytes inserted
 00
------- ROM-ADDRESS: 0xFFD6FD ---- RAM-ADDRESS: 0x1011 ---- SIZE       8 ---
Name of initialized Object : lin_configuration_RAM:1
 050A121416 3C3DFF
------- ROM-ADDRESS: 0xFFD705 ---- RAM-ADDRESS: 0x1019 ---- SIZE       1 ---
Name of initialized Object : lin_configured_NAD
 05
------- ROM-ADDRESS: 0xFFD706 ---- RAM-ADDRESS: 0x101A ---- SIZE       2 ---
Name of initialized Object : tl_check_timeout
 07D0
------- ROM-ADDRESS: 0xFFD708 ---- RAM-ADDRESS: 0x101C ---- SIZE       1 ---
Name of initialized Object : tl_service_status
 02
------- ROM-ADDRESS: 0xFFD709 ---- SIZE       1 ---
Filling bytes inserted
 00
------- ROM-ADDRESS: 0xFFD70A ---- RAM-ADDRESS: 0x101E ---- SIZE       1 ---
Name of initialized Object : pSCI:1
 07
------- ROM-ADDRESS: 0xFFD70B ---- SIZE       1 ---
Filling bytes inserted
 00
------- ROM-ADDRESS: 0xFFD70C ---- RAM-ADDRESS: 0x1020 ---- SIZE       1 ---
Name of initialized Object : state
 FF
------- ROM-ADDRESS: 0xFFD70D ---- RAM-ADDRESS: 0x1021 ---- SIZE       1 ---
Name of initialized Object : pid
 80
------- ROM-ADDRESS: 0xFFD70E ---- SIZE       4 ---
Filling bytes inserted
 00000000

*********************************************************************************************
OBJECT-DEPENDENCIES SECTION
---------------------------------------------------------------------------------------------
_EntryPoint               USES _Startup 
lin_frame_tbl             USES LI0_response_error_signal 
main                      USES PE_low_level_init 
DoZeroOut                 USES _startupData 
DoCopyDown                USES _startupData 
_Startup                  USES __SEG_END_SSTACK DoZeroOut DoCopyDown main 
lin_tl_make_slaveres_pdu  USES lin_configured_NAD tl_current_rx_pdu_ptr 
                                lin_initial_NAD product_id @57 ld_read_by_id_callout 
                                tx_single_pdu_data tl_current_tx_pdu_ptr tl_check_timeout 
                                tl_check_timeout_type tl_slaveresp_cnt 
lin_tl_get_pdu            USES lin_lld_response_buffer tl_current_tx_pdu_ptr 
lin_tl_put_pdu            USES rx_single_pdu_data tl_current_rx_pdu_ptr 
                                lin_lld_response_buffer 
lin_tl_handler            USES tl_current_rx_pdu_ptr lin_configured_NAD 
                                lin_initial_NAD tl_slaveresp_cnt tl_service_status 
                                lin_tl_attach_service 
lin_tl_attach_service     USES tl_current_rx_pdu_ptr 
                                lin_diag_services_supported lin_diag_services_flag 
                                lin_condittional_change_nad lin_initial_NAD product_id 
                                lin_tl_make_slaveres_pdu lin_save_configuration_flg 
                                lin_diagservice_assign_frame_id_range lin_diagservice_read_by_identifier 
lin_lld_ignore_response   USES lin_virtual_ifc lin_lld_sci_ignore_response 
lin_lld_set_low_power_mode USES lin_virtual_ifc lin_lld_sci_set_low_power_mode 
lin_lld_set_response      USES lin_lld_response_buffer lin_virtual_ifc 
                                lin_lld_sci_tx_response 
lin_lld_rx_response       USES lin_virtual_ifc lin_lld_sci_rx_response 
lin_diagservice_read_by_identifier USES tl_current_rx_pdu_ptr product_id 
                                tl_slaveresp_cnt lin_tl_make_slaveres_pdu @58 
                                ld_read_by_id_callout 
lin_diagservice_assign_frame_id_range USES tl_current_rx_pdu_ptr 
                                lin_tl_make_slaveres_pdu lin_configuration_RAM lin_process_parity 
lin_condittional_change_nad USES tl_current_rx_pdu_ptr product_id 
                                lin_tl_make_slaveres_pdu lin_configured_NAD 
lin_pid_response_callback_handler USES lin_process_pid lin_update_tx 
                                lin_update_rx lin_bus_activity_timeout lin_handle_error 
lin_process_pid           USES lin_get_frame_index frame_index lin_frame_tbl 
                                lin_flag_handle_tbl lin_configuration_RAM lin_make_res_evnt_frame 
                                lin_process_uncd_frame tl_slaveresp_cnt tl_service_status 
                                lin_make_res_diag_frame lin_lld_set_response lin_lld_rx_response 
                                lin_lld_ignore_response 
lin_update_rx             USES lin_frame_tbl frame_index 
                                lin_successful_transfer lin_process_uncd_frame 
                                lin_update_rx_diag_frame lin_frame_flag_tbl lin_flag_handle_tbl 
                                lin_update_word_status_lin21 
lin_update_tx             USES lin_successful_transfer frame_signal_error 
                                lin_error_in_response lin_get_frame_index frame_index 
                                lin_update_tx_flags lin_frame_flag_tbl lin_update_err_signal 
                                lin_update_word_status_lin21 tl_slaveresp_cnt tl_check_timeout_type 
                                tl_check_timeout 
lin_handle_error          USES lin_get_frame_index frame_index lin_frame_tbl 
                                lin_error_in_response tl_slaveresp_cnt lin_update_err_signal 
                                lin_update_word_status_lin21 
lin_bus_activity_timeout  USES lin_update_word_status_lin21 
                                lin_lld_set_low_power_mode 
lin_update_tx_flags       USES lin_frame_tbl frame_index lin_flag_handle_tbl 
lin_update_rx_diag_frame  USES lin_lld_response_buffer lin_goto_sleep_flg 
                                lin_lld_set_low_power_mode lin_tl_put_pdu lin_tl_handler 
lin_make_res_diag_frame   USES lin_tl_get_pdu 
lin_get_frame_index       USES lin_configuration_RAM 
lin_process_uncd_frame    USES lin_frame_tbl frame_index 
                                lin_lld_response_buffer response_error frame_signal_error 
                                lin_frame_updating_flag_tbl buffer_backup_data lin_pFrameBuf 
lin_update_word_status_lin21 USES lin_word_status lin_error_in_response 
                                lin_successful_transfer lin_save_configuration_flg lin_goto_sleep_flg 
lin_update_err_signal     USES lin_frame_tbl lin_response_error_byte_offset 
                                lin_response_error_bit_offset lin_pFrameBuf lin_error_in_response 
                                num_frame_have_esignal 
lin_make_res_evnt_frame   USES lin_process_uncd_frame lin_lld_response_buffer 
                                lin_process_parity 
SCI0_INT                  USES lin_lld_sci_isr 
TIMchan2_ISR              USES lin_lld_timer_isr 
lin_lld_sci_ignore_response USES lin_goto_idle_state 
lin_lld_sci_set_low_power_mode USES state 
lin_lld_sci_rx_response   USES response_buffer cnt_byte ptr state 
lin_lld_sci_tx_response   USES pid response_buffer lin_checksum cnt_byte pSCI 
                                state 
lin_lld_sci_timeout       USES tl_check_timeout_type tl_check_timeout 
                                tl_service_status state res_frame_timeout_cnt cnt_byte l_status 
                                current_id lin_pid_response_callback_handler 
                                lin_goto_idle_state idle_timeout_cnt frame_timeout_cnt 
lin_goto_idle_state       USES l_status idle_timeout_cnt state 
lin_lld_sci_isr           USES pSCI idle_timeout_cnt l_status 
                                lin_max_frame_res_timeout_val frame_timeout_cnt state current_id 
                                lin_pid_response_callback_handler cnt_byte response_buffer ptr pid lin_checksum 
                                lin_process_parity res_frame_timeout_cnt 
lin_lld_timer_isr         USES lin_lld_sci_timeout 
PE_low_level_init         USES CI2C1_Init EI2C1_Init Shadow_P LINPHY0_Init 
EI2C1_Init                USES SlaveAddr 
CI2C1_Init                USES CI2C1_SerFlag CI2C1_SlaveAddr 
_InterruptVectorTable     USES Cpu_Interrupt LinPhy_ISR SCI0_INT TIMchan2_ISR 
_ResetVectorTable         USES _EntryPoint 

*********************************************************************************************
DEPENDENCY TREE
*********************************************************************************************
 main and _Startup Group
 | 
 +- main                
 |  | 
 |  +- PE_low_level_init   
 |     | 
 |     +- CI2C1_Init          
 |     |    
 |     +- EI2C1_Init          
 |     |    
 |     +- LINPHY0_Init        
 |          
 +- _EntryPoint         
    | 
    +- _Startup            
       | 
       +- DoZeroOut           
       |    
       +- DoCopyDown          
       |    
       +- main                 (see above)
          
 _InterruptVectorTable
 | 
 +- Cpu_Interrupt       
 |    
 +- LinPhy_ISR          
 |    
 +- SCI0_INT            
 |  | 
 |  +- lin_lld_sci_isr     
 |     | 
 |     +- lin_pid_response_callback_handler
 |     |  | 
 |     |  +- lin_process_pid     
 |     |  |  | 
 |     |  |  +- lin_get_frame_index 
 |     |  |  |    
 |     |  |  +- lin_make_res_evnt_frame
 |     |  |  |  | 
 |     |  |  |  +- lin_process_uncd_frame
 |     |  |  |  |    
 |     |  |  |  +- lin_process_parity  
 |     |  |  |       
 |     |  |  +- lin_process_uncd_frame (see above)
 |     |  |  |  
 |     |  |  +- lin_make_res_diag_frame
 |     |  |  |  | 
 |     |  |  |  +- lin_tl_get_pdu      
 |     |  |  |       
 |     |  |  +- lin_lld_set_response
 |     |  |  |  | 
 |     |  |  |  +- lin_lld_sci_tx_response
 |     |  |  |     | 
 |     |  |  |     +- lin_checksum        
 |     |  |  |          
 |     |  |  +- lin_lld_rx_response 
 |     |  |  |  | 
 |     |  |  |  +- lin_lld_sci_rx_response
 |     |  |  |       
 |     |  |  +- lin_lld_ignore_response
 |     |  |     | 
 |     |  |     +- lin_lld_sci_ignore_response
 |     |  |        | 
 |     |  |        +- lin_goto_idle_state 
 |     |  |             
 |     |  +- lin_update_tx       
 |     |  |  | 
 |     |  |  +- lin_get_frame_index  (see above)
 |     |  |  |  
 |     |  |  +- lin_update_tx_flags 
 |     |  |  |    
 |     |  |  +- lin_update_err_signal
 |     |  |  |    
 |     |  |  +- lin_update_word_status_lin21
 |     |  |       
 |     |  +- lin_update_rx       
 |     |  |  | 
 |     |  |  +- lin_process_uncd_frame (see above)
 |     |  |  |  
 |     |  |  +- lin_update_rx_diag_frame
 |     |  |  |  | 
 |     |  |  |  +- lin_lld_set_low_power_mode
 |     |  |  |  |  | 
 |     |  |  |  |  +- lin_lld_sci_set_low_power_mode
 |     |  |  |  |       
 |     |  |  |  +- lin_tl_put_pdu      
 |     |  |  |  |    
 |     |  |  |  +- lin_tl_handler      
 |     |  |  |     | 
 |     |  |  |     +- lin_tl_attach_service
 |     |  |  |        | 
 |     |  |  |        +- lin_condittional_change_nad
 |     |  |  |        |  | 
 |     |  |  |        |  +- lin_tl_make_slaveres_pdu
 |     |  |  |        |     | 
 |     |  |  |        |     +- ld_read_by_id_callout
 |     |  |  |        |          
 |     |  |  |        +- lin_tl_make_slaveres_pdu (see above)
 |     |  |  |        |  
 |     |  |  |        +- lin_diagservice_assign_frame_id_range
 |     |  |  |        |  | 
 |     |  |  |        |  +- lin_tl_make_slaveres_pdu (see above)
 |     |  |  |        |  |  
 |     |  |  |        |  +- lin_process_parity   (see above)
 |     |  |  |        |     
 |     |  |  |        +- lin_diagservice_read_by_identifier
 |     |  |  |           | 
 |     |  |  |           +- lin_tl_make_slaveres_pdu (see above)
 |     |  |  |           |  
 |     |  |  |           +- ld_read_by_id_callout (see above)
 |     |  |  |              
 |     |  |  +- lin_update_word_status_lin21 (see above)
 |     |  |     
 |     |  +- lin_bus_activity_timeout
 |     |  |  | 
 |     |  |  +- lin_update_word_status_lin21 (see above)
 |     |  |  |  
 |     |  |  +- lin_lld_set_low_power_mode (see above)
 |     |  |     
 |     |  +- lin_handle_error    
 |     |     | 
 |     |     +- lin_get_frame_index  (see above)
 |     |     |  
 |     |     +- lin_update_err_signal (see above)
 |     |     |  
 |     |     +- lin_update_word_status_lin21 (see above)
 |     |        
 |     +- lin_checksum         (see above)
 |     |  
 |     +- lin_process_parity   (see above)
 |        
 +- TIMchan2_ISR        
    | 
    +- lin_lld_timer_isr   
       | 
       +- lin_lld_sci_timeout 
          | 
          +- lin_pid_response_callback_handler (see above)
          |  
          +- lin_goto_idle_state  (see above)
             
 _ResetVectorTable   
 | 
 +- _EntryPoint          (see above)
    
*********************************************************************************************
STATISTIC SECTION
---------------------------------------------------------------------------------------------

ExeFile:
--------
Number of blocks to be downloaded: 5
Total size of all blocks to be downloaded: 6402

